******************************************************************************
                  MSP430 Linker PC v16.9.6                     
******************************************************************************
>> Linked Wed Jan 16 23:14:21 2019

OUTPUT FILE NAME:   <ASCII-Keyboard.out>
ENTRY POINT SYMBOL: "_c_int00_noargs_noexit"  address: 000045a2


MEMORY CONFIGURATION

         name            origin    length      used     unused   attr    fill
----------------------  --------  ---------  --------  --------  ----  --------
  SFR                   00000000   00000010  00000000  00000010  RWIX
  PERIPHERALS_8BIT      00000010   000000f0  00000000  000000f0  RWIX
  PERIPHERALS_16BIT     00000100   00000100  00000000  00000100  RWIX
  INFOD                 00001800   00000080  00000000  00000080  RWIX
  INFOC                 00001880   00000080  00000000  00000080  RWIX
  INFOB                 00001900   00000080  00000000  00000080  RWIX
  INFOA                 00001980   00000080  00000000  00000080  RWIX
  USBRAM                00001c00   00000800  00000000  00000800  RWIX
  RAM                   00002400   00002000  0000013e  00001ec2  RWIX
  FLASH                 00004400   0000bb80  000004a3  0000b6dd  RWIX
  INT00                 0000ff80   00000002  00000000  00000002  RWIX
  INT01                 0000ff82   00000002  00000000  00000002  RWIX
  INT02                 0000ff84   00000002  00000000  00000002  RWIX
  INT03                 0000ff86   00000002  00000000  00000002  RWIX
  INT04                 0000ff88   00000002  00000000  00000002  RWIX
  INT05                 0000ff8a   00000002  00000000  00000002  RWIX
  INT06                 0000ff8c   00000002  00000000  00000002  RWIX
  INT07                 0000ff8e   00000002  00000000  00000002  RWIX
  INT08                 0000ff90   00000002  00000000  00000002  RWIX
  INT09                 0000ff92   00000002  00000000  00000002  RWIX
  INT10                 0000ff94   00000002  00000000  00000002  RWIX
  INT11                 0000ff96   00000002  00000000  00000002  RWIX
  INT12                 0000ff98   00000002  00000000  00000002  RWIX
  INT13                 0000ff9a   00000002  00000000  00000002  RWIX
  INT14                 0000ff9c   00000002  00000000  00000002  RWIX
  INT15                 0000ff9e   00000002  00000000  00000002  RWIX
  INT16                 0000ffa0   00000002  00000000  00000002  RWIX
  INT17                 0000ffa2   00000002  00000000  00000002  RWIX
  INT18                 0000ffa4   00000002  00000000  00000002  RWIX
  INT19                 0000ffa6   00000002  00000000  00000002  RWIX
  INT20                 0000ffa8   00000002  00000000  00000002  RWIX
  INT21                 0000ffaa   00000002  00000000  00000002  RWIX
  INT22                 0000ffac   00000002  00000000  00000002  RWIX
  INT23                 0000ffae   00000002  00000000  00000002  RWIX
  INT24                 0000ffb0   00000002  00000000  00000002  RWIX
  INT25                 0000ffb2   00000002  00000000  00000002  RWIX
  INT26                 0000ffb4   00000002  00000000  00000002  RWIX
  INT27                 0000ffb6   00000002  00000000  00000002  RWIX
  INT28                 0000ffb8   00000002  00000000  00000002  RWIX
  INT29                 0000ffba   00000002  00000000  00000002  RWIX
  INT30                 0000ffbc   00000002  00000000  00000002  RWIX
  INT31                 0000ffbe   00000002  00000000  00000002  RWIX
  INT32                 0000ffc0   00000002  00000000  00000002  RWIX
  INT33                 0000ffc2   00000002  00000000  00000002  RWIX
  INT34                 0000ffc4   00000002  00000000  00000002  RWIX
  INT35                 0000ffc6   00000002  00000000  00000002  RWIX
  INT36                 0000ffc8   00000002  00000000  00000002  RWIX
  INT37                 0000ffca   00000002  00000000  00000002  RWIX
  INT38                 0000ffcc   00000002  00000000  00000002  RWIX
  INT39                 0000ffce   00000002  00000000  00000002  RWIX
  INT40                 0000ffd0   00000002  00000000  00000002  RWIX
  INT41                 0000ffd2   00000002  00000002  00000000  RWIX
  INT42                 0000ffd4   00000002  00000002  00000000  RWIX
  INT43                 0000ffd6   00000002  00000002  00000000  RWIX
  INT44                 0000ffd8   00000002  00000002  00000000  RWIX
  INT45                 0000ffda   00000002  00000002  00000000  RWIX
  INT46                 0000ffdc   00000002  00000002  00000000  RWIX
  INT47                 0000ffde   00000002  00000002  00000000  RWIX
  INT48                 0000ffe0   00000002  00000002  00000000  RWIX
  INT49                 0000ffe2   00000002  00000002  00000000  RWIX
  INT50                 0000ffe4   00000002  00000002  00000000  RWIX
  INT51                 0000ffe6   00000002  00000002  00000000  RWIX
  INT52                 0000ffe8   00000002  00000002  00000000  RWIX
  INT53                 0000ffea   00000002  00000002  00000000  RWIX
  INT54                 0000ffec   00000002  00000002  00000000  RWIX
  INT55                 0000ffee   00000002  00000002  00000000  RWIX
  INT56                 0000fff0   00000002  00000002  00000000  RWIX
  INT57                 0000fff2   00000002  00000002  00000000  RWIX
  INT58                 0000fff4   00000002  00000002  00000000  RWIX
  INT59                 0000fff6   00000002  00000002  00000000  RWIX
  INT60                 0000fff8   00000002  00000002  00000000  RWIX
  INT61                 0000fffa   00000002  00000002  00000000  RWIX
  INT62                 0000fffc   00000002  00000002  00000000  RWIX
  RESET                 0000fffe   00000002  00000002  00000000  RWIX
  FLASH2                00010000   00014400  00001dbe  00012642  RWIX


SECTION ALLOCATION MAP

 output                                  attributes/
section   page    origin      length       input sections
--------  ----  ----------  ----------   ----------------
.bss       0    00002400    00000075     UNINITIALIZED
                  00002400    00000022     (.common:abramSerialStringDescriptor)
                  00002422    0000001a     UsbHid.obj (.bss:HidReadCtrl)
                  0000243c    00000010     usb.obj (.bss)
                  0000244c    0000000a     UsbHid.obj (.bss:HidWriteCtrl)
                  00002456    00000008     (.common:abUsbRequestIncomingData)
                  0000245e    00000008     (.common:abUsbRequestReturnData)
                  00002466    00000004     (.common:USB_RX_memcpy)
                  0000246a    00000004     (.common:USB_TX_memcpy)
                  0000246e    00000002     (.common:wBytesRemainingOnIEP0)
                  00002470    00000002     (.common:wBytesRemainingOnOEP0)
                  00002472    00000002     (.common:wUsbEventMask)
                  00002474    00000001     (.common:bStatusAction)

.data      0    00002476    00000029     UNINITIALIZED
                  00002476    0000000e     main.obj (.data:outputs)
                  00002484    00000008     main.obj (.data:a)
                  0000248c    00000008     usb.obj (.data)
                  00002494    00000004     descriptors.obj (.data:report_desc)
                  00002498    00000003     main.obj (.data)
                  0000249b    00000001     --HOLE--
                  0000249c    00000001     UsbHid.obj (.data:hidIdleRate)
                  0000249d    00000001     --HOLE--
                  0000249e    00000001     UsbHid.obj (.data:hidProtocol)

.stack     0    00004360    000000a0     UNINITIALIZED
                  00004360    00000004     rts430x_lc_rd_eabi.lib : boot.obj (.stack)
                  00004364    0000009c     --HOLE--

.text:_isr 
*          0    00004400    000001c4     
                  00004400    0000011e     UsbIsr.obj (.text:_isr:iUsbInterruptHandler)
                  0000451e    00000046     hal.obj (.text:_isr:Button1_ISR)
                  00004564    0000003e     main.obj (.text:_isr:UNMI_ISR)
                  000045a2    0000001a     rts430x_lc_rd_eabi.lib : boot_special.obj (.text:_isr:_c_int00_noargs_noexit)
                  000045bc    00000008                            : isr_trap.obj (.text:_isr:__TI_ISR_TRAP)

.cinit     0    0000486e    00000036     
                  0000486e    00000013     (.cinit..data.load) [load image, compression = lzss]
                  00004881    00000001     --HOLE-- [fill = 0]
                  00004882    0000000c     (__TI_handler_table)
                  0000488e    00000006     (.cinit..bss.load) [load image, compression = zero_init]
                  00004894    00000010     (__TI_cinit_table)

.binit     0    00004400    00000000     

.init_array 
*          0    00004400    00000000     UNINITIALIZED

.const     0    000045c4    000002a9     
                  000045c4    00000150     descriptors.obj (.const:tUsbRequestList)
                  00004714    00000084     descriptors.obj (.const:.string:abromStringDescriptor)
                  00004798    0000003f     descriptors.obj (.const:.string:report_desc_HID0)
                  000047d7    00000029     descriptors.obj (.const:abromConfigurationDescriptorGroup)
                  00004800    00000022     usb.obj (.const:.string)
                  00004822    0000001c     gpio.obj (.const:GPIO_PORT_TO_BASE)
                  0000483e    00000012     descriptors.obj (.const:.string:abromDeviceDescriptor)
                  00004850    00000010     descriptors.obj (.const:stUsbHandle)
                  00004860    0000000a     usbdma.obj (.const:$P$T0$1)
                  0000486a    00000002     descriptors.obj (.const:report_desc_size)
                  0000486c    00000001     descriptors.obj (.const:.string:report_len_input)

RTC        0    0000ffd2    00000002     
                  0000ffd2    00000002     rts430x_lc_rd_eabi.lib : int41.obj (.int41)

PORT2      0    0000ffd4    00000002     
                  0000ffd4    00000002     rts430x_lc_rd_eabi.lib : int42.obj (.int42)

TIMER2_A1 
*          0    0000ffd6    00000002     
                  0000ffd6    00000002     rts430x_lc_rd_eabi.lib : int43.obj (.int43)

TIMER2_A0 
*          0    0000ffd8    00000002     
                  0000ffd8    00000002     rts430x_lc_rd_eabi.lib : int44.obj (.int44)

USCI_B1    0    0000ffda    00000002     
                  0000ffda    00000002     rts430x_lc_rd_eabi.lib : int45.obj (.int45)

USCI_A1    0    0000ffdc    00000002     
                  0000ffdc    00000002     rts430x_lc_rd_eabi.lib : int46.obj (.int46)

PORT1      0    0000ffde    00000002     
                  0000ffde    00000002     hal.obj (.int47)

TIMER1_A1 
*          0    0000ffe0    00000002     
                  0000ffe0    00000002     rts430x_lc_rd_eabi.lib : int48.obj (.int48)

TIMER1_A0 
*          0    0000ffe2    00000002     
                  0000ffe2    00000002     rts430x_lc_rd_eabi.lib : int49.obj (.int49)

DMA        0    0000ffe4    00000002     
                  0000ffe4    00000002     rts430x_lc_rd_eabi.lib : int50.obj (.int50)

USB_UBM    0    0000ffe6    00000002     
                  0000ffe6    00000002     UsbIsr.obj (.int51)

TIMER0_A1 
*          0    0000ffe8    00000002     
                  0000ffe8    00000002     rts430x_lc_rd_eabi.lib : int52.obj (.int52)

TIMER0_A0 
*          0    0000ffea    00000002     
                  0000ffea    00000002     rts430x_lc_rd_eabi.lib : int53.obj (.int53)

ADC12      0    0000ffec    00000002     
                  0000ffec    00000002     rts430x_lc_rd_eabi.lib : int54.obj (.int54)

USCI_B0    0    0000ffee    00000002     
                  0000ffee    00000002     rts430x_lc_rd_eabi.lib : int55.obj (.int55)

USCI_A0    0    0000fff0    00000002     
                  0000fff0    00000002     rts430x_lc_rd_eabi.lib : int56.obj (.int56)

WDT        0    0000fff2    00000002     
                  0000fff2    00000002     rts430x_lc_rd_eabi.lib : int57.obj (.int57)

TIMER0_B1 
*          0    0000fff4    00000002     
                  0000fff4    00000002     rts430x_lc_rd_eabi.lib : int58.obj (.int58)

TIMER0_B0 
*          0    0000fff6    00000002     
                  0000fff6    00000002     rts430x_lc_rd_eabi.lib : int59.obj (.int59)

COMP_B     0    0000fff8    00000002     
                  0000fff8    00000002     rts430x_lc_rd_eabi.lib : int60.obj (.int60)

UNMI       0    0000fffa    00000002     
                  0000fffa    00000002     main.obj (.int61)

SYSNMI     0    0000fffc    00000002     
                  0000fffc    00000002     rts430x_lc_rd_eabi.lib : int62.obj (.int62)

.reset     0    0000fffe    00000002     
                  0000fffe    00000002     rts430x_lc_rd_eabi.lib : boot.obj (.reset)

.text      0    00010000    00001dbe     
                  00010000    0000014c     main.obj (.text:main)
                  0001014c    00000144     UsbHid.obj (.text:HidToBufferFromHost)
                  00010290    0000010c     UsbHid.obj (.text:HidToHostFromBuffer)
                  0001039c    000000fa     usb.obj (.text:USB_enable)
                  00010496    000000f6     usb.obj (.text:USB_reset)
                  0001058c    000000e2     ucs.obj (.text:UCS_initFLL)
                  0001066e    000000cc     pmm.obj (.text:PMM_setVCoreUp)
                  0001073a    000000c6     usb.obj (.text:USB_InitSerialStringDescriptor)
                  00010800    000000bc     usb.obj (.text:USB_determineFreq)
                  000108bc    000000a4     usb.obj (.text:USB_determineXT2Freq)
                  00010960    00000098     hal.obj (.text:USBHAL_initPorts)
                  000109f8    00000098     UsbHid.obj (.text:USBHID_sendReport)
                  00010a90    00000098     usb.obj (.text:USB_init)
                  00010b28    00000096     usb.obj (.text:USB_getConnectionState)
                  00010bbe    00000094     pmm.obj (.text:PMM_setVCoreDown)
                  00010c52    0000008c     ucs.obj (.text:UCS_initClockSignal)
                  00010cde    00000088     usb.obj (.text:usbDecodeAndProcessUsbRequest)
                  00010d66    00000082     rts430x_lc_rd_eabi.lib : autoinit_wdt.obj (.text:_auto_init_hold_wdt)
                  00010de8    00000076     UsbHid.obj (.text:HidCopyUsbToBuff)
                  00010e5e    00000076     rts430x_lc_rd_eabi.lib : copy_decompress_lzss.obj (.text:decompress:lzss:__TI_decompress_lzss)
                  00010ed4    00000074     usb.obj (.text:usbSendNextPacketOnIEP0)
                  00010f48    0000006e     UsbIsr.obj (.text:PWRVBUSoffHandler)
                  00010fb6    0000006a     usb.obj (.text:usbGetEndpointStatus)
                  00011020    00000064     rts430x_lc_rd_eabi.lib : cpy_tbl.obj (.text:copy_in)
                  00011084    00000064     usbdma.obj (.text:memcpyDMA)
                  000110e8    00000062     dma.obj (.text:DMA_init)
                  0001114a    00000062     UsbIsr.obj (.text:PWRVBUSonHandler)
                  000111ac    0000005c     usbdma.obj (.text:USB_initMemcpy)
                  00011208    00000058     rts430x_lc_rd_eabi.lib : div32u.obj (.text)
                  00011260    00000052     usb.obj (.text:usbSetEndpointFeature)
                  000112b2    00000050     usb.obj (.text:usbGetStringDescriptor)
                  00011302    0000004c     tlv.obj (.text:TLV_getInfo)
                  0001134e    0000004c     main.obj (.text:pinVal)
                  0001139a    0000004c     usb.obj (.text:usbReceiveNextPacketOnOEP0)
                  000113e6    0000004a     pmm.obj (.text:PMM_setVCore)
                  00011430    0000004a     UsbIsr.obj (.text:SetupPacketInterruptHandler)
                  0001147a    0000004a     usb.obj (.text:USB_setup)
                  000114c4    00000046     usb.obj (.text:usbClearEndpointFeature)
                  0001150a    00000042     gpio.obj (.text:GPIO_setAsInputPinWithPullUpResistor)
                  0001154c    00000040     ucs.obj (.text:UCS_turnOnXT2WithTimeout)
                  0001158c    0000003e     hal.obj (.text:USBHAL_initClocks)
                  000115ca    0000003e     rts430x_lc_rd_eabi.lib : lsr32.obj (.text:l_lsr_const)
                  00011608    0000003c     UsbIsr.obj (.text:OEP0InterruptHandler)
                  00011644    00000038     hal.obj (.text:USBHAL_initButtons)
                  0001167c    00000038     usb.obj (.text:USB_lookUpPll)
                  000116b4    00000034     usb.obj (.text:usbSetAddress)
                  000116e8    00000032     ucs.obj (.text:UCS_initFLLSettle)
                  0001171a    00000032     usb.obj (.text:USB_getConnectionInformation)
                  0001174c    00000030     usb.obj (.text:USB_suspend)
                  0001177c    00000030     usb.obj (.text:usbSetConfiguration)
                  000117ac    0000002c     usb.obj (.text:usbGetDeviceStatus)
                  000117d8    0000002a     UsbHidReq.obj (.text:usbSetReport)
                  00011802    00000028     dma.obj (.text:DMA_setDstAddress)
                  0001182a    00000028     gpio.obj (.text:GPIO_setAsOutputPin)
                  00011852    00000028     gpio.obj (.text:GPIO_setAsPeripheralModuleFunctionOutputPin)
                  0001187a    00000026     dma.obj (.text:DMA_setSrcAddress)
                  000118a0    00000026     UsbHidReq.obj (.text:usbGetReport)
                  000118c6    00000024     gpio.obj (.text:GPIO_getInterruptStatus)
                  000118ea    00000024     rts430x_lc_rd_eabi.lib : copy_zero_init.obj (.text:decompress:ZI:__TI_zero_init)
                  0001190e    00000024     usb.obj (.text:usbClearDeviceFeature)
                  00011932    00000024     usb.obj (.text:usbSetDeviceFeature)
                  00011956    00000022     UsbHid.obj (.text:HidResetData)
                  00011978    00000022     usb.obj (.text:USB_disable)
                  0001199a    00000020     UsbHidReq.obj (.text:usbGetHidDescriptor)
                  000119ba    00000020     UsbHidReq.obj (.text:usbGetReportDescriptor)
                  000119da    00000020     usb.obj (.text:usbSendDataPacketOnEP0)
                  000119fa    00000020     UsbHidReq.obj (.text:usbSetProtocol)
                  00011a1a    0000001e     gpio.obj (.text:GPIO_clearInterrupt)
                  00011a38    0000001e     gpio.obj (.text:GPIO_enableInterrupt)
                  00011a56    0000001e     UsbHidReq.obj (.text:usbGetIdle)
                  00011a74    0000001e     usb.obj (.text:usbGetInterface)
                  00011a92    0000001e     usb.obj (.text:usbGetInterfaceStatus)
                  00011ab0    0000001c     gpio.obj (.text:GPIO_getInputPinValue)
                  00011acc    0000001c     gpio.obj (.text:GPIO_setOutputHighOnPin)
                  00011ae8    0000001c     gpio.obj (.text:GPIO_setOutputLowOnPin)
                  00011b04    0000001c     UsbIsr.obj (.text:IEP0InterruptHandler)
                  00011b20    0000001c     usbdma.obj (.text:memcpyV)
                  00011b3c    0000001a     UsbHid.obj (.text:HidIsReceiveInProgress)
                  00011b56    0000001a     usb.obj (.text:USB_connect)
                  00011b70    0000001a     usbEventHandling.obj (.text:USB_handleVbusOnEvent)
                  00011b8a    0000001a     wdt_a.obj (.text:WDT_A_hold)
                  00011ba4    0000001a     usb.obj (.text:usbSetInterface)
                  00011bbe    00000018     usb.obj (.text:USB_resume)
                  00011bd6    00000018     rts430x_lc_rd_eabi.lib : mult16_f5hw.obj (.text)
                  00011bee    00000018     UsbHidReq.obj (.text:usbSetIdle)
                  00011c06    00000016     rts430x_lc_rd_eabi.lib : memset.obj (.text:memset)
                  00011c1c    00000016                            : div16u.obj (.text)
                  00011c32    00000016     usb.obj (.text:usbGetConfigurationDescriptor)
                  00011c48    00000016     usb.obj (.text:usbGetDeviceDescriptor)
                  00011c5e    00000014     rts430x_lc_rd_eabi.lib : memcpy.obj (.text:memcpy)
                  00011c72    00000014     usb.obj (.text:usbGetConfiguration)
                  00011c86    00000014     usb.obj (.text:usbReceiveDataPacketOnEP0)
                  00011c9a    00000012     rts430x_lc_rd_eabi.lib : copy_decompress_none.obj (.text:decompress:none:__TI_decompress_none)
                  00011cac    00000012     usb.obj (.text:usbInvalidRequest)
                  00011cbe    00000010     dma.obj (.text:DMA_disableTransfers)
                  00011cce    00000010     dma.obj (.text:DMA_enableTransfers)
                  00011cde    00000010     UsbHidReq.obj (.text:usbGetProtocol)
                  00011cee    0000000e     dma.obj (.text:DMA_getInterruptStatus)
                  00011cfc    0000000e     dma.obj (.text:DMA_startTransfer)
                  00011d0a    0000000e     usb.obj (.text:usbSendZeroLengthPacketOnIEP0)
                  00011d18    0000000c     dma.obj (.text:DMA_setTransferSize)
                  00011d24    0000000a     usbEventHandling.obj (.text:USB_handleResumeEvent)
                  00011d2e    0000000a     usbEventHandling.obj (.text:USB_handleSuspendEvent)
                  00011d38    0000000a     system_pre_init.obj (.text:_system_pre_init)
                  00011d42    0000000a     rts430x_lc_rd_eabi.lib : lsl16.obj (.text)
                  00011d4c    0000000a                            : lsr16.obj (.text)
                  00011d56    00000008     ucs.obj (.text:UCS_turnOffXT2)
                  00011d5e    00000008     usbEventHandling.obj (.text:USBHID_handleSendCompleted)
                  00011d66    00000008     usbEventHandling.obj (.text:USB_handleVbusOffEvent)
                  00011d6e    00000006     dma.obj (.text:DMA_disableTransferDuringReadModifyWrite)
                  00011d74    00000006     dma.obj (.text:DMA_enableTransferDuringReadModifyWrite)
                  00011d7a    00000006     sfr.obj (.text:SFR_clearInterrupt)
                  00011d80    00000006     ucs.obj (.text:UCS_clearFaultFlag)
                  00011d86    00000006     usb.obj (.text:USB_getVersion)
                  00011d8c    00000006     rts430x_lc_rd_eabi.lib : exit.obj (.text:abort)
                  00011d92    00000006     usb.obj (.text:usbClearOEP0ByteCount)
                  00011d98    00000004     usbEventHandling.obj (.text:USBHID_handleBootProtocol)
                  00011d9c    00000004     usbEventHandling.obj (.text:USBHID_handleDataReceived)
                  00011da0    00000004     usbEventHandling.obj (.text:USBHID_handleEP0GetReport)
                  00011da4    00000004     usbEventHandling.obj (.text:USBHID_handleEP0SetReport)
                  00011da8    00000004     usbEventHandling.obj (.text:USBHID_handleEP0SetReportDataAvailable)
                  00011dac    00000004     usbEventHandling.obj (.text:USBHID_handleReceiveCompleted)
                  00011db0    00000004     usbEventHandling.obj (.text:USB_handleClockEvent)
                  00011db4    00000004     usbEventHandling.obj (.text:USB_handleEnumerationCompleteEvent)
                  00011db8    00000004     usbEventHandling.obj (.text:USB_handleResetEvent)
                  00011dbc    00000002     rts430x_lc_rd_eabi.lib : startup.obj (.text:_system_post_cinit)

MODULE SUMMARY

       Module                     code   ro data   rw data
       ------                     ----   -------   -------
    .\
       main.obj                   470    2         25     
       hal.obj                    340    2         0      
       system_pre_init.obj        10     0         0      
    +--+--------------------------+------+---------+---------+
       Total:                     820    4         25     
                                                          
    .\USB_API\USB_Common\
       usb.obj                    2788   34        81     
       usbdma.obj                 220    10        8      
    +--+--------------------------+------+---------+---------+
       Total:                     3008   44        89     
                                                          
    .\USB_API\USB_HID_API\
       UsbHid.obj                 922    0         38     
       UsbHidReq.obj              246    0         0      
    +--+--------------------------+------+---------+---------+
       Total:                     1168   0         38     
                                                          
    .\USB_app\
       usbEventHandling.obj       98     0         0      
    +--+--------------------------+------+---------+---------+
       Total:                     98     0         0      
                                                          
    .\USB_config\
       UsbIsr.obj                 656    2         0      
       descriptors.obj            0      609       4      
    +--+--------------------------+------+---------+---------+
       Total:                     656    611       4      
                                                          
    .\driverlib\MSP430F5xx_6xx\
       ucs.obj                    494    0         0      
       pmm.obj                    426    0         0      
       gpio.obj                   326    28        0      
       dma.obj                    260    0         0      
       tlv.obj                    76     0         0      
       wdt_a.obj                  26     0         0      
       sfr.obj                    6      0         0      
    +--+--------------------------+------+---------+---------+
       Total:                     1614   28        0      
                                                          
    C:\ti\ccsv7\tools\compiler\ti-cgt-msp430_16.9.6.LTS\lib\rts430x_lc_rd_eabi.lib
       autoinit_wdt.obj           130    0         0      
       copy_decompress_lzss.obj   118    0         0      
       cpy_tbl.obj                100    0         0      
       div32u.obj                 88     0         0      
       lsr32.obj                  62     0         0      
       copy_zero_init.obj         36     0         0      
       boot_special.obj           26     0         0      
       mult16_f5hw.obj            24     0         0      
       div16u.obj                 22     0         0      
       memset.obj                 22     0         0      
       memcpy.obj                 20     0         0      
       copy_decompress_none.obj   18     0         0      
       lsl16.obj                  10     0         0      
       lsr16.obj                  10     0         0      
       isr_trap.obj               8      0         0      
       exit.obj                   6      0         0      
       boot.obj                   0      2         0      
       int41.obj                  0      2         0      
       int42.obj                  0      2         0      
       int43.obj                  0      2         0      
       int44.obj                  0      2         0      
       int45.obj                  0      2         0      
       int46.obj                  0      2         0      
       int48.obj                  0      2         0      
       int49.obj                  0      2         0      
       int50.obj                  0      2         0      
       int52.obj                  0      2         0      
       int53.obj                  0      2         0      
       int54.obj                  0      2         0      
       int55.obj                  0      2         0      
       int56.obj                  0      2         0      
       int57.obj                  0      2         0      
       int58.obj                  0      2         0      
       int59.obj                  0      2         0      
       int60.obj                  0      2         0      
       int62.obj                  0      2         0      
       startup.obj                2      0         0      
    +--+--------------------------+------+---------+---------+
       Total:                     702    40        0      
                                                          
       Stack:                     0      0         160    
       Linker Generated:          0      53        0      
    +--+--------------------------+------+---------+---------+
       Grand Total:               8066   780       316    


LINKER GENERATED COPY TABLES

__TI_cinit_table @ 00004894 records: 2, size/record: 8, table size: 16
	.data: load addr=0000486e, load size=00000013 bytes, run addr=00002476, run size=00000029 bytes, compression=lzss
	.bss: load addr=0000488e, load size=00000006 bytes, run addr=00002400, run size=00000075 bytes, compression=zero_init


LINKER GENERATED HANDLER TABLE

__TI_handler_table @ 00004882 records: 3, size/record: 4, table size: 12
	index: 0, handler: __TI_zero_init
	index: 1, handler: __TI_decompress_lzss
	index: 2, handler: __TI_decompress_none


GLOBAL SYMBOLS: SORTED ALPHABETICALLY BY Name 

address   name                                       
-------   ----                                       
00000700  ADC12CTL0                                  
00000701  ADC12CTL0_H                                
00000700  ADC12CTL0_L                                
00000702  ADC12CTL1                                  
00000703  ADC12CTL1_H                                
00000702  ADC12CTL1_L                                
00000704  ADC12CTL2                                  
00000705  ADC12CTL2_H                                
00000704  ADC12CTL2_L                                
0000070c  ADC12IE                                    
0000070d  ADC12IE_H                                  
0000070c  ADC12IE_L                                  
0000070a  ADC12IFG                                   
0000070b  ADC12IFG_H                                 
0000070a  ADC12IFG_L                                 
0000070e  ADC12IV                                    
0000070f  ADC12IV_H                                  
0000070e  ADC12IV_L                                  
00000710  ADC12MCTL0                                 
00000711  ADC12MCTL1                                 
0000071a  ADC12MCTL10                                
0000071b  ADC12MCTL11                                
0000071c  ADC12MCTL12                                
0000071d  ADC12MCTL13                                
0000071e  ADC12MCTL14                                
0000071f  ADC12MCTL15                                
00000712  ADC12MCTL2                                 
00000713  ADC12MCTL3                                 
00000714  ADC12MCTL4                                 
00000715  ADC12MCTL5                                 
00000716  ADC12MCTL6                                 
00000717  ADC12MCTL7                                 
00000718  ADC12MCTL8                                 
00000719  ADC12MCTL9                                 
00000720  ADC12MEM0                                  
00000721  ADC12MEM0_H                                
00000720  ADC12MEM0_L                                
00000722  ADC12MEM1                                  
00000734  ADC12MEM10                                 
00000735  ADC12MEM10_H                               
00000734  ADC12MEM10_L                               
00000736  ADC12MEM11                                 
00000737  ADC12MEM11_H                               
00000736  ADC12MEM11_L                               
00000738  ADC12MEM12                                 
00000739  ADC12MEM12_H                               
00000738  ADC12MEM12_L                               
0000073a  ADC12MEM13                                 
0000073b  ADC12MEM13_H                               
0000073a  ADC12MEM13_L                               
0000073c  ADC12MEM14                                 
0000073d  ADC12MEM14_H                               
0000073c  ADC12MEM14_L                               
0000073e  ADC12MEM15                                 
0000073f  ADC12MEM15_H                               
0000073e  ADC12MEM15_L                               
00000723  ADC12MEM1_H                                
00000722  ADC12MEM1_L                                
00000724  ADC12MEM2                                  
00000725  ADC12MEM2_H                                
00000724  ADC12MEM2_L                                
00000726  ADC12MEM3                                  
00000727  ADC12MEM3_H                                
00000726  ADC12MEM3_L                                
00000728  ADC12MEM4                                  
00000729  ADC12MEM4_H                                
00000728  ADC12MEM4_L                                
0000072a  ADC12MEM5                                  
0000072b  ADC12MEM5_H                                
0000072a  ADC12MEM5_L                                
0000072c  ADC12MEM6                                  
0000072d  ADC12MEM6_H                                
0000072c  ADC12MEM6_L                                
0000072e  ADC12MEM7                                  
0000072f  ADC12MEM7_H                                
0000072e  ADC12MEM7_L                                
00000730  ADC12MEM8                                  
00000731  ADC12MEM8_H                                
00000730  ADC12MEM8_L                                
00000732  ADC12MEM9                                  
00000733  ADC12MEM9_H                                
00000732  ADC12MEM9_L                                
0000451e  Button1_ISR                                
00011d8c  C$$EXIT                                    
000008c0  CBCTL0                                     
000008c1  CBCTL0_H                                   
000008c0  CBCTL0_L                                   
000008c2  CBCTL1                                     
000008c3  CBCTL1_H                                   
000008c2  CBCTL1_L                                   
000008c4  CBCTL2                                     
000008c5  CBCTL2_H                                   
000008c4  CBCTL2_L                                   
000008c6  CBCTL3                                     
000008c7  CBCTL3_H                                   
000008c6  CBCTL3_L                                   
000008cc  CBINT                                      
000008cd  CBINT_H                                    
000008cc  CBINT_L                                    
000008ce  CBIV                                       
00000150  CRCDI                                      
00000152  CRCDIRB                                    
00000153  CRCDIRB_H                                  
00000152  CRCDIRB_L                                  
00000151  CRCDI_H                                    
00000150  CRCDI_L                                    
00000154  CRCINIRES                                  
00000155  CRCINIRES_H                                
00000154  CRCINIRES_L                                
00000156  CRCRESR                                    
00000157  CRCRESR_H                                  
00000156  CRCRESR_L                                  
00000510  DMA0CTL                                    
00000511  DMA0CTL_H                                  
00000510  DMA0CTL_L                                  
00000516  DMA0DA                                     
00000518  DMA0DAH                                    
00000516  DMA0DAL                                    
00000512  DMA0SA                                     
00000514  DMA0SAH                                    
00000512  DMA0SAL                                    
0000051a  DMA0SZ                                     
00000520  DMA1CTL                                    
00000521  DMA1CTL_H                                  
00000520  DMA1CTL_L                                  
00000526  DMA1DA                                     
00000528  DMA1DAH                                    
00000526  DMA1DAL                                    
00000522  DMA1SA                                     
00000524  DMA1SAH                                    
00000522  DMA1SAL                                    
0000052a  DMA1SZ                                     
00000530  DMA2CTL                                    
00000531  DMA2CTL_H                                  
00000530  DMA2CTL_L                                  
00000536  DMA2DA                                     
00000538  DMA2DAH                                    
00000536  DMA2DAL                                    
00000532  DMA2SA                                     
00000534  DMA2SAH                                    
00000532  DMA2SAL                                    
0000053a  DMA2SZ                                     
00000500  DMACTL0                                    
00000501  DMACTL0_H                                  
00000500  DMACTL0_L                                  
00000502  DMACTL1                                    
00000503  DMACTL1_H                                  
00000502  DMACTL1_L                                  
00000504  DMACTL2                                    
00000505  DMACTL2_H                                  
00000504  DMACTL2_L                                  
00000506  DMACTL3                                    
00000507  DMACTL3_H                                  
00000506  DMACTL3_L                                  
00000508  DMACTL4                                    
00000509  DMACTL4_H                                  
00000508  DMACTL4_L                                  
0000050e  DMAIV                                      
0000050f  DMAIV_H                                    
0000050e  DMAIV_L                                    
00011d6e  DMA_disableTransferDuringReadModifyWrite   
00011cbe  DMA_disableTransfers                       
00011d74  DMA_enableTransferDuringReadModifyWrite    
00011cce  DMA_enableTransfers                        
00011cee  DMA_getInterruptStatus                     
000110e8  DMA_init                                   
00011802  DMA_setDstAddress                          
0001187a  DMA_setSrcAddress                          
00011d18  DMA_setTransferSize                        
00011cfc  DMA_startTransfer                          
00000140  FCTL1                                      
00000141  FCTL1_H                                    
00000140  FCTL1_L                                    
00000144  FCTL3                                      
00000145  FCTL3_H                                    
00000144  FCTL3_L                                    
00000146  FCTL4                                      
00000147  FCTL4_H                                    
00000146  FCTL4_L                                    
00011a1a  GPIO_clearInterrupt                        
00011a38  GPIO_enableInterrupt                       
00011ab0  GPIO_getInputPinValue                      
000118c6  GPIO_getInterruptStatus                    
0001150a  GPIO_setAsInputPinWithPullUpResistor       
0001182a  GPIO_setAsOutputPin                        
00011852  GPIO_setAsPeripheralModuleFunctionOutputPin
00011acc  GPIO_setOutputHighOnPin                    
00011ae8  GPIO_setOutputLowOnPin                     
00010de8  HidCopyUsbToBuff                           
00011b3c  HidIsReceiveInProgress                     
00011956  HidResetData                               
0001014c  HidToBufferFromHost                        
00010290  HidToHostFromBuffer                        
00011b04  IEP0InterruptHandler                       
000004c4  MAC                                        
000004da  MAC32H                                     
000004db  MAC32H_H                                   
000004da  MAC32H_L                                   
000004d8  MAC32L                                     
000004d9  MAC32L_H                                   
000004d8  MAC32L_L                                   
000004c6  MACS                                       
000004de  MACS32H                                    
000004df  MACS32H_H                                  
000004de  MACS32H_L                                  
000004dc  MACS32L                                    
000004dd  MACS32L_H                                  
000004dc  MACS32L_L                                  
000004c7  MACS_H                                     
000004c6  MACS_L                                     
000004c5  MAC_H                                      
000004c4  MAC_L                                      
000004c0  MPY                                        
000004ec  MPY32CTL0                                  
000004ed  MPY32CTL0_H                                
000004ec  MPY32CTL0_L                                
000004d2  MPY32H                                     
000004d3  MPY32H_H                                   
000004d2  MPY32H_L                                   
000004d0  MPY32L                                     
000004d1  MPY32L_H                                   
000004d0  MPY32L_L                                   
000004c2  MPYS                                       
000004d6  MPYS32H                                    
000004d7  MPYS32H_H                                  
000004d6  MPYS32H_L                                  
000004d4  MPYS32L                                    
000004d5  MPYS32L_H                                  
000004d4  MPYS32L_L                                  
000004c3  MPYS_H                                     
000004c2  MPYS_L                                     
000004c1  MPY_H                                      
000004c0  MPY_L                                      
00011608  OEP0InterruptHandler                       
000004c8  OP2                                        
000004e2  OP2H                                       
000004e3  OP2H_H                                     
000004e2  OP2H_L                                     
000004e0  OP2L                                       
000004e1  OP2L_H                                     
000004e0  OP2L_L                                     
000004c9  OP2_H                                      
000004c8  OP2_L                                      
0000020e  P1IV                                       
0000021e  P2IV                                       
000001e0  P4MAP01                                    
000001e1  P4MAP01_H                                  
000001e0  P4MAP01_L                                  
000001e2  P4MAP23                                    
000001e3  P4MAP23_H                                  
000001e2  P4MAP23_L                                  
000001e4  P4MAP45                                    
000001e5  P4MAP45_H                                  
000001e4  P4MAP45_L                                  
000001e6  P4MAP67                                    
000001e7  P4MAP67_H                                  
000001e6  P4MAP67_L                                  
00000204  PADIR                                      
00000205  PADIR_H                                    
00000204  PADIR_L                                    
00000208  PADS                                       
00000209  PADS_H                                     
00000208  PADS_L                                     
0000021a  PAIE                                       
00000218  PAIES                                      
00000219  PAIES_H                                    
00000218  PAIES_L                                    
0000021b  PAIE_H                                     
0000021a  PAIE_L                                     
0000021c  PAIFG                                      
0000021d  PAIFG_H                                    
0000021c  PAIFG_L                                    
00000200  PAIN                                       
00000201  PAIN_H                                     
00000200  PAIN_L                                     
00000202  PAOUT                                      
00000203  PAOUT_H                                    
00000202  PAOUT_L                                    
00000206  PAREN                                      
00000207  PAREN_H                                    
00000206  PAREN_L                                    
0000020a  PASEL                                      
0000020b  PASEL_H                                    
0000020a  PASEL_L                                    
00000224  PBDIR                                      
00000225  PBDIR_H                                    
00000224  PBDIR_L                                    
00000228  PBDS                                       
00000229  PBDS_H                                     
00000228  PBDS_L                                     
00000220  PBIN                                       
00000221  PBIN_H                                     
00000220  PBIN_L                                     
00000222  PBOUT                                      
00000223  PBOUT_H                                    
00000222  PBOUT_L                                    
00000226  PBREN                                      
00000227  PBREN_H                                    
00000226  PBREN_L                                    
0000022a  PBSEL                                      
0000022b  PBSEL_H                                    
0000022a  PBSEL_L                                    
00000244  PCDIR                                      
00000245  PCDIR_H                                    
00000244  PCDIR_L                                    
00000248  PCDS                                       
00000249  PCDS_H                                     
00000248  PCDS_L                                     
00000240  PCIN                                       
00000241  PCIN_H                                     
00000240  PCIN_L                                     
00000242  PCOUT                                      
00000243  PCOUT_H                                    
00000242  PCOUT_L                                    
00000246  PCREN                                      
00000247  PCREN_H                                    
00000246  PCREN_L                                    
0000024a  PCSEL                                      
0000024b  PCSEL_H                                    
0000024a  PCSEL_L                                    
00000264  PDDIR                                      
00000265  PDDIR_H                                    
00000264  PDDIR_L                                    
00000268  PDDS                                       
00000269  PDDS_H                                     
00000268  PDDS_L                                     
00000260  PDIN                                       
00000261  PDIN_H                                     
00000260  PDIN_L                                     
00000262  PDOUT                                      
00000263  PDOUT_H                                    
00000262  PDOUT_L                                    
00000266  PDREN                                      
00000267  PDREN_H                                    
00000266  PDREN_L                                    
0000026a  PDSEL                                      
0000026b  PDSEL_H                                    
0000026a  PDSEL_L                                    
00000324  PJDIR                                      
00000325  PJDIR_H                                    
00000324  PJDIR_L                                    
00000328  PJDS                                       
00000329  PJDS_H                                     
00000328  PJDS_L                                     
00000320  PJIN                                       
00000321  PJIN_H                                     
00000320  PJIN_L                                     
00000322  PJOUT                                      
00000323  PJOUT_H                                    
00000322  PJOUT_L                                    
00000326  PJREN                                      
00000327  PJREN_H                                    
00000326  PJREN_L                                    
00000130  PM5CTL0                                    
00000131  PM5CTL0_H                                  
00000130  PM5CTL0_L                                  
000001c2  PMAPCTL                                    
000001c3  PMAPCTL_H                                  
000001c2  PMAPCTL_L                                  
000001c0  PMAPKEYID                                  
000001c1  PMAPKEYID_H                                
000001c0  PMAPKEYID_L                                
00000120  PMMCTL0                                    
00000121  PMMCTL0_H                                  
00000120  PMMCTL0_L                                  
00000122  PMMCTL1                                    
00000123  PMMCTL1_H                                  
00000122  PMMCTL1_L                                  
0000012c  PMMIFG                                     
0000012d  PMMIFG_H                                   
0000012c  PMMIFG_L                                   
0000012e  PMMRIE                                     
0000012f  PMMRIE_H                                   
0000012e  PMMRIE_L                                   
000113e6  PMM_setVCore                               
00010bbe  PMM_setVCoreDown                           
0001066e  PMM_setVCoreUp                             
00010f48  PWRVBUSoffHandler                          
0001114a  PWRVBUSonHandler                           
00000158  RCCTL0                                     
00000159  RCCTL0_H                                   
00000158  RCCTL0_L                                   
000001b0  REFCTL0                                    
000001b1  REFCTL0_H                                  
000001b0  REFCTL0_L                                  
000004e4  RES0                                       
000004e5  RES0_H                                     
000004e4  RES0_L                                     
000004e6  RES1                                       
000004e7  RES1_H                                     
000004e6  RES1_L                                     
000004e8  RES2                                       
000004e9  RES2_H                                     
000004e8  RES2_L                                     
000004ea  RES3                                       
000004eb  RES3_H                                     
000004ea  RES3_L                                     
000004cc  RESHI                                      
000004cd  RESHI_H                                    
000004cc  RESHI_L                                    
000004ca  RESLO                                      
000004cb  RESLO_H                                    
000004ca  RESLO_L                                    
000004ba  RTCADOWDAY                                 
000004bb  RTCADOWDAY_H                               
000004ba  RTCADOWDAY_L                               
000004b8  RTCAMINHR                                  
000004b9  RTCAMINHR_H                                
000004b8  RTCAMINHR_L                                
000004a0  RTCCTL01                                   
000004a1  RTCCTL01_H                                 
000004a0  RTCCTL01_L                                 
000004a2  RTCCTL23                                   
000004a3  RTCCTL23_H                                 
000004a2  RTCCTL23_L                                 
000004b4  RTCDATE                                    
000004b5  RTCDATE_H                                  
000004b4  RTCDATE_L                                  
000004ae  RTCIV                                      
000004ac  RTCPS                                      
000004a8  RTCPS0CTL                                  
000004a9  RTCPS0CTL_H                                
000004a8  RTCPS0CTL_L                                
000004aa  RTCPS1CTL                                  
000004ab  RTCPS1CTL_H                                
000004aa  RTCPS1CTL_L                                
000004ad  RTCPS_H                                    
000004ac  RTCPS_L                                    
000004b0  RTCTIM0                                    
000004b1  RTCTIM0_H                                  
000004b0  RTCTIM0_L                                  
000004b2  RTCTIM1                                    
000004b3  RTCTIM1_H                                  
000004b2  RTCTIM1_L                                  
000004b6  RTCYEAR                                    
000004b7  RTCYEAR_H                                  
000004b6  RTCYEAR_L                                  
00000100  SFRIE1                                     
00000101  SFRIE1_H                                   
00000100  SFRIE1_L                                   
00000102  SFRIFG1                                    
00000103  SFRIFG1_H                                  
00000102  SFRIFG1_L                                  
00000104  SFRRPCR                                    
00000105  SFRRPCR_H                                  
00000104  SFRRPCR_L                                  
00011d7a  SFR_clearInterrupt                         
000004ce  SUMEXT                                     
000004cf  SUMEXT_H                                   
000004ce  SUMEXT_L                                   
00000124  SVSMHCTL                                   
00000125  SVSMHCTL_H                                 
00000124  SVSMHCTL_L                                 
00000128  SVSMIO                                     
00000129  SVSMIO_H                                   
00000128  SVSMIO_L                                   
00000126  SVSMLCTL                                   
00000127  SVSMLCTL_H                                 
00000126  SVSMLCTL_L                                 
00000198  SYSBERRIV                                  
00000199  SYSBERRIV_H                                
00000198  SYSBERRIV_L                                
00000182  SYSBSLC                                    
00000183  SYSBSLC_H                                  
00000182  SYSBSLC_L                                  
00000180  SYSCTL                                     
00000181  SYSCTL_H                                   
00000180  SYSCTL_L                                   
00000186  SYSJMBC                                    
00000187  SYSJMBC_H                                  
00000186  SYSJMBC_L                                  
00000188  SYSJMBI0                                   
00000189  SYSJMBI0_H                                 
00000188  SYSJMBI0_L                                 
0000018a  SYSJMBI1                                   
0000018b  SYSJMBI1_H                                 
0000018a  SYSJMBI1_L                                 
0000018c  SYSJMBO0                                   
0000018d  SYSJMBO0_H                                 
0000018c  SYSJMBO0_L                                 
0000018e  SYSJMBO1                                   
0000018f  SYSJMBO1_H                                 
0000018e  SYSJMBO1_L                                 
0000019e  SYSRSTIV                                   
0000019f  SYSRSTIV_H                                 
0000019e  SYSRSTIV_L                                 
0000019c  SYSSNIV                                    
0000019d  SYSSNIV_H                                  
0000019c  SYSSNIV_L                                  
0000019a  SYSUNIV                                    
0000019b  SYSUNIV_H                                  
0000019a  SYSUNIV_L                                  
00011430  SetupPacketInterruptHandler                
00000352  TA0CCR0                                    
00000354  TA0CCR1                                    
00000356  TA0CCR2                                    
00000358  TA0CCR3                                    
0000035a  TA0CCR4                                    
00000342  TA0CCTL0                                   
00000344  TA0CCTL1                                   
00000346  TA0CCTL2                                   
00000348  TA0CCTL3                                   
0000034a  TA0CCTL4                                   
00000340  TA0CTL                                     
00000360  TA0EX0                                     
0000036e  TA0IV                                      
00000350  TA0R                                       
00000392  TA1CCR0                                    
00000394  TA1CCR1                                    
00000396  TA1CCR2                                    
00000382  TA1CCTL0                                   
00000384  TA1CCTL1                                   
00000386  TA1CCTL2                                   
00000380  TA1CTL                                     
000003a0  TA1EX0                                     
000003ae  TA1IV                                      
00000390  TA1R                                       
00000412  TA2CCR0                                    
00000414  TA2CCR1                                    
00000416  TA2CCR2                                    
00000402  TA2CCTL0                                   
00000404  TA2CCTL1                                   
00000406  TA2CCTL2                                   
00000400  TA2CTL                                     
00000420  TA2EX0                                     
0000042e  TA2IV                                      
00000410  TA2R                                       
000003d2  TB0CCR0                                    
000003d4  TB0CCR1                                    
000003d6  TB0CCR2                                    
000003d8  TB0CCR3                                    
000003da  TB0CCR4                                    
000003dc  TB0CCR5                                    
000003de  TB0CCR6                                    
000003c2  TB0CCTL0                                   
000003c4  TB0CCTL1                                   
000003c6  TB0CCTL2                                   
000003c8  TB0CCTL3                                   
000003ca  TB0CCTL4                                   
000003cc  TB0CCTL5                                   
000003ce  TB0CCTL6                                   
000003c0  TB0CTL                                     
000003e0  TB0EX0                                     
000003ee  TB0IV                                      
000003d0  TB0R                                       
00011302  TLV_getInfo                                
000005d0  UCA0ABCTL                                  
000005c6  UCA0BRW                                    
000005c7  UCA0BRW_H                                  
000005c6  UCA0BRW_L                                  
000005c0  UCA0CTLW0                                  
000005c1  UCA0CTLW0_H                                
000005c0  UCA0CTLW0_L                                
000005dc  UCA0ICTL                                   
000005dd  UCA0ICTL_H                                 
000005dc  UCA0ICTL_L                                 
000005d2  UCA0IRCTL                                  
000005d3  UCA0IRCTL_H                                
000005d2  UCA0IRCTL_L                                
000005de  UCA0IV                                     
000005c8  UCA0MCTL                                   
000005cc  UCA0RXBUF                                  
000005ca  UCA0STAT                                   
000005ce  UCA0TXBUF                                  
00000610  UCA1ABCTL                                  
00000606  UCA1BRW                                    
00000607  UCA1BRW_H                                  
00000606  UCA1BRW_L                                  
00000600  UCA1CTLW0                                  
00000601  UCA1CTLW0_H                                
00000600  UCA1CTLW0_L                                
0000061c  UCA1ICTL                                   
0000061d  UCA1ICTL_H                                 
0000061c  UCA1ICTL_L                                 
00000612  UCA1IRCTL                                  
00000613  UCA1IRCTL_H                                
00000612  UCA1IRCTL_L                                
0000061e  UCA1IV                                     
00000608  UCA1MCTL                                   
0000060c  UCA1RXBUF                                  
0000060a  UCA1STAT                                   
0000060e  UCA1TXBUF                                  
000005e6  UCB0BRW                                    
000005e7  UCB0BRW_H                                  
000005e6  UCB0BRW_L                                  
000005e0  UCB0CTLW0                                  
000005e1  UCB0CTLW0_H                                
000005e0  UCB0CTLW0_L                                
000005f0  UCB0I2COA                                  
000005f1  UCB0I2COA_H                                
000005f0  UCB0I2COA_L                                
000005f2  UCB0I2CSA                                  
000005f3  UCB0I2CSA_H                                
000005f2  UCB0I2CSA_L                                
000005fc  UCB0ICTL                                   
000005fd  UCB0ICTL_H                                 
000005fc  UCB0ICTL_L                                 
000005fe  UCB0IV                                     
000005ec  UCB0RXBUF                                  
000005ea  UCB0STAT                                   
000005ee  UCB0TXBUF                                  
00000626  UCB1BRW                                    
00000627  UCB1BRW_H                                  
00000626  UCB1BRW_L                                  
00000620  UCB1CTLW0                                  
00000621  UCB1CTLW0_H                                
00000620  UCB1CTLW0_L                                
00000630  UCB1I2COA                                  
00000631  UCB1I2COA_H                                
00000630  UCB1I2COA_L                                
00000632  UCB1I2CSA                                  
00000633  UCB1I2CSA_H                                
00000632  UCB1I2CSA_L                                
0000063c  UCB1ICTL                                   
0000063d  UCB1ICTL_H                                 
0000063c  UCB1ICTL_L                                 
0000063e  UCB1IV                                     
0000062c  UCB1RXBUF                                  
0000062a  UCB1STAT                                   
0000062e  UCB1TXBUF                                  
00000160  UCSCTL0                                    
00000161  UCSCTL0_H                                  
00000160  UCSCTL0_L                                  
00000162  UCSCTL1                                    
00000163  UCSCTL1_H                                  
00000162  UCSCTL1_L                                  
00000164  UCSCTL2                                    
00000165  UCSCTL2_H                                  
00000164  UCSCTL2_L                                  
00000166  UCSCTL3                                    
00000167  UCSCTL3_H                                  
00000166  UCSCTL3_L                                  
00000168  UCSCTL4                                    
00000169  UCSCTL4_H                                  
00000168  UCSCTL4_L                                  
0000016a  UCSCTL5                                    
0000016b  UCSCTL5_H                                  
0000016a  UCSCTL5_L                                  
0000016c  UCSCTL6                                    
0000016d  UCSCTL6_H                                  
0000016c  UCSCTL6_L                                  
0000016e  UCSCTL7                                    
0000016f  UCSCTL7_H                                  
0000016e  UCSCTL7_L                                  
00000170  UCSCTL8                                    
00000171  UCSCTL8_H                                  
00000170  UCSCTL8_L                                  
00011d80  UCS_clearFaultFlag                         
00010c52  UCS_initClockSignal                        
0001058c  UCS_initFLL                                
000116e8  UCS_initFLLSettle                          
00011d56  UCS_turnOffXT2                             
0001154c  UCS_turnOnXT2WithTimeout                   
00004564  UNMI_ISR                                   
00000902  USBCNF                                     
00000903  USBCNF_H                                   
00000902  USBCNF_L                                   
0000093c  USBCTL                                     
0000093a  USBFN                                      
0000093b  USBFN_H                                    
0000093a  USBFN_L                                    
0000093f  USBFUNADR                                  
00011644  USBHAL_initButtons                         
0001158c  USBHAL_initClocks                          
00010960  USBHAL_initPorts                           
00011d98  USBHID_handleBootProtocol                  
00011d9c  USBHID_handleDataReceived                  
00011da0  USBHID_handleEP0GetReport                  
00011da4  USBHID_handleEP0SetReport                  
00011da8  USBHID_handleEP0SetReportDataAvailable     
00011dac  USBHID_handleReceiveCompleted              
00011d5e  USBHID_handleSendCompleted                 
000109f8  USBHID_sendReport                          
0000093d  USBIE                                      
00002378  USBIEP0BUF                                 
000023c9  USBIEPBBAX_1                               
000023d1  USBIEPBBAX_2                               
000023d9  USBIEPBBAX_3                               
000023e1  USBIEPBBAX_4                               
000023e9  USBIEPBBAX_5                               
000023f1  USBIEPBBAX_6                               
000023f9  USBIEPBBAX_7                               
000023cd  USBIEPBBAY_1                               
000023d5  USBIEPBBAY_2                               
000023dd  USBIEPBBAY_3                               
000023e5  USBIEPBBAY_4                               
000023ed  USBIEPBBAY_5                               
000023f5  USBIEPBBAY_6                               
000023fd  USBIEPBBAY_7                               
000023ca  USBIEPBCTX_1                               
000023d2  USBIEPBCTX_2                               
000023da  USBIEPBCTX_3                               
000023e2  USBIEPBCTX_4                               
000023ea  USBIEPBCTX_5                               
000023f2  USBIEPBCTX_6                               
000023fa  USBIEPBCTX_7                               
000023ce  USBIEPBCTY_1                               
000023d6  USBIEPBCTY_2                               
000023de  USBIEPBCTY_3                               
000023e6  USBIEPBCTY_4                               
000023ee  USBIEPBCTY_5                               
000023f6  USBIEPBCTY_6                               
000023fe  USBIEPBCTY_7                               
00000920  USBIEPCNF_0                                
000023c8  USBIEPCNF_1                                
000023d0  USBIEPCNF_2                                
000023d8  USBIEPCNF_3                                
000023e0  USBIEPCNF_4                                
000023e8  USBIEPCNF_5                                
000023f0  USBIEPCNF_6                                
000023f8  USBIEPCNF_7                                
00000921  USBIEPCNT_0                                
0000092e  USBIEPIE                                   
00000930  USBIEPIFG                                  
000023cf  USBIEPSIZXY_1                              
000023d7  USBIEPSIZXY_2                              
000023df  USBIEPSIZXY_3                              
000023e7  USBIEPSIZXY_4                              
000023ef  USBIEPSIZXY_5                              
000023f7  USBIEPSIZXY_6                              
000023ff  USBIEPSIZXY_7                              
0000093e  USBIFG                                     
00000900  USBKEYID                                   
00000901  USBKEYID_H                                 
00000900  USBKEYID_L                                 
00000936  USBMAINT                                   
00000937  USBMAINT_H                                 
00000936  USBMAINT_L                                 
00002370  USBOEP0BUF                                 
00002389  USBOEPBBAX_1                               
00002391  USBOEPBBAX_2                               
00002399  USBOEPBBAX_3                               
000023a1  USBOEPBBAX_4                               
000023a9  USBOEPBBAX_5                               
000023b1  USBOEPBBAX_6                               
000023b9  USBOEPBBAX_7                               
0000238d  USBOEPBBAY_1                               
00002395  USBOEPBBAY_2                               
0000239d  USBOEPBBAY_3                               
000023a5  USBOEPBBAY_4                               
000023ad  USBOEPBBAY_5                               
000023b5  USBOEPBBAY_6                               
000023bd  USBOEPBBAY_7                               
0000238a  USBOEPBCTX_1                               
00002392  USBOEPBCTX_2                               
0000239a  USBOEPBCTX_3                               
000023a2  USBOEPBCTX_4                               
000023aa  USBOEPBCTX_5                               
000023b2  USBOEPBCTX_6                               
000023ba  USBOEPBCTX_7                               
0000238e  USBOEPBCTY_1                               
00002396  USBOEPBCTY_2                               
0000239e  USBOEPBCTY_3                               
000023a6  USBOEPBCTY_4                               
000023ae  USBOEPBCTY_5                               
000023b6  USBOEPBCTY_6                               
000023be  USBOEPBCTY_7                               
00000922  USBOEPCNF_0                                
00002388  USBOEPCNF_1                                
00002390  USBOEPCNF_2                                
00002398  USBOEPCNF_3                                
000023a0  USBOEPCNF_4                                
000023a8  USBOEPCNF_5                                
000023b0  USBOEPCNF_6                                
000023b8  USBOEPCNF_7                                
00000923  USBOEPCNT_0                                
0000092f  USBOEPIE                                   
00000931  USBOEPIFG                                  
0000238f  USBOEPSIZXY_1                              
00002397  USBOEPSIZXY_2                              
0000239f  USBOEPSIZXY_3                              
000023a7  USBOEPSIZXY_4                              
000023af  USBOEPSIZXY_5                              
000023b7  USBOEPSIZXY_6                              
000023bf  USBOEPSIZXY_7                              
00000904  USBPHYCTL                                  
00000905  USBPHYCTL_H                                
00000904  USBPHYCTL_L                                
00000910  USBPLLCTL                                  
00000911  USBPLLCTL_H                                
00000910  USBPLLCTL_L                                
00000912  USBPLLDIVB                                 
00000913  USBPLLDIVB_H                               
00000912  USBPLLDIVB_L                               
00000914  USBPLLIR                                   
00000915  USBPLLIR_H                                 
00000914  USBPLLIR_L                                 
00000908  USBPWRCTL                                  
00000909  USBPWRCTL_H                                
00000908  USBPWRCTL_L                                
00001c00  USBSTABUFF                                 
00002380  USBSUBLK                                   
0000236f  USBTOPBUFF                                 
00000938  USBTSREG                                   
00000939  USBTSREG_H                                 
00000938  USBTSREG_L                                 
00000932  USBVECINT                                  
00000933  USBVECINT_H                                
00000932  USBVECINT_L                                
0001073a  USB_InitSerialStringDescriptor             
00002466  USB_RX_memcpy                              
0000246a  USB_TX_memcpy                              
00011b56  USB_connect                                
00010800  USB_determineFreq                          
000108bc  USB_determineXT2Freq                       
00011978  USB_disable                                
0001039c  USB_enable                                 
0001171a  USB_getConnectionInformation               
00010b28  USB_getConnectionState                     
00011d86  USB_getVersion                             
00011db0  USB_handleClockEvent                       
00011db4  USB_handleEnumerationCompleteEvent         
00011db8  USB_handleResetEvent                       
00011d24  USB_handleResumeEvent                      
00011d2e  USB_handleSuspendEvent                     
00011d66  USB_handleVbusOffEvent                     
00011b70  USB_handleVbusOnEvent                      
00010a90  USB_init                                   
000111ac  USB_initMemcpy                             
0001167c  USB_lookUpPll                              
00010496  USB_reset                                  
00011bbe  USB_resume                                 
0001147a  USB_setup                                  
0001174c  USB_suspend                                
00002490  VERSION                                    
0000015c  WDTCTL                                     
0000015d  WDTCTL_H                                   
0000015c  WDTCTL_L                                   
00011b8a  WDT_A_hold                                 
00004400  __STACK_END                                
000000a0  __STACK_SIZE                               
UNDEFED   __TI_BINIT_Base                            
UNDEFED   __TI_BINIT_Limit                           
00004894  __TI_CINIT_Base                            
000048a4  __TI_CINIT_Limit                           
00004882  __TI_Handler_Table_Base                    
0000488e  __TI_Handler_Table_Limit                   
UNDEFED   __TI_INITARRAY_Base                        
UNDEFED   __TI_INITARRAY_Limit                       
000045bc  __TI_ISR_TRAP                              
00010e5e  __TI_decompress_lzss                       
00011c9a  __TI_decompress_none                       
0000ffd2  __TI_int41                                 
0000ffd4  __TI_int42                                 
0000ffd6  __TI_int43                                 
0000ffd8  __TI_int44                                 
0000ffda  __TI_int45                                 
0000ffdc  __TI_int46                                 
0000ffde  __TI_int47                                 
0000ffe0  __TI_int48                                 
0000ffe2  __TI_int49                                 
0000ffe4  __TI_int50                                 
0000ffe6  __TI_int51                                 
0000ffe8  __TI_int52                                 
0000ffea  __TI_int53                                 
0000ffec  __TI_int54                                 
0000ffee  __TI_int55                                 
0000fff0  __TI_int56                                 
0000fff2  __TI_int57                                 
0000fff4  __TI_int58                                 
0000fff6  __TI_int59                                 
0000fff8  __TI_int60                                 
0000fffa  __TI_int61                                 
0000fffc  __TI_int62                                 
ffffffff  __TI_pprof_out_hndl                        
ffffffff  __TI_prof_data_size                        
ffffffff  __TI_prof_data_start                       
000118ea  __TI_zero_init                             
ffffffff  __c_args__                                 
00011c1c  __mspabi_divu                              
00011208  __mspabi_divul                             
00011bd6  __mspabi_mpyi_f5hw                         
00011c1c  __mspabi_remu                              
00011208  __mspabi_remul                             
00011d42  __mspabi_slli                              
00011d4c  __mspabi_srli                              
00011602  __mspabi_srll_1                            
000115de  __mspabi_srll_10                           
000115da  __mspabi_srll_11                           
000115d6  __mspabi_srll_12                           
000115d2  __mspabi_srll_13                           
000115ce  __mspabi_srll_14                           
000115ca  __mspabi_srll_15                           
000115fe  __mspabi_srll_2                            
000115fa  __mspabi_srll_3                            
000115f6  __mspabi_srll_4                            
000115f2  __mspabi_srll_5                            
000115ee  __mspabi_srll_6                            
000115ea  __mspabi_srll_7                            
000115e6  __mspabi_srll_8                            
000115e2  __mspabi_srll_9                            
00010d66  _auto_init_hold_wdt                        
000045a2  _c_int00_noargs_noexit                     
0000fffe  _reset_vector                              
00004360  _stack                                     
00011dbc  _system_post_cinit                         
00011d38  _system_pre_init                           
00002484  a                                          
00002378  abIEP0Buffer                               
00002370  abOEP0Buffer                               
00002456  abUsbRequestIncomingData                   
0000245e  abUsbRequestReturnData                     
00011d8c  abort                                      
00002400  abramSerialStringDescriptor                
000047d7  abromConfigurationDescriptorGroup          
0000483e  abromDeviceDescriptor                      
00004714  abromStringDescriptor                      
0000248e  bEnumerationStatus                         
0000248d  bFunctionSuspended                         
00002474  bStatusAction                              
00002498  button1Pressed                             
00002499  button2Pressed                             
00011020  copy_in                                    
0000249c  hidIdleRate                                
0000249e  hidProtocol                                
00004400  iUsbInterruptHandler                       
0000249a  keySendComplete                            
00010000  main                                       
00011c5e  memcpy                                     
00011084  memcpyDMA                                  
00011b20  memcpyV                                    
00011c06  memset                                     
00002476  outputs                                    
00001c00  pbXBufferAddressEp1                        
00001d00  pbXBufferAddressEp2                        
00001e00  pbXBufferAddressEp3                        
00001f00  pbXBufferAddressEp4                        
00002000  pbXBufferAddressEp5                        
00002100  pbXBufferAddressEp6                        
00002200  pbXBufferAddressEp7                        
00001c80  pbXBufferAddressEp81                       
00001d80  pbXBufferAddressEp82                       
00001e80  pbXBufferAddressEp83                       
00001f80  pbXBufferAddressEp84                       
00002080  pbXBufferAddressEp85                       
00002180  pbXBufferAddressEp86                       
00002280  pbXBufferAddressEp87                       
00001c40  pbYBufferAddressEp1                        
00001d40  pbYBufferAddressEp2                        
00001e40  pbYBufferAddressEp3                        
[...]
00000909  USBPWRCTL_H                                
00000910  USBPLLCTL                                  
00000910  USBPLLCTL_L                                
00000911  USBPLLCTL_H                                
00000912  USBPLLDIVB                                 
00000912  USBPLLDIVB_L                               
00000913  USBPLLDIVB_H                               
00000914  USBPLLIR                                   
00000914  USBPLLIR_L                                 
00000915  USBPLLIR_H                                 
00000920  USBIEPCNF_0                                
00000920  tEndPoint0DescriptorBlock                  
00000921  USBIEPCNT_0                                
00000922  USBOEPCNF_0                                
00000923  USBOEPCNT_0                                
0000092e  USBIEPIE                                   
0000092f  USBOEPIE                                   
00000930  USBIEPIFG                                  
00000931  USBOEPIFG                                  
00000932  USBVECINT                                  
00000932  USBVECINT_L                                
00000933  USBVECINT_H                                
00000936  USBMAINT                                   
00000936  USBMAINT_L                                 
00000937  USBMAINT_H                                 
00000938  USBTSREG                                   
00000938  USBTSREG_L                                 
00000939  USBTSREG_H                                 
0000093a  USBFN                                      
0000093a  USBFN_L                                    
0000093b  USBFN_H                                    
0000093c  USBCTL                                     
0000093d  USBIE                                      
0000093e  USBIFG                                     
0000093f  USBFUNADR                                  
00001c00  USBSTABUFF                                 
00001c00  pbXBufferAddressEp1                        
00001c40  pbYBufferAddressEp1                        
00001c80  pbXBufferAddressEp81                       
00001cc0  pbYBufferAddressEp81                       
00001d00  pbXBufferAddressEp2                        
00001d40  pbYBufferAddressEp2                        
00001d80  pbXBufferAddressEp82                       
00001dc0  pbYBufferAddressEp82                       
00001e00  pbXBufferAddressEp3                        
00001e40  pbYBufferAddressEp3                        
00001e80  pbXBufferAddressEp83                       
00001ec0  pbYBufferAddressEp83                       
00001f00  pbXBufferAddressEp4                        
00001f40  pbYBufferAddressEp4                        
00001f80  pbXBufferAddressEp84                       
00001fc0  pbYBufferAddressEp84                       
00002000  pbXBufferAddressEp5                        
00002040  pbYBufferAddressEp5                        
00002080  pbXBufferAddressEp85                       
000020c0  pbYBufferAddressEp85                       
00002100  pbXBufferAddressEp6                        
00002140  pbYBufferAddressEp6                        
00002180  pbXBufferAddressEp86                       
000021c0  pbYBufferAddressEp86                       
00002200  pbXBufferAddressEp7                        
00002240  pbYBufferAddressEp7                        
00002280  pbXBufferAddressEp87                       
000022c0  pbYBufferAddressEp87                       
0000236f  USBTOPBUFF                                 
00002370  USBOEP0BUF                                 
00002370  abOEP0Buffer                               
00002378  USBIEP0BUF                                 
00002378  abIEP0Buffer                               
00002380  USBSUBLK                                   
00002380  tSetupPacket                               
00002388  USBOEPCNF_1                                
00002388  tOutputEndPointDescriptorBlock             
00002389  USBOEPBBAX_1                               
0000238a  USBOEPBCTX_1                               
0000238d  USBOEPBBAY_1                               
0000238e  USBOEPBCTY_1                               
0000238f  USBOEPSIZXY_1                              
00002390  USBOEPCNF_2                                
00002391  USBOEPBBAX_2                               
00002392  USBOEPBCTX_2                               
00002395  USBOEPBBAY_2                               
00002396  USBOEPBCTY_2                               
00002397  USBOEPSIZXY_2                              
00002398  USBOEPCNF_3                                
00002399  USBOEPBBAX_3                               
0000239a  USBOEPBCTX_3                               
0000239d  USBOEPBBAY_3                               
0000239e  USBOEPBCTY_3                               
0000239f  USBOEPSIZXY_3                              
000023a0  USBOEPCNF_4                                
000023a1  USBOEPBBAX_4                               
000023a2  USBOEPBCTX_4                               
000023a5  USBOEPBBAY_4                               
000023a6  USBOEPBCTY_4                               
000023a7  USBOEPSIZXY_4                              
000023a8  USBOEPCNF_5                                
000023a9  USBOEPBBAX_5                               
000023aa  USBOEPBCTX_5                               
000023ad  USBOEPBBAY_5                               
000023ae  USBOEPBCTY_5                               
000023af  USBOEPSIZXY_5                              
000023b0  USBOEPCNF_6                                
000023b1  USBOEPBBAX_6                               
000023b2  USBOEPBCTX_6                               
000023b5  USBOEPBBAY_6                               
000023b6  USBOEPBCTY_6                               
000023b7  USBOEPSIZXY_6                              
000023b8  USBOEPCNF_7                                
000023b9  USBOEPBBAX_7                               
000023ba  USBOEPBCTX_7                               
000023bd  USBOEPBBAY_7                               
000023be  USBOEPBCTY_7                               
000023bf  USBOEPSIZXY_7                              
000023c8  USBIEPCNF_1                                
000023c8  tInputEndPointDescriptorBlock              
000023c9  USBIEPBBAX_1                               
000023ca  USBIEPBCTX_1                               
000023cd  USBIEPBBAY_1                               
000023ce  USBIEPBCTY_1                               
000023cf  USBIEPSIZXY_1                              
000023d0  USBIEPCNF_2                                
000023d1  USBIEPBBAX_2                               
000023d2  USBIEPBCTX_2                               
000023d5  USBIEPBBAY_2                               
000023d6  USBIEPBCTY_2                               
000023d7  USBIEPSIZXY_2                              
000023d8  USBIEPCNF_3                                
000023d9  USBIEPBBAX_3                               
000023da  USBIEPBCTX_3                               
000023dd  USBIEPBBAY_3                               
000023de  USBIEPBCTY_3                               
000023df  USBIEPSIZXY_3                              
000023e0  USBIEPCNF_4                                
000023e1  USBIEPBBAX_4                               
000023e2  USBIEPBCTX_4                               
000023e5  USBIEPBBAY_4                               
000023e6  USBIEPBCTY_4                               
000023e7  USBIEPSIZXY_4                              
000023e8  USBIEPCNF_5                                
000023e9  USBIEPBBAX_5                               
000023ea  USBIEPBCTX_5                               
000023ed  USBIEPBBAY_5                               
000023ee  USBIEPBCTY_5                               
000023ef  USBIEPSIZXY_5                              
000023f0  USBIEPCNF_6                                
000023f1  USBIEPBBAX_6                               
000023f2  USBIEPBCTX_6                               
000023f5  USBIEPBBAY_6                               
000023f6  USBIEPBCTY_6                               
000023f7  USBIEPSIZXY_6                              
000023f8  USBIEPCNF_7                                
000023f9  USBIEPBBAX_7                               
000023fa  USBIEPBCTX_7                               
000023fd  USBIEPBBAY_7                               
000023fe  USBIEPBCTY_7                               
000023ff  USBIEPSIZXY_7                              
00002400  abramSerialStringDescriptor                
00002456  abUsbRequestIncomingData                   
0000245e  abUsbRequestReturnData                     
00002466  USB_RX_memcpy                              
0000246a  USB_TX_memcpy                              
0000246e  wBytesRemainingOnIEP0                      
00002470  wBytesRemainingOnOEP0                      
00002472  wUsbEventMask                              
00002474  bStatusAction                              
00002476  outputs                                    
00002484  a                                          
0000248d  bFunctionSuspended                         
0000248e  bEnumerationStatus                         
00002490  VERSION                                    
00002494  report_desc                                
00002498  button1Pressed                             
00002499  button2Pressed                             
0000249a  keySendComplete                            
0000249c  hidIdleRate                                
0000249e  hidProtocol                                
00004360  _stack                                     
00004400  __STACK_END                                
00004400  iUsbInterruptHandler                       
0000451e  Button1_ISR                                
00004564  UNMI_ISR                                   
000045a2  _c_int00_noargs_noexit                     
000045bc  __TI_ISR_TRAP                              
000045c4  tUsbRequestList                            
00004714  abromStringDescriptor                      
00004798  report_desc_HID0                           
000047d7  abromConfigurationDescriptorGroup          
0000483e  abromDeviceDescriptor                      
00004850  stUsbHandle                                
0000486a  report_desc_size                           
0000486c  report_len_input                           
00004882  __TI_Handler_Table_Base                    
0000488e  __TI_Handler_Table_Limit                   
00004894  __TI_CINIT_Base                            
000048a4  __TI_CINIT_Limit                           
0000ffd2  __TI_int41                                 
0000ffd4  __TI_int42                                 
0000ffd6  __TI_int43                                 
0000ffd8  __TI_int44                                 
0000ffda  __TI_int45                                 
0000ffdc  __TI_int46                                 
0000ffde  __TI_int47                                 
0000ffe0  __TI_int48                                 
0000ffe2  __TI_int49                                 
0000ffe4  __TI_int50                                 
0000ffe6  __TI_int51                                 
0000ffe8  __TI_int52                                 
0000ffea  __TI_int53                                 
0000ffec  __TI_int54                                 
0000ffee  __TI_int55                                 
0000fff0  __TI_int56                                 
0000fff2  __TI_int57                                 
0000fff4  __TI_int58                                 
0000fff6  __TI_int59                                 
0000fff8  __TI_int60                                 
0000fffa  __TI_int61                                 
0000fffc  __TI_int62                                 
0000fffe  _reset_vector                              
00010000  main                                       
0001014c  HidToBufferFromHost                        
00010290  HidToHostFromBuffer                        
0001039c  USB_enable                                 
00010496  USB_reset                                  
0001058c  UCS_initFLL                                
0001066e  PMM_setVCoreUp                             
0001073a  USB_InitSerialStringDescriptor             
00010800  USB_determineFreq                          
000108bc  USB_determineXT2Freq                       
00010960  USBHAL_initPorts                           
000109f8  USBHID_sendReport                          
00010a90  USB_init                                   
00010b28  USB_getConnectionState                     
00010bbe  PMM_setVCoreDown                           
00010c52  UCS_initClockSignal                        
00010cde  usbDecodeAndProcessUsbRequest              
00010d66  _auto_init_hold_wdt                        
00010de8  HidCopyUsbToBuff                           
00010e5e  __TI_decompress_lzss                       
00010ed4  usbSendNextPacketOnIEP0                    
00010f48  PWRVBUSoffHandler                          
00010fb6  usbGetEndpointStatus                       
00011020  copy_in                                    
00011084  memcpyDMA                                  
000110e8  DMA_init                                   
0001114a  PWRVBUSonHandler                           
000111ac  USB_initMemcpy                             
00011208  __mspabi_divul                             
00011208  __mspabi_remul                             
00011260  usbSetEndpointFeature                      
000112b2  usbGetStringDescriptor                     
00011302  TLV_getInfo                                
0001134e  pinVal                                     
0001139a  usbReceiveNextPacketOnOEP0                 
000113e6  PMM_setVCore                               
00011430  SetupPacketInterruptHandler                
0001147a  USB_setup                                  
000114c4  usbClearEndpointFeature                    
0001150a  GPIO_setAsInputPinWithPullUpResistor       
0001154c  UCS_turnOnXT2WithTimeout                   
0001158c  USBHAL_initClocks                          
000115ca  __mspabi_srll_15                           
000115ce  __mspabi_srll_14                           
000115d2  __mspabi_srll_13                           
000115d6  __mspabi_srll_12                           
000115da  __mspabi_srll_11                           
000115de  __mspabi_srll_10                           
000115e2  __mspabi_srll_9                            
000115e6  __mspabi_srll_8                            
000115ea  __mspabi_srll_7                            
000115ee  __mspabi_srll_6                            
000115f2  __mspabi_srll_5                            
000115f6  __mspabi_srll_4                            
000115fa  __mspabi_srll_3                            
000115fe  __mspabi_srll_2                            
00011602  __mspabi_srll_1                            
00011608  OEP0InterruptHandler                       
00011644  USBHAL_initButtons                         
0001167c  USB_lookUpPll                              
000116b4  usbSetAddress                              
000116e8  UCS_initFLLSettle                          
0001171a  USB_getConnectionInformation               
0001174c  USB_suspend                                
0001177c  usbSetConfiguration                        
000117ac  usbGetDeviceStatus                         
000117d8  usbSetReport                               
00011802  DMA_setDstAddress                          
0001182a  GPIO_setAsOutputPin                        
00011852  GPIO_setAsPeripheralModuleFunctionOutputPin
0001187a  DMA_setSrcAddress                          
000118a0  usbGetReport                               
000118c6  GPIO_getInterruptStatus                    
000118ea  __TI_zero_init                             
0001190e  usbClearDeviceFeature                      
00011932  usbSetDeviceFeature                        
00011956  HidResetData                               
00011978  USB_disable                                
0001199a  usbGetHidDescriptor                        
000119ba  usbGetReportDescriptor                     
000119da  usbSendDataPacketOnEP0                     
000119fa  usbSetProtocol                             
00011a1a  GPIO_clearInterrupt                        
00011a38  GPIO_enableInterrupt                       
00011a56  usbGetIdle                                 
00011a74  usbGetInterface                            
00011a92  usbGetInterfaceStatus                      
00011ab0  GPIO_getInputPinValue                      
00011acc  GPIO_setOutputHighOnPin                    
00011ae8  GPIO_setOutputLowOnPin                     
00011b04  IEP0InterruptHandler                       
00011b20  memcpyV                                    
00011b3c  HidIsReceiveInProgress                     
00011b56  USB_connect                                
00011b70  USB_handleVbusOnEvent                      
00011b8a  WDT_A_hold                                 
00011ba4  usbSetInterface                            
00011bbe  USB_resume                                 
00011bd6  __mspabi_mpyi_f5hw                         
00011bee  usbSetIdle                                 
00011c06  memset                                     
00011c1c  __mspabi_divu                              
00011c1c  __mspabi_remu                              
00011c32  usbGetConfigurationDescriptor              
00011c48  usbGetDeviceDescriptor                     
00011c5e  memcpy                                     
00011c72  usbGetConfiguration                        
00011c86  usbReceiveDataPacketOnEP0                  
00011c9a  __TI_decompress_none                       
00011cac  usbInvalidRequest                          
00011cbe  DMA_disableTransfers                       
00011cce  DMA_enableTransfers                        
00011cde  usbGetProtocol                             
00011cee  DMA_getInterruptStatus                     
00011cfc  DMA_startTransfer                          
00011d0a  usbSendZeroLengthPacketOnIEP0              
00011d18  DMA_setTransferSize                        
00011d24  USB_handleResumeEvent                      
00011d2e  USB_handleSuspendEvent                     
00011d38  _system_pre_init                           
00011d42  __mspabi_slli                              
00011d4c  __mspabi_srli                              
00011d56  UCS_turnOffXT2                             
00011d5e  USBHID_handleSendCompleted                 
00011d66  USB_handleVbusOffEvent                     
00011d6e  DMA_disableTransferDuringReadModifyWrite   
00011d74  DMA_enableTransferDuringReadModifyWrite    
00011d7a  SFR_clearInterrupt                         
00011d80  UCS_clearFaultFlag                         
00011d86  USB_getVersion                             
00011d8c  C$$EXIT                                    
00011d8c  abort                                      
00011d92  usbClearOEP0ByteCount                      
00011d98  USBHID_handleBootProtocol                  
00011d9c  USBHID_handleDataReceived                  
00011da0  USBHID_handleEP0GetReport                  
00011da4  USBHID_handleEP0SetReport                  
00011da8  USBHID_handleEP0SetReportDataAvailable     
00011dac  USBHID_handleReceiveCompleted              
00011db0  USB_handleClockEvent                       
00011db4  USB_handleEnumerationCompleteEvent         
00011db8  USB_handleResetEvent                       
00011dbc  _system_post_cinit                         
ffffffff  __TI_pprof_out_hndl                        
ffffffff  __TI_prof_data_size                        
ffffffff  __TI_prof_data_start                       
ffffffff  __c_args__                                 
UNDEFED   __TI_BINIT_Base                            
UNDEFED   __TI_BINIT_Limit                           
UNDEFED   __TI_INITARRAY_Base                        
UNDEFED   __TI_INITARRAY_Limit                       

[996 symbols]
