<?xml version="1.0"?>
<link_info>
   <banner>MSP430 Linker PC v16.9.6.LTS</banner>
   <copyright>Copyright (c) 2003-2017 Texas Instruments Incorporated</copyright>
   <link_time>0x5c43ad63</link_time>
   <link_errors>0x0</link_errors>
   <output_file>ASCII-Keyboard.out</output_file>
   <entry_point>
      <name>_c_int00_noargs_noexit</name>
      <address>0x451e</address>
   </entry_point>
   <input_file_list>
      <input_file id="fl-2">
         <path>.\</path>
         <kind>object</kind>
         <file>ASCIITranslator.obj</file>
         <name>ASCIITranslator.obj</name>
      </input_file>
      <input_file id="fl-3">
         <path>.\</path>
         <kind>object</kind>
         <file>hal.obj</file>
         <name>hal.obj</name>
      </input_file>
      <input_file id="fl-4">
         <path>.\</path>
         <kind>object</kind>
         <file>main.obj</file>
         <name>main.obj</name>
      </input_file>
      <input_file id="fl-5">
         <path>.\</path>
         <kind>object</kind>
         <file>system_pre_init.obj</file>
         <name>system_pre_init.obj</name>
      </input_file>
      <input_file id="fl-6">
         <path>.\USB_API\USB_CDC_API\</path>
         <kind>object</kind>
         <file>UsbCdc.obj</file>
         <name>UsbCdc.obj</name>
      </input_file>
      <input_file id="fl-7">
         <path>.\USB_API\USB_Common\</path>
         <kind>object</kind>
         <file>usb.obj</file>
         <name>usb.obj</name>
      </input_file>
      <input_file id="fl-8">
         <path>.\USB_API\USB_Common\</path>
         <kind>object</kind>
         <file>usbdma.obj</file>
         <name>usbdma.obj</name>
      </input_file>
      <input_file id="fl-9">
         <path>.\USB_API\USB_HID_API\</path>
         <kind>object</kind>
         <file>UsbHid.obj</file>
         <name>UsbHid.obj</name>
      </input_file>
      <input_file id="fl-a">
         <path>.\USB_API\USB_HID_API\</path>
         <kind>object</kind>
         <file>UsbHidReq.obj</file>
         <name>UsbHidReq.obj</name>
      </input_file>
      <input_file id="fl-b">
         <path>.\USB_API\USB_MSC_API\</path>
         <kind>object</kind>
         <file>UsbMscReq.obj</file>
         <name>UsbMscReq.obj</name>
      </input_file>
      <input_file id="fl-c">
         <path>.\USB_API\USB_MSC_API\</path>
         <kind>object</kind>
         <file>UsbMscScsi.obj</file>
         <name>UsbMscScsi.obj</name>
      </input_file>
      <input_file id="fl-d">
         <path>.\USB_API\USB_MSC_API\</path>
         <kind>object</kind>
         <file>UsbMscStateMachine.obj</file>
         <name>UsbMscStateMachine.obj</name>
      </input_file>
      <input_file id="fl-e">
         <path>.\USB_API\USB_PHDC_API\</path>
         <kind>object</kind>
         <file>UsbPHDC.obj</file>
         <name>UsbPHDC.obj</name>
      </input_file>
      <input_file id="fl-f">
         <path>.\USB_app\</path>
         <kind>object</kind>
         <file>usbEventHandling.obj</file>
         <name>usbEventHandling.obj</name>
      </input_file>
      <input_file id="fl-10">
         <path>.\USB_config\</path>
         <kind>object</kind>
         <file>UsbIsr.obj</file>
         <name>UsbIsr.obj</name>
      </input_file>
      <input_file id="fl-11">
         <path>.\USB_config\</path>
         <kind>object</kind>
         <file>descriptors.obj</file>
         <name>descriptors.obj</name>
      </input_file>
      <input_file id="fl-12">
         <path>.\driverlib\MSP430F5xx_6xx\</path>
         <kind>object</kind>
         <file>adc10_a.obj</file>
         <name>adc10_a.obj</name>
      </input_file>
      <input_file id="fl-13">
         <path>.\driverlib\MSP430F5xx_6xx\</path>
         <kind>object</kind>
         <file>adc12_a.obj</file>
         <name>adc12_a.obj</name>
      </input_file>
      <input_file id="fl-14">
         <path>.\driverlib\MSP430F5xx_6xx\</path>
         <kind>object</kind>
         <file>aes.obj</file>
         <name>aes.obj</name>
      </input_file>
      <input_file id="fl-15">
         <path>.\driverlib\MSP430F5xx_6xx\</path>
         <kind>object</kind>
         <file>battbak.obj</file>
         <name>battbak.obj</name>
      </input_file>
      <input_file id="fl-16">
         <path>.\driverlib\MSP430F5xx_6xx\</path>
         <kind>object</kind>
         <file>comp_b.obj</file>
         <name>comp_b.obj</name>
      </input_file>
      <input_file id="fl-17">
         <path>.\driverlib\MSP430F5xx_6xx\</path>
         <kind>object</kind>
         <file>crc.obj</file>
         <name>crc.obj</name>
      </input_file>
      <input_file id="fl-18">
         <path>.\driverlib\MSP430F5xx_6xx\</path>
         <kind>object</kind>
         <file>ctsd16.obj</file>
         <name>ctsd16.obj</name>
      </input_file>
      <input_file id="fl-19">
         <path>.\driverlib\MSP430F5xx_6xx\</path>
         <kind>object</kind>
         <file>dac12_a.obj</file>
         <name>dac12_a.obj</name>
      </input_file>
      <input_file id="fl-1a">
         <path>.\driverlib\MSP430F5xx_6xx\</path>
         <kind>object</kind>
         <file>dma.obj</file>
         <name>dma.obj</name>
      </input_file>
      <input_file id="fl-1b">
         <path>.\driverlib\MSP430F5xx_6xx\</path>
         <kind>object</kind>
         <file>eusci_a_spi.obj</file>
         <name>eusci_a_spi.obj</name>
      </input_file>
      <input_file id="fl-1c">
         <path>.\driverlib\MSP430F5xx_6xx\</path>
         <kind>object</kind>
         <file>eusci_a_uart.obj</file>
         <name>eusci_a_uart.obj</name>
      </input_file>
      <input_file id="fl-1d">
         <path>.\driverlib\MSP430F5xx_6xx\</path>
         <kind>object</kind>
         <file>eusci_b_i2c.obj</file>
         <name>eusci_b_i2c.obj</name>
      </input_file>
      <input_file id="fl-1e">
         <path>.\driverlib\MSP430F5xx_6xx\</path>
         <kind>object</kind>
         <file>eusci_b_spi.obj</file>
         <name>eusci_b_spi.obj</name>
      </input_file>
      <input_file id="fl-1f">
         <path>.\driverlib\MSP430F5xx_6xx\</path>
         <kind>object</kind>
         <file>flashctl.obj</file>
         <name>flashctl.obj</name>
      </input_file>
      <input_file id="fl-20">
         <path>.\driverlib\MSP430F5xx_6xx\</path>
         <kind>object</kind>
         <file>gpio.obj</file>
         <name>gpio.obj</name>
      </input_file>
      <input_file id="fl-21">
         <path>.\driverlib\MSP430F5xx_6xx\</path>
         <kind>object</kind>
         <file>lcd_b.obj</file>
         <name>lcd_b.obj</name>
      </input_file>
      <input_file id="fl-22">
         <path>.\driverlib\MSP430F5xx_6xx\</path>
         <kind>object</kind>
         <file>ldopwr.obj</file>
         <name>ldopwr.obj</name>
      </input_file>
      <input_file id="fl-23">
         <path>.\driverlib\MSP430F5xx_6xx\</path>
         <kind>object</kind>
         <file>mpy32.obj</file>
         <name>mpy32.obj</name>
      </input_file>
      <input_file id="fl-24">
         <path>.\driverlib\MSP430F5xx_6xx\</path>
         <kind>object</kind>
         <file>oa.obj</file>
         <name>oa.obj</name>
      </input_file>
      <input_file id="fl-25">
         <path>.\driverlib\MSP430F5xx_6xx\</path>
         <kind>object</kind>
         <file>pmap.obj</file>
         <name>pmap.obj</name>
      </input_file>
      <input_file id="fl-26">
         <path>.\driverlib\MSP430F5xx_6xx\</path>
         <kind>object</kind>
         <file>pmm.obj</file>
         <name>pmm.obj</name>
      </input_file>
      <input_file id="fl-27">
         <path>.\driverlib\MSP430F5xx_6xx\</path>
         <kind>object</kind>
         <file>ram.obj</file>
         <name>ram.obj</name>
      </input_file>
      <input_file id="fl-28">
         <path>.\driverlib\MSP430F5xx_6xx\</path>
         <kind>object</kind>
         <file>ref.obj</file>
         <name>ref.obj</name>
      </input_file>
      <input_file id="fl-29">
         <path>.\driverlib\MSP430F5xx_6xx\</path>
         <kind>object</kind>
         <file>rtc_a.obj</file>
         <name>rtc_a.obj</name>
      </input_file>
      <input_file id="fl-2a">
         <path>.\driverlib\MSP430F5xx_6xx\</path>
         <kind>object</kind>
         <file>rtc_b.obj</file>
         <name>rtc_b.obj</name>
      </input_file>
      <input_file id="fl-2b">
         <path>.\driverlib\MSP430F5xx_6xx\</path>
         <kind>object</kind>
         <file>rtc_c.obj</file>
         <name>rtc_c.obj</name>
      </input_file>
      <input_file id="fl-2c">
         <path>.\driverlib\MSP430F5xx_6xx\</path>
         <kind>object</kind>
         <file>sd24_b.obj</file>
         <name>sd24_b.obj</name>
      </input_file>
      <input_file id="fl-2d">
         <path>.\driverlib\MSP430F5xx_6xx\</path>
         <kind>object</kind>
         <file>sfr.obj</file>
         <name>sfr.obj</name>
      </input_file>
      <input_file id="fl-2e">
         <path>.\driverlib\MSP430F5xx_6xx\</path>
         <kind>object</kind>
         <file>sysctl.obj</file>
         <name>sysctl.obj</name>
      </input_file>
      <input_file id="fl-2f">
         <path>.\driverlib\MSP430F5xx_6xx\</path>
         <kind>object</kind>
         <file>tec.obj</file>
         <name>tec.obj</name>
      </input_file>
      <input_file id="fl-30">
         <path>.\driverlib\MSP430F5xx_6xx\</path>
         <kind>object</kind>
         <file>timer_a.obj</file>
         <name>timer_a.obj</name>
      </input_file>
      <input_file id="fl-31">
         <path>.\driverlib\MSP430F5xx_6xx\</path>
         <kind>object</kind>
         <file>timer_b.obj</file>
         <name>timer_b.obj</name>
      </input_file>
      <input_file id="fl-32">
         <path>.\driverlib\MSP430F5xx_6xx\</path>
         <kind>object</kind>
         <file>timer_d.obj</file>
         <name>timer_d.obj</name>
      </input_file>
      <input_file id="fl-33">
         <path>.\driverlib\MSP430F5xx_6xx\</path>
         <kind>object</kind>
         <file>tlv.obj</file>
         <name>tlv.obj</name>
      </input_file>
      <input_file id="fl-34">
         <path>.\driverlib\MSP430F5xx_6xx\</path>
         <kind>object</kind>
         <file>ucs.obj</file>
         <name>ucs.obj</name>
      </input_file>
      <input_file id="fl-35">
         <path>.\driverlib\MSP430F5xx_6xx\</path>
         <kind>object</kind>
         <file>usci_a_spi.obj</file>
         <name>usci_a_spi.obj</name>
      </input_file>
      <input_file id="fl-36">
         <path>.\driverlib\MSP430F5xx_6xx\</path>
         <kind>object</kind>
         <file>usci_a_uart.obj</file>
         <name>usci_a_uart.obj</name>
      </input_file>
      <input_file id="fl-37">
         <path>.\driverlib\MSP430F5xx_6xx\</path>
         <kind>object</kind>
         <file>usci_b_i2c.obj</file>
         <name>usci_b_i2c.obj</name>
      </input_file>
      <input_file id="fl-38">
         <path>.\driverlib\MSP430F5xx_6xx\</path>
         <kind>object</kind>
         <file>usci_b_spi.obj</file>
         <name>usci_b_spi.obj</name>
      </input_file>
      <input_file id="fl-39">
         <path>.\driverlib\MSP430F5xx_6xx\</path>
         <kind>object</kind>
         <file>wdt_a.obj</file>
         <name>wdt_a.obj</name>
      </input_file>
      <input_file id="fl-40">
         <kind>object</kind>
         <file>&lt;internal&gt;</file>
         <name>&lt;internal&gt;</name>
      </input_file>
      <input_file id="fl-5b">
         <path>C:\ti\ccsv7\tools\compiler\ti-cgt-msp430_16.9.6.LTS\lib\</path>
         <kind>archive</kind>
         <file>rts430x_lc_rd_eabi.lib</file>
         <name>addd.obj</name>
      </input_file>
      <input_file id="fl-5c">
         <path>C:\ti\ccsv7\tools\compiler\ti-cgt-msp430_16.9.6.LTS\lib\</path>
         <kind>archive</kind>
         <file>rts430x_lc_rd_eabi.lib</file>
         <name>boot.obj</name>
      </input_file>
      <input_file id="fl-5d">
         <path>C:\ti\ccsv7\tools\compiler\ti-cgt-msp430_16.9.6.LTS\lib\</path>
         <kind>archive</kind>
         <file>rts430x_lc_rd_eabi.lib</file>
         <name>boot_special.obj</name>
      </input_file>
      <input_file id="fl-5e">
         <path>C:\ti\ccsv7\tools\compiler\ti-cgt-msp430_16.9.6.LTS\lib\</path>
         <kind>archive</kind>
         <file>rts430x_lc_rd_eabi.lib</file>
         <name>copy_decompress_lzss.obj</name>
      </input_file>
      <input_file id="fl-5f">
         <path>C:\ti\ccsv7\tools\compiler\ti-cgt-msp430_16.9.6.LTS\lib\</path>
         <kind>archive</kind>
         <file>rts430x_lc_rd_eabi.lib</file>
         <name>copy_decompress_none.obj</name>
      </input_file>
      <input_file id="fl-60">
         <path>C:\ti\ccsv7\tools\compiler\ti-cgt-msp430_16.9.6.LTS\lib\</path>
         <kind>archive</kind>
         <file>rts430x_lc_rd_eabi.lib</file>
         <name>copy_zero_init.obj</name>
      </input_file>
      <input_file id="fl-61">
         <path>C:\ti\ccsv7\tools\compiler\ti-cgt-msp430_16.9.6.LTS\lib\</path>
         <kind>archive</kind>
         <file>rts430x_lc_rd_eabi.lib</file>
         <name>div16s.obj</name>
      </input_file>
      <input_file id="fl-62">
         <path>C:\ti\ccsv7\tools\compiler\ti-cgt-msp430_16.9.6.LTS\lib\</path>
         <kind>archive</kind>
         <file>rts430x_lc_rd_eabi.lib</file>
         <name>div16u.obj</name>
      </input_file>
      <input_file id="fl-63">
         <path>C:\ti\ccsv7\tools\compiler\ti-cgt-msp430_16.9.6.LTS\lib\</path>
         <kind>archive</kind>
         <file>rts430x_lc_rd_eabi.lib</file>
         <name>div32s.obj</name>
      </input_file>
      <input_file id="fl-64">
         <path>C:\ti\ccsv7\tools\compiler\ti-cgt-msp430_16.9.6.LTS\lib\</path>
         <kind>archive</kind>
         <file>rts430x_lc_rd_eabi.lib</file>
         <name>div32u.obj</name>
      </input_file>
      <input_file id="fl-65">
         <path>C:\ti\ccsv7\tools\compiler\ti-cgt-msp430_16.9.6.LTS\lib\</path>
         <kind>archive</kind>
         <file>rts430x_lc_rd_eabi.lib</file>
         <name>e_pow.obj</name>
      </input_file>
      <input_file id="fl-66">
         <path>C:\ti\ccsv7\tools\compiler\ti-cgt-msp430_16.9.6.LTS\lib\</path>
         <kind>archive</kind>
         <file>rts430x_lc_rd_eabi.lib</file>
         <name>e_sqrt.obj</name>
      </input_file>
      <input_file id="fl-67">
         <path>C:\ti\ccsv7\tools\compiler\ti-cgt-msp430_16.9.6.LTS\lib\</path>
         <kind>archive</kind>
         <file>rts430x_lc_rd_eabi.lib</file>
         <name>errno.obj</name>
      </input_file>
      <input_file id="fl-68">
         <path>C:\ti\ccsv7\tools\compiler\ti-cgt-msp430_16.9.6.LTS\lib\</path>
         <kind>archive</kind>
         <file>rts430x_lc_rd_eabi.lib</file>
         <name>exit.obj</name>
      </input_file>
      <input_file id="fl-69">
         <path>C:\ti\ccsv7\tools\compiler\ti-cgt-msp430_16.9.6.LTS\lib\</path>
         <kind>archive</kind>
         <file>rts430x_lc_rd_eabi.lib</file>
         <name>exit_gvars.obj</name>
      </input_file>
      <input_file id="fl-6a">
         <path>C:\ti\ccsv7\tools\compiler\ti-cgt-msp430_16.9.6.LTS\lib\</path>
         <kind>archive</kind>
         <file>rts430x_lc_rd_eabi.lib</file>
         <name>fixdu.obj</name>
      </input_file>
      <input_file id="fl-6b">
         <path>C:\ti\ccsv7\tools\compiler\ti-cgt-msp430_16.9.6.LTS\lib\</path>
         <kind>archive</kind>
         <file>rts430x_lc_rd_eabi.lib</file>
         <name>fixdul.obj</name>
      </input_file>
      <input_file id="fl-6c">
         <path>C:\ti\ccsv7\tools\compiler\ti-cgt-msp430_16.9.6.LTS\lib\</path>
         <kind>archive</kind>
         <file>rts430x_lc_rd_eabi.lib</file>
         <name>fltid.obj</name>
      </input_file>
      <input_file id="fl-6d">
         <path>C:\ti\ccsv7\tools\compiler\ti-cgt-msp430_16.9.6.LTS\lib\</path>
         <kind>archive</kind>
         <file>rts430x_lc_rd_eabi.lib</file>
         <name>fltlid.obj</name>
      </input_file>
      <input_file id="fl-6e">
         <path>C:\ti\ccsv7\tools\compiler\ti-cgt-msp430_16.9.6.LTS\lib\</path>
         <kind>archive</kind>
         <file>rts430x_lc_rd_eabi.lib</file>
         <name>frcaddd.obj</name>
      </input_file>
      <input_file id="fl-6f">
         <path>C:\ti\ccsv7\tools\compiler\ti-cgt-msp430_16.9.6.LTS\lib\</path>
         <kind>archive</kind>
         <file>rts430x_lc_rd_eabi.lib</file>
         <name>int41.obj</name>
      </input_file>
      <input_file id="fl-70">
         <path>C:\ti\ccsv7\tools\compiler\ti-cgt-msp430_16.9.6.LTS\lib\</path>
         <kind>archive</kind>
         <file>rts430x_lc_rd_eabi.lib</file>
         <name>int42.obj</name>
      </input_file>
      <input_file id="fl-71">
         <path>C:\ti\ccsv7\tools\compiler\ti-cgt-msp430_16.9.6.LTS\lib\</path>
         <kind>archive</kind>
         <file>rts430x_lc_rd_eabi.lib</file>
         <name>int43.obj</name>
      </input_file>
      <input_file id="fl-72">
         <path>C:\ti\ccsv7\tools\compiler\ti-cgt-msp430_16.9.6.LTS\lib\</path>
         <kind>archive</kind>
         <file>rts430x_lc_rd_eabi.lib</file>
         <name>int44.obj</name>
      </input_file>
      <input_file id="fl-73">
         <path>C:\ti\ccsv7\tools\compiler\ti-cgt-msp430_16.9.6.LTS\lib\</path>
         <kind>archive</kind>
         <file>rts430x_lc_rd_eabi.lib</file>
         <name>int45.obj</name>
      </input_file>
      <input_file id="fl-74">
         <path>C:\ti\ccsv7\tools\compiler\ti-cgt-msp430_16.9.6.LTS\lib\</path>
         <kind>archive</kind>
         <file>rts430x_lc_rd_eabi.lib</file>
         <name>int46.obj</name>
      </input_file>
      <input_file id="fl-75">
         <path>C:\ti\ccsv7\tools\compiler\ti-cgt-msp430_16.9.6.LTS\lib\</path>
         <kind>archive</kind>
         <file>rts430x_lc_rd_eabi.lib</file>
         <name>int47.obj</name>
      </input_file>
      <input_file id="fl-76">
         <path>C:\ti\ccsv7\tools\compiler\ti-cgt-msp430_16.9.6.LTS\lib\</path>
         <kind>archive</kind>
         <file>rts430x_lc_rd_eabi.lib</file>
         <name>int48.obj</name>
      </input_file>
      <input_file id="fl-77">
         <path>C:\ti\ccsv7\tools\compiler\ti-cgt-msp430_16.9.6.LTS\lib\</path>
         <kind>archive</kind>
         <file>rts430x_lc_rd_eabi.lib</file>
         <name>int49.obj</name>
      </input_file>
      <input_file id="fl-78">
         <path>C:\ti\ccsv7\tools\compiler\ti-cgt-msp430_16.9.6.LTS\lib\</path>
         <kind>archive</kind>
         <file>rts430x_lc_rd_eabi.lib</file>
         <name>int50.obj</name>
      </input_file>
      <input_file id="fl-79">
         <path>C:\ti\ccsv7\tools\compiler\ti-cgt-msp430_16.9.6.LTS\lib\</path>
         <kind>archive</kind>
         <file>rts430x_lc_rd_eabi.lib</file>
         <name>int52.obj</name>
      </input_file>
      <input_file id="fl-7a">
         <path>C:\ti\ccsv7\tools\compiler\ti-cgt-msp430_16.9.6.LTS\lib\</path>
         <kind>archive</kind>
         <file>rts430x_lc_rd_eabi.lib</file>
         <name>int53.obj</name>
      </input_file>
      <input_file id="fl-7b">
         <path>C:\ti\ccsv7\tools\compiler\ti-cgt-msp430_16.9.6.LTS\lib\</path>
         <kind>archive</kind>
         <file>rts430x_lc_rd_eabi.lib</file>
         <name>int54.obj</name>
      </input_file>
      <input_file id="fl-7c">
         <path>C:\ti\ccsv7\tools\compiler\ti-cgt-msp430_16.9.6.LTS\lib\</path>
         <kind>archive</kind>
         <file>rts430x_lc_rd_eabi.lib</file>
         <name>int55.obj</name>
      </input_file>
      <input_file id="fl-7d">
         <path>C:\ti\ccsv7\tools\compiler\ti-cgt-msp430_16.9.6.LTS\lib\</path>
         <kind>archive</kind>
         <file>rts430x_lc_rd_eabi.lib</file>
         <name>int56.obj</name>
      </input_file>
      <input_file id="fl-7e">
         <path>C:\ti\ccsv7\tools\compiler\ti-cgt-msp430_16.9.6.LTS\lib\</path>
         <kind>archive</kind>
         <file>rts430x_lc_rd_eabi.lib</file>
         <name>int57.obj</name>
      </input_file>
      <input_file id="fl-7f">
         <path>C:\ti\ccsv7\tools\compiler\ti-cgt-msp430_16.9.6.LTS\lib\</path>
         <kind>archive</kind>
         <file>rts430x_lc_rd_eabi.lib</file>
         <name>int58.obj</name>
      </input_file>
      <input_file id="fl-80">
         <path>C:\ti\ccsv7\tools\compiler\ti-cgt-msp430_16.9.6.LTS\lib\</path>
         <kind>archive</kind>
         <file>rts430x_lc_rd_eabi.lib</file>
         <name>int59.obj</name>
      </input_file>
      <input_file id="fl-81">
         <path>C:\ti\ccsv7\tools\compiler\ti-cgt-msp430_16.9.6.LTS\lib\</path>
         <kind>archive</kind>
         <file>rts430x_lc_rd_eabi.lib</file>
         <name>int60.obj</name>
      </input_file>
      <input_file id="fl-82">
         <path>C:\ti\ccsv7\tools\compiler\ti-cgt-msp430_16.9.6.LTS\lib\</path>
         <kind>archive</kind>
         <file>rts430x_lc_rd_eabi.lib</file>
         <name>int61.obj</name>
      </input_file>
      <input_file id="fl-83">
         <path>C:\ti\ccsv7\tools\compiler\ti-cgt-msp430_16.9.6.LTS\lib\</path>
         <kind>archive</kind>
         <file>rts430x_lc_rd_eabi.lib</file>
         <name>int62.obj</name>
      </input_file>
      <input_file id="fl-84">
         <path>C:\ti\ccsv7\tools\compiler\ti-cgt-msp430_16.9.6.LTS\lib\</path>
         <kind>archive</kind>
         <file>rts430x_lc_rd_eabi.lib</file>
         <name>isr_trap.obj</name>
      </input_file>
      <input_file id="fl-85">
         <path>C:\ti\ccsv7\tools\compiler\ti-cgt-msp430_16.9.6.LTS\lib\</path>
         <kind>archive</kind>
         <file>rts430x_lc_rd_eabi.lib</file>
         <name>lsl16.obj</name>
      </input_file>
      <input_file id="fl-86">
         <path>C:\ti\ccsv7\tools\compiler\ti-cgt-msp430_16.9.6.LTS\lib\</path>
         <kind>archive</kind>
         <file>rts430x_lc_rd_eabi.lib</file>
         <name>lsl32.obj</name>
      </input_file>
      <input_file id="fl-87">
         <path>C:\ti\ccsv7\tools\compiler\ti-cgt-msp430_16.9.6.LTS\lib\</path>
         <kind>archive</kind>
         <file>rts430x_lc_rd_eabi.lib</file>
         <name>lsr16.obj</name>
      </input_file>
      <input_file id="fl-88">
         <path>C:\ti\ccsv7\tools\compiler\ti-cgt-msp430_16.9.6.LTS\lib\</path>
         <kind>archive</kind>
         <file>rts430x_lc_rd_eabi.lib</file>
         <name>lsr32.obj</name>
      </input_file>
      <input_file id="fl-89">
         <path>C:\ti\ccsv7\tools\compiler\ti-cgt-msp430_16.9.6.LTS\lib\</path>
         <kind>archive</kind>
         <file>rts430x_lc_rd_eabi.lib</file>
         <name>lsr64.obj</name>
      </input_file>
      <input_file id="fl-8a">
         <path>C:\ti\ccsv7\tools\compiler\ti-cgt-msp430_16.9.6.LTS\lib\</path>
         <kind>archive</kind>
         <file>rts430x_lc_rd_eabi.lib</file>
         <name>memcpy.obj</name>
      </input_file>
      <input_file id="fl-8b">
         <path>C:\ti\ccsv7\tools\compiler\ti-cgt-msp430_16.9.6.LTS\lib\</path>
         <kind>archive</kind>
         <file>rts430x_lc_rd_eabi.lib</file>
         <name>memset.obj</name>
      </input_file>
      <input_file id="fl-8c">
         <path>C:\ti\ccsv7\tools\compiler\ti-cgt-msp430_16.9.6.LTS\lib\</path>
         <kind>archive</kind>
         <file>rts430x_lc_rd_eabi.lib</file>
         <name>mpu_init.obj</name>
      </input_file>
      <input_file id="fl-8d">
         <path>C:\ti\ccsv7\tools\compiler\ti-cgt-msp430_16.9.6.LTS\lib\</path>
         <kind>archive</kind>
         <file>rts430x_lc_rd_eabi.lib</file>
         <name>mpyd.obj</name>
      </input_file>
      <input_file id="fl-8e">
         <path>C:\ti\ccsv7\tools\compiler\ti-cgt-msp430_16.9.6.LTS\lib\</path>
         <kind>archive</kind>
         <file>rts430x_lc_rd_eabi.lib</file>
         <name>mult16.obj</name>
      </input_file>
      <input_file id="fl-8f">
         <path>C:\ti\ccsv7\tools\compiler\ti-cgt-msp430_16.9.6.LTS\lib\</path>
         <kind>archive</kind>
         <file>rts430x_lc_rd_eabi.lib</file>
         <name>mult1632_f5hw.obj</name>
      </input_file>
      <input_file id="fl-90">
         <path>C:\ti\ccsv7\tools\compiler\ti-cgt-msp430_16.9.6.LTS\lib\</path>
         <kind>archive</kind>
         <file>rts430x_lc_rd_eabi.lib</file>
         <name>mult16_f5hw.obj</name>
      </input_file>
      <input_file id="fl-91">
         <path>C:\ti\ccsv7\tools\compiler\ti-cgt-msp430_16.9.6.LTS\lib\</path>
         <kind>archive</kind>
         <file>rts430x_lc_rd_eabi.lib</file>
         <name>mult32.obj</name>
      </input_file>
      <input_file id="fl-92">
         <path>C:\ti\ccsv7\tools\compiler\ti-cgt-msp430_16.9.6.LTS\lib\</path>
         <kind>archive</kind>
         <file>rts430x_lc_rd_eabi.lib</file>
         <name>mult3264_f5hw.obj</name>
      </input_file>
      <input_file id="fl-93">
         <path>C:\ti\ccsv7\tools\compiler\ti-cgt-msp430_16.9.6.LTS\lib\</path>
         <kind>archive</kind>
         <file>rts430x_lc_rd_eabi.lib</file>
         <name>mult32_f5hw.obj</name>
      </input_file>
      <input_file id="fl-94">
         <path>C:\ti\ccsv7\tools\compiler\ti-cgt-msp430_16.9.6.LTS\lib\</path>
         <kind>archive</kind>
         <file>rts430x_lc_rd_eabi.lib</file>
         <name>mult64_f5hw.obj</name>
      </input_file>
      <input_file id="fl-95">
         <path>C:\ti\ccsv7\tools\compiler\ti-cgt-msp430_16.9.6.LTS\lib\</path>
         <kind>archive</kind>
         <file>rts430x_lc_rd_eabi.lib</file>
         <name>negd.obj</name>
      </input_file>
      <input_file id="fl-96">
         <path>C:\ti\ccsv7\tools\compiler\ti-cgt-msp430_16.9.6.LTS\lib\</path>
         <kind>archive</kind>
         <file>rts430x_lc_rd_eabi.lib</file>
         <name>renormd.obj</name>
      </input_file>
      <input_file id="fl-97">
         <path>C:\ti\ccsv7\tools\compiler\ti-cgt-msp430_16.9.6.LTS\lib\</path>
         <kind>archive</kind>
         <file>rts430x_lc_rd_eabi.lib</file>
         <name>s_scalbn.obj</name>
      </input_file>
      <input_file id="fl-98">
         <path>C:\ti\ccsv7\tools\compiler\ti-cgt-msp430_16.9.6.LTS\lib\</path>
         <kind>archive</kind>
         <file>rts430x_lc_rd_eabi.lib</file>
         <name>subd.obj</name>
      </input_file>
      <input_file id="fl-99">
         <path>C:\ti\ccsv7\tools\compiler\ti-cgt-msp430_16.9.6.LTS\lib\</path>
         <kind>archive</kind>
         <file>rts430x_lc_rd_eabi.lib</file>
         <name>_lock.obj</name>
      </input_file>
      <input_file id="fl-9a">
         <path>C:\ti\ccsv7\tools\compiler\ti-cgt-msp430_16.9.6.LTS\lib\</path>
         <kind>archive</kind>
         <file>rts430x_lc_rd_eabi.lib</file>
         <name>args_main.obj</name>
      </input_file>
      <input_file id="fl-9b">
         <path>C:\ti\ccsv7\tools\compiler\ti-cgt-msp430_16.9.6.LTS\lib\</path>
         <kind>archive</kind>
         <file>rts430x_lc_rd_eabi.lib</file>
         <name>asr32.obj</name>
      </input_file>
      <input_file id="fl-9c">
         <path>C:\ti\ccsv7\tools\compiler\ti-cgt-msp430_16.9.6.LTS\lib\</path>
         <kind>archive</kind>
         <file>rts430x_lc_rd_eabi.lib</file>
         <name>autoinit_wdt.obj</name>
      </input_file>
      <input_file id="fl-9d">
         <path>C:\ti\ccsv7\tools\compiler\ti-cgt-msp430_16.9.6.LTS\lib\</path>
         <kind>archive</kind>
         <file>rts430x_lc_rd_eabi.lib</file>
         <name>cmpd.obj</name>
      </input_file>
      <input_file id="fl-9e">
         <path>C:\ti\ccsv7\tools\compiler\ti-cgt-msp430_16.9.6.LTS\lib\</path>
         <kind>archive</kind>
         <file>rts430x_lc_rd_eabi.lib</file>
         <name>cpy_tbl.obj</name>
      </input_file>
      <input_file id="fl-9f">
         <path>C:\ti\ccsv7\tools\compiler\ti-cgt-msp430_16.9.6.LTS\lib\</path>
         <kind>archive</kind>
         <file>rts430x_lc_rd_eabi.lib</file>
         <name>divd.obj</name>
      </input_file>
      <input_file id="fl-a0">
         <path>C:\ti\ccsv7\tools\compiler\ti-cgt-msp430_16.9.6.LTS\lib\</path>
         <kind>archive</kind>
         <file>rts430x_lc_rd_eabi.lib</file>
         <name>frcdivd.obj</name>
      </input_file>
      <input_file id="fl-a1">
         <path>C:\ti\ccsv7\tools\compiler\ti-cgt-msp430_16.9.6.LTS\lib\</path>
         <kind>archive</kind>
         <file>rts430x_lc_rd_eabi.lib</file>
         <name>frcmpyd.obj</name>
      </input_file>
      <input_file id="fl-a2">
         <path>C:\ti\ccsv7\tools\compiler\ti-cgt-msp430_16.9.6.LTS\lib\</path>
         <kind>archive</kind>
         <file>rts430x_lc_rd_eabi.lib</file>
         <name>s_copysign.obj</name>
      </input_file>
      <input_file id="fl-a3">
         <path>C:\ti\ccsv7\tools\compiler\ti-cgt-msp430_16.9.6.LTS\lib\</path>
         <kind>archive</kind>
         <file>rts430x_lc_rd_eabi.lib</file>
         <name>startup.obj</name>
      </input_file>
   </input_file_list>
   <object_component_list>
      <object_component id="oc-5a2">
         <name>.bss</name>
         <uninitialized>true</uninitialized>
         <run_address>0x243c</run_address>
         <size>0x10</size>
         <input_file_ref idref="fl-7"/>
      </object_component>
      <object_component id="oc-5c1">
         <name>.bss:HidWriteCtrl</name>
         <uninitialized>true</uninitialized>
         <run_address>0x244c</run_address>
         <size>0xa</size>
         <input_file_ref idref="fl-9"/>
      </object_component>
      <object_component id="oc-568">
         <name>.bss:HidReadCtrl</name>
         <uninitialized>true</uninitialized>
         <run_address>0x2422</run_address>
         <size>0x1a</size>
         <input_file_ref idref="fl-9"/>
      </object_component>
      <object_component id="oc-5a5">
         <name>.common:wBytesRemainingOnIEP0</name>
         <uninitialized>true</uninitialized>
         <run_address>0x246e</run_address>
         <size>0x2</size>
      </object_component>
      <object_component id="oc-5a6">
         <name>.common:wBytesRemainingOnOEP0</name>
         <uninitialized>true</uninitialized>
         <run_address>0x2470</run_address>
         <size>0x2</size>
      </object_component>
      <object_component id="oc-55b">
         <name>.common:abUsbRequestReturnData</name>
         <uninitialized>true</uninitialized>
         <run_address>0x245e</run_address>
         <size>0x8</size>
      </object_component>
      <object_component id="oc-8c6">
         <name>.common:abUsbRequestIncomingData</name>
         <uninitialized>true</uninitialized>
         <run_address>0x2456</run_address>
         <size>0x8</size>
      </object_component>
      <object_component id="oc-863">
         <name>.common:abramSerialStringDescriptor</name>
         <uninitialized>true</uninitialized>
         <run_address>0x2400</run_address>
         <size>0x22</size>
      </object_component>
      <object_component id="oc-55a">
         <name>.common:bStatusAction</name>
         <uninitialized>true</uninitialized>
         <run_address>0x2474</run_address>
         <size>0x1</size>
      </object_component>
      <object_component id="oc-464">
         <name>.common:wUsbEventMask</name>
         <uninitialized>true</uninitialized>
         <run_address>0x2472</run_address>
         <size>0x2</size>
      </object_component>
      <object_component id="oc-5ca">
         <name>.common:USB_TX_memcpy</name>
         <uninitialized>true</uninitialized>
         <run_address>0x246a</run_address>
         <size>0x4</size>
      </object_component>
      <object_component id="oc-6ee">
         <name>.common:USB_RX_memcpy</name>
         <uninitialized>true</uninitialized>
         <run_address>0x2466</run_address>
         <size>0x4</size>
      </object_component>
      <object_component id="oc-71d">
         <name>.common:keySendComplete</name>
         <uninitialized>true</uninitialized>
         <run_address>0x2475</run_address>
         <size>0x1</size>
      </object_component>
      <object_component id="oc-515">
         <name>.data:a</name>
         <load_address>0x2476</load_address>
         <run_address>0x2476</run_address>
         <size>0x8</size>
         <input_file_ref idref="fl-4"/>
      </object_component>
      <object_component id="oc-595">
         <name>.data</name>
         <load_address>0x247e</load_address>
         <run_address>0x247e</run_address>
         <size>0x8</size>
         <input_file_ref idref="fl-7"/>
      </object_component>
      <object_component id="oc-704">
         <name>.data:hidProtocol</name>
         <load_address>0x248e</load_address>
         <run_address>0x248e</run_address>
         <size>0x1</size>
         <input_file_ref idref="fl-9"/>
      </object_component>
      <object_component id="oc-89f">
         <name>.data:hidIdleRate</name>
         <load_address>0x248c</load_address>
         <run_address>0x248c</run_address>
         <size>0x1</size>
         <input_file_ref idref="fl-9"/>
      </object_component>
      <object_component id="oc-8d1">
         <name>.data:report_desc</name>
         <load_address>0x2486</load_address>
         <run_address>0x2486</run_address>
         <size>0x4</size>
         <input_file_ref idref="fl-11"/>
      </object_component>
      <object_component id="oc-696">
         <name>.data</name>
         <load_address>0x248a</load_address>
         <run_address>0x248a</run_address>
         <size>0x2</size>
         <input_file_ref idref="fl-67"/>
      </object_component>
      <object_component id="oc-3df">
         <name>.stack</name>
         <uninitialized>true</uninitialized>
         <run_address>0x4360</run_address>
         <size>0x4</size>
         <input_file_ref idref="fl-5c"/>
      </object_component>
      <object_component id="oc-9d4">
         <name>.stack</name>
         <uninitialized>true</uninitialized>
         <run_address>0x4360</run_address>
         <size>0x0</size>
      </object_component>
      <object_component id="oc-530">
         <name>.text:pow</name>
         <load_address>0x10000</load_address>
         <run_address>0x10000</run_address>
         <size>0x1170</size>
         <input_file_ref idref="fl-65"/>
      </object_component>
      <object_component id="oc-77f">
         <name>.text:__TI_frcdivd</name>
         <load_address>0x11170</load_address>
         <run_address>0x11170</run_address>
         <size>0x478</size>
         <input_file_ref idref="fl-a0"/>
      </object_component>
      <object_component id="oc-68a">
         <name>.text:sqrt</name>
         <load_address>0x115e8</load_address>
         <run_address>0x115e8</run_address>
         <size>0x2e8</size>
         <input_file_ref idref="fl-66"/>
      </object_component>
      <object_component id="oc-536">
         <name>.text:__mspabi_addd</name>
         <load_address>0x118d0</load_address>
         <run_address>0x118d0</run_address>
         <size>0x2d8</size>
         <input_file_ref idref="fl-5b"/>
      </object_component>
      <object_component id="oc-78c">
         <name>.text:__TI_frcmpyd</name>
         <load_address>0x11ba8</load_address>
         <run_address>0x11ba8</run_address>
         <size>0x286</size>
         <input_file_ref idref="fl-a1"/>
      </object_component>
      <object_component id="oc-699">
         <name>.text:__mspabi_mpyd</name>
         <load_address>0x11e2e</load_address>
         <run_address>0x11e2e</run_address>
         <size>0x282</size>
         <input_file_ref idref="fl-8d"/>
      </object_component>
      <object_component id="oc-6c1">
         <name>.text:__TI_frcaddd</name>
         <load_address>0x120b0</load_address>
         <run_address>0x120b0</run_address>
         <size>0x252</size>
         <input_file_ref idref="fl-6e"/>
      </object_component>
      <object_component id="oc-684">
         <name>.text:__mspabi_divd</name>
         <load_address>0x12302</load_address>
         <run_address>0x12302</run_address>
         <size>0x222</size>
         <input_file_ref idref="fl-9f"/>
      </object_component>
      <object_component id="oc-42d">
         <name>.text:main</name>
         <load_address>0x12524</load_address>
         <run_address>0x12524</run_address>
         <size>0x212</size>
         <input_file_ref idref="fl-4"/>
      </object_component>
      <object_component id="oc-6b4">
         <name>.text:scalbn</name>
         <load_address>0x12736</load_address>
         <run_address>0x12736</run_address>
         <size>0x1a0</size>
         <input_file_ref idref="fl-97"/>
      </object_component>
      <object_component id="oc-46d">
         <name>.text:HidToBufferFromHost</name>
         <load_address>0x128d6</load_address>
         <run_address>0x128d6</run_address>
         <size>0x144</size>
         <input_file_ref idref="fl-9"/>
      </object_component>
      <object_component id="oc-4b5">
         <name>.text:HidToHostFromBuffer</name>
         <load_address>0x12a1a</load_address>
         <run_address>0x12a1a</run_address>
         <size>0x10c</size>
         <input_file_ref idref="fl-9"/>
      </object_component>
      <object_component id="oc-58f">
         <name>.text:USB_enable</name>
         <load_address>0x12b26</load_address>
         <run_address>0x12b26</run_address>
         <size>0xfa</size>
         <input_file_ref idref="fl-7"/>
      </object_component>
      <object_component id="oc-48b">
         <name>.text:USB_reset</name>
         <load_address>0x12c20</load_address>
         <run_address>0x12c20</run_address>
         <size>0xf6</size>
         <input_file_ref idref="fl-7"/>
      </object_component>
      <object_component id="oc-743">
         <name>.text:UCS_initFLL</name>
         <load_address>0x12d16</load_address>
         <run_address>0x12d16</run_address>
         <size>0xe2</size>
         <input_file_ref idref="fl-34"/>
      </object_component>
      <object_component id="oc-6ae">
         <name>.text:__mspabi_cmpd</name>
         <load_address>0x12df8</load_address>
         <run_address>0x12df8</run_address>
         <size>0xd8</size>
         <input_file_ref idref="fl-9d"/>
      </object_component>
      <object_component id="oc-612">
         <name>.text:PMM_setVCoreUp</name>
         <load_address>0x12ed0</load_address>
         <run_address>0x12ed0</run_address>
         <size>0xcc</size>
         <input_file_ref idref="fl-26"/>
      </object_component>
      <object_component id="oc-763">
         <name>.text:USB_InitSerialStringDescriptor</name>
         <load_address>0x12f9c</load_address>
         <run_address>0x12f9c</run_address>
         <size>0xc6</size>
         <input_file_ref idref="fl-7"/>
      </object_component>
      <object_component id="oc-5af">
         <name>.text:USB_determineFreq</name>
         <load_address>0x13062</load_address>
         <run_address>0x13062</run_address>
         <size>0xbc</size>
         <input_file_ref idref="fl-7"/>
      </object_component>
      <object_component id="oc-7ab">
         <name>.text:__TI_renormd</name>
         <load_address>0x1311e</load_address>
         <run_address>0x1311e</run_address>
         <size>0xb2</size>
         <input_file_ref idref="fl-96"/>
      </object_component>
      <object_component id="oc-751">
         <name>.text:USB_determineXT2Freq</name>
         <load_address>0x131d0</load_address>
         <run_address>0x131d0</run_address>
         <size>0xa4</size>
         <input_file_ref idref="fl-7"/>
      </object_component>
      <object_component id="oc-66e">
         <name>.text:__mspabi_fltlid</name>
         <load_address>0x13274</load_address>
         <run_address>0x13274</run_address>
         <size>0x9e</size>
         <input_file_ref idref="fl-6d"/>
      </object_component>
      <object_component id="oc-4fd">
         <name>.text:USBHAL_initPorts</name>
         <load_address>0x13312</load_address>
         <run_address>0x13312</run_address>
         <size>0x98</size>
         <input_file_ref idref="fl-3"/>
      </object_component>
      <object_component id="oc-518">
         <name>.text:USBHID_sendReport</name>
         <load_address>0x133aa</load_address>
         <run_address>0x133aa</run_address>
         <size>0x98</size>
         <input_file_ref idref="fl-9"/>
      </object_component>
      <object_component id="oc-658">
         <name>.text:USB_init</name>
         <load_address>0x13442</load_address>
         <run_address>0x13442</run_address>
         <size>0x98</size>
         <input_file_ref idref="fl-7"/>
      </object_component>
      <object_component id="oc-60c">
         <name>.text:PMM_setVCoreDown</name>
         <load_address>0x134da</load_address>
         <run_address>0x134da</run_address>
         <size>0x94</size>
         <input_file_ref idref="fl-26"/>
      </object_component>
      <object_component id="oc-626">
         <name>.text:UCS_initClockSignal</name>
         <load_address>0x1356e</load_address>
         <run_address>0x1356e</run_address>
         <size>0x8c</size>
         <input_file_ref idref="fl-34"/>
      </object_component>
      <object_component id="oc-55c">
         <name>.text:usbDecodeAndProcessUsbRequest</name>
         <load_address>0x135fa</load_address>
         <run_address>0x135fa</run_address>
         <size>0x88</size>
         <input_file_ref idref="fl-7"/>
      </object_component>
      <object_component id="oc-413">
         <name>.text:_auto_init_hold_wdt</name>
         <load_address>0x13682</load_address>
         <run_address>0x13682</run_address>
         <size>0x82</size>
         <input_file_ref idref="fl-9c"/>
      </object_component>
      <object_component id="oc-582">
         <name>.text:HidCopyUsbToBuff</name>
         <load_address>0x13704</load_address>
         <run_address>0x13704</run_address>
         <size>0x76</size>
         <input_file_ref idref="fl-9"/>
      </object_component>
      <object_component id="oc-6d">
         <name>.text:decompress:lzss:__TI_decompress_lzss</name>
         <load_address>0x1377a</load_address>
         <run_address>0x1377a</run_address>
         <size>0x76</size>
         <input_file_ref idref="fl-5e"/>
      </object_component>
      <object_component id="oc-5db">
         <name>.text:usbSendNextPacketOnIEP0</name>
         <load_address>0x137f0</load_address>
         <run_address>0x137f0</run_address>
         <size>0x74</size>
         <input_file_ref idref="fl-7"/>
      </object_component>
      <object_component id="oc-497">
         <name>.text:PWRVBUSoffHandler</name>
         <load_address>0x13864</load_address>
         <run_address>0x13864</run_address>
         <size>0x6e</size>
         <input_file_ref idref="fl-10"/>
      </object_component>
      <object_component id="oc-820">
         <name>.text:usbGetEndpointStatus</name>
         <load_address>0x138d2</load_address>
         <run_address>0x138d2</run_address>
         <size>0x6a</size>
         <input_file_ref idref="fl-7"/>
      </object_component>
      <object_component id="oc-6ce">
         <name>.text:__mspabi_fixdul</name>
         <load_address>0x1393c</load_address>
         <run_address>0x1393c</run_address>
         <size>0x68</size>
         <input_file_ref idref="fl-6b"/>
      </object_component>
      <object_component id="oc-4d0">
         <name>.text:copy_in</name>
         <load_address>0x139a4</load_address>
         <run_address>0x139a4</run_address>
         <size>0x64</size>
         <input_file_ref idref="fl-9e"/>
      </object_component>
      <object_component id="oc-87a">
         <name>.text:memcpyDMA</name>
         <load_address>0x13a08</load_address>
         <run_address>0x13a08</run_address>
         <size>0x64</size>
         <input_file_ref idref="fl-8"/>
      </object_component>
      <object_component id="oc-874">
         <name>.text:DMA_init</name>
         <load_address>0x13a6c</load_address>
         <run_address>0x13a6c</run_address>
         <size>0x62</size>
         <input_file_ref idref="fl-1a"/>
      </object_component>
      <object_component id="oc-4a3">
         <name>.text:PWRVBUSonHandler</name>
         <load_address>0x13ace</load_address>
         <run_address>0x13ace</run_address>
         <size>0x62</size>
         <input_file_ref idref="fl-10"/>
      </object_component>
      <object_component id="oc-769">
         <name>.text:USB_initMemcpy</name>
         <load_address>0x13b30</load_address>
         <run_address>0x13b30</run_address>
         <size>0x5c</size>
         <input_file_ref idref="fl-8"/>
      </object_component>
      <object_component id="oc-62c">
         <name>.text</name>
         <load_address>0x13b8c</load_address>
         <run_address>0x13b8c</run_address>
         <size>0x58</size>
         <input_file_ref idref="fl-64"/>
      </object_component>
      <object_component id="oc-838">
         <name>.text:usbSetEndpointFeature</name>
         <load_address>0x13be4</load_address>
         <run_address>0x13be4</run_address>
         <size>0x52</size>
         <input_file_ref idref="fl-7"/>
      </object_component>
      <object_component id="oc-808">
         <name>.text:usbGetStringDescriptor</name>
         <load_address>0x13c36</load_address>
         <run_address>0x13c36</run_address>
         <size>0x50</size>
         <input_file_ref idref="fl-7"/>
      </object_component>
      <object_component id="oc-864">
         <name>.text:TLV_getInfo</name>
         <load_address>0x13c86</load_address>
         <run_address>0x13c86</run_address>
         <size>0x4c</size>
         <input_file_ref idref="fl-33"/>
      </object_component>
      <object_component id="oc-524">
         <name>.text:pinVal</name>
         <load_address>0x13cd2</load_address>
         <run_address>0x13cd2</run_address>
         <size>0x4c</size>
         <input_file_ref idref="fl-4"/>
      </object_component>
      <object_component id="oc-5ce">
         <name>.text:usbReceiveNextPacketOnOEP0</name>
         <load_address>0x13d1e</load_address>
         <run_address>0x13d1e</run_address>
         <size>0x4c</size>
         <input_file_ref idref="fl-7"/>
      </object_component>
      <object_component id="oc-4f7">
         <name>.text:PMM_setVCore</name>
         <load_address>0x13d6a</load_address>
         <run_address>0x13d6a</run_address>
         <size>0x4a</size>
         <input_file_ref idref="fl-26"/>
      </object_component>
      <object_component id="oc-458">
         <name>.text:SetupPacketInterruptHandler</name>
         <load_address>0x13db4</load_address>
         <run_address>0x13db4</run_address>
         <size>0x4a</size>
         <input_file_ref idref="fl-10"/>
      </object_component>
      <object_component id="oc-50f">
         <name>.text:USB_setup</name>
         <load_address>0x13dfe</load_address>
         <run_address>0x13dfe</run_address>
         <size>0x4a</size>
         <input_file_ref idref="fl-7"/>
      </object_component>
      <object_component id="oc-7f0">
         <name>.text:usbClearEndpointFeature</name>
         <load_address>0x13e48</load_address>
         <run_address>0x13e48</run_address>
         <size>0x46</size>
         <input_file_ref idref="fl-7"/>
      </object_component>
      <object_component id="oc-645">
         <name>.text:GPIO_setAsInputPinWithPullUpResistor</name>
         <load_address>0x13e8e</load_address>
         <run_address>0x13e8e</run_address>
         <size>0x42</size>
         <input_file_ref idref="fl-20"/>
      </object_component>
      <object_component id="oc-6f7">
         <name>.text:UCS_turnOnXT2WithTimeout</name>
         <load_address>0x13ed0</load_address>
         <run_address>0x13ed0</run_address>
         <size>0x40</size>
         <input_file_ref idref="fl-34"/>
      </object_component>
      <object_component id="oc-503">
         <name>.text:USBHAL_initClocks</name>
         <load_address>0x13f10</load_address>
         <run_address>0x13f10</run_address>
         <size>0x3e</size>
         <input_file_ref idref="fl-3"/>
      </object_component>
      <object_component id="oc-889">
         <name>.text:l_asr_const</name>
         <load_address>0x13f4e</load_address>
         <run_address>0x13f4e</run_address>
         <size>0x3e</size>
         <input_file_ref idref="fl-9b"/>
      </object_component>
      <object_component id="oc-775">
         <name>.text:l_lsl_const</name>
         <load_address>0x13f8c</load_address>
         <run_address>0x13f8c</run_address>
         <size>0x3e</size>
         <input_file_ref idref="fl-86"/>
      </object_component>
      <object_component id="oc-631">
         <name>.text:l_lsr_const</name>
         <load_address>0x13fca</load_address>
         <run_address>0x13fca</run_address>
         <size>0x3e</size>
         <input_file_ref idref="fl-88"/>
      </object_component>
      <object_component id="oc-4bb">
         <name>.text:OEP0InterruptHandler</name>
         <load_address>0x14008</load_address>
         <run_address>0x14008</run_address>
         <size>0x3c</size>
         <input_file_ref idref="fl-10"/>
      </object_component>
      <object_component id="oc-509">
         <name>.text:USBHAL_initButtons</name>
         <load_address>0x14044</load_address>
         <run_address>0x14044</run_address>
         <size>0x38</size>
         <input_file_ref idref="fl-3"/>
      </object_component>
      <object_component id="oc-757">
         <name>.text:USB_lookUpPll</name>
         <load_address>0x1407c</load_address>
         <run_address>0x1407c</run_address>
         <size>0x38</size>
         <input_file_ref idref="fl-7"/>
      </object_component>
      <object_component id="oc-826">
         <name>.text:usbSetAddress</name>
         <load_address>0x140b4</load_address>
         <run_address>0x140b4</run_address>
         <size>0x34</size>
         <input_file_ref idref="fl-7"/>
      </object_component>
      <object_component id="oc-636">
         <name>.text:UCS_initFLLSettle</name>
         <load_address>0x140e8</load_address>
         <run_address>0x140e8</run_address>
         <size>0x32</size>
         <input_file_ref idref="fl-34"/>
      </object_component>
      <object_component id="oc-65e">
         <name>.text:USB_getConnectionInformation</name>
         <load_address>0x1411a</load_address>
         <run_address>0x1411a</run_address>
         <size>0x32</size>
         <input_file_ref idref="fl-7"/>
      </object_component>
      <object_component id="oc-6a2">
         <name>.text:__mspabi_subd</name>
         <load_address>0x1414c</load_address>
         <run_address>0x1414c</run_address>
         <size>0x32</size>
         <input_file_ref idref="fl-98"/>
      </object_component>
      <object_component id="oc-47f">
         <name>.text:USB_suspend</name>
         <load_address>0x1417e</load_address>
         <run_address>0x1417e</run_address>
         <size>0x30</size>
         <input_file_ref idref="fl-7"/>
      </object_component>
      <object_component id="oc-82c">
         <name>.text:usbSetConfiguration</name>
         <load_address>0x141ae</load_address>
         <run_address>0x141ae</run_address>
         <size>0x30</size>
         <input_file_ref idref="fl-7"/>
      </object_component>
      <object_component id="oc-690">
         <name>.text:__mspabi_negd</name>
         <load_address>0x141de</load_address>
         <run_address>0x141de</run_address>
         <size>0x2e</size>
         <input_file_ref idref="fl-95"/>
      </object_component>
      <object_component id="oc-79c">
         <name>.text:copysign</name>
         <load_address>0x1420c</load_address>
         <run_address>0x1420c</run_address>
         <size>0x2e</size>
         <input_file_ref idref="fl-a2"/>
      </object_component>
      <object_component id="oc-814">
         <name>.text:usbGetDeviceStatus</name>
         <load_address>0x1423a</load_address>
         <run_address>0x1423a</run_address>
         <size>0x2c</size>
         <input_file_ref idref="fl-7"/>
      </object_component>
      <object_component id="oc-7d8">
         <name>.text:usbSetReport</name>
         <load_address>0x14266</load_address>
         <run_address>0x14266</run_address>
         <size>0x2a</size>
         <input_file_ref idref="fl-a"/>
      </object_component>
      <object_component id="oc-90e">
         <name>.text:DMA_setDstAddress</name>
         <load_address>0x14290</load_address>
         <run_address>0x14290</run_address>
         <size>0x28</size>
         <input_file_ref idref="fl-1a"/>
      </object_component>
      <object_component id="oc-619">
         <name>.text:GPIO_setAsOutputPin</name>
         <load_address>0x142b8</load_address>
         <run_address>0x142b8</run_address>
         <size>0x28</size>
         <input_file_ref idref="fl-20"/>
      </object_component>
      <object_component id="oc-6f1">
         <name>.text:GPIO_setAsPeripheralModuleFunctionOutputPin</name>
         <load_address>0x142e0</load_address>
         <run_address>0x142e0</run_address>
         <size>0x28</size>
         <input_file_ref idref="fl-20"/>
      </object_component>
      <object_component id="oc-908">
         <name>.text:DMA_setSrcAddress</name>
         <load_address>0x14308</load_address>
         <run_address>0x14308</run_address>
         <size>0x26</size>
         <input_file_ref idref="fl-1a"/>
      </object_component>
      <object_component id="oc-548">
         <name>.text:getByteTwo</name>
         <load_address>0x1432e</load_address>
         <run_address>0x1432e</run_address>
         <size>0x26</size>
         <input_file_ref idref="fl-2"/>
      </object_component>
      <object_component id="oc-7d2">
         <name>.text:usbGetReport</name>
         <load_address>0x14354</load_address>
         <run_address>0x14354</run_address>
         <size>0x26</size>
         <input_file_ref idref="fl-a"/>
      </object_component>
      <object_component id="oc-8f">
         <name>.text:decompress:ZI:__TI_zero_init</name>
         <load_address>0x1437a</load_address>
         <run_address>0x1437a</run_address>
         <size>0x24</size>
         <input_file_ref idref="fl-60"/>
      </object_component>
      <object_component id="oc-884">
         <name>.text</name>
         <load_address>0x1439e</load_address>
         <run_address>0x1439e</run_address>
         <size>0x24</size>
         <input_file_ref idref="fl-93"/>
      </object_component>
      <object_component id="oc-7ea">
         <name>.text:usbClearDeviceFeature</name>
         <load_address>0x143c2</load_address>
         <run_address>0x143c2</run_address>
         <size>0x24</size>
         <input_file_ref idref="fl-7"/>
      </object_component>
      <object_component id="oc-832">
         <name>.text:usbSetDeviceFeature</name>
         <load_address>0x143e6</load_address>
         <run_address>0x143e6</run_address>
         <size>0x24</size>
         <input_file_ref idref="fl-7"/>
      </object_component>
      <object_component id="oc-5a7">
         <name>.text:HidResetData</name>
         <load_address>0x1440a</load_address>
         <run_address>0x1440a</run_address>
         <size>0x22</size>
         <input_file_ref idref="fl-9"/>
      </object_component>
      <object_component id="oc-7e4">
         <name>.text:usbGetHidDescriptor</name>
         <load_address>0x1442c</load_address>
         <run_address>0x1442c</run_address>
         <size>0x20</size>
         <input_file_ref idref="fl-a"/>
      </object_component>
      <object_component id="oc-7de">
         <name>.text:usbGetReportDescriptor</name>
         <load_address>0x1444c</load_address>
         <run_address>0x1444c</run_address>
         <size>0x20</size>
         <input_file_ref idref="fl-a"/>
      </object_component>
      <object_component id="oc-8a2">
         <name>.text:usbSendDataPacketOnEP0</name>
         <load_address>0x1446c</load_address>
         <run_address>0x1446c</run_address>
         <size>0x20</size>
         <input_file_ref idref="fl-7"/>
      </object_component>
      <object_component id="oc-7cc">
         <name>.text:usbSetProtocol</name>
         <load_address>0x1448c</load_address>
         <run_address>0x1448c</run_address>
         <size>0x20</size>
         <input_file_ref idref="fl-a"/>
      </object_component>
      <object_component id="oc-64b">
         <name>.text:GPIO_clearInterrupt</name>
         <load_address>0x144ac</load_address>
         <run_address>0x144ac</run_address>
         <size>0x1e</size>
         <input_file_ref idref="fl-20"/>
      </object_component>
      <object_component id="oc-651">
         <name>.text:GPIO_enableInterrupt</name>
         <load_address>0x144ca</load_address>
         <run_address>0x144ca</run_address>
         <size>0x1e</size>
         <input_file_ref idref="fl-20"/>
      </object_component>
      <object_component id="oc-7ba">
         <name>.text:usbGetIdle</name>
         <load_address>0x144e8</load_address>
         <run_address>0x144e8</run_address>
         <size>0x1e</size>
         <input_file_ref idref="fl-a"/>
      </object_component>
      <object_component id="oc-80e">
         <name>.text:usbGetInterface</name>
         <load_address>0x14506</load_address>
         <run_address>0x14506</run_address>
         <size>0x1e</size>
         <input_file_ref idref="fl-7"/>
      </object_component>
      <object_component id="oc-81a">
         <name>.text:usbGetInterfaceStatus</name>
         <load_address>0x14524</load_address>
         <run_address>0x14524</run_address>
         <size>0x1e</size>
         <input_file_ref idref="fl-7"/>
      </object_component>
      <object_component id="oc-63f">
         <name>.text:GPIO_setOutputHighOnPin</name>
         <load_address>0x14542</load_address>
         <run_address>0x14542</run_address>
         <size>0x1c</size>
         <input_file_ref idref="fl-20"/>
      </object_component>
      <object_component id="oc-61f">
         <name>.text:GPIO_setOutputLowOnPin</name>
         <load_address>0x1455e</load_address>
         <run_address>0x1455e</run_address>
         <size>0x1c</size>
         <input_file_ref idref="fl-20"/>
      </object_component>
      <object_component id="oc-4c1">
         <name>.text:IEP0InterruptHandler</name>
         <load_address>0x1457a</load_address>
         <run_address>0x1457a</run_address>
         <size>0x1c</size>
         <input_file_ref idref="fl-10"/>
      </object_component>
      <object_component id="oc-86e">
         <name>.text:memcpyV</name>
         <load_address>0x14596</load_address>
         <run_address>0x14596</run_address>
         <size>0x1c</size>
         <input_file_ref idref="fl-8"/>
      </object_component>
      <object_component id="oc-45e">
         <name>.text:HidIsReceiveInProgress</name>
         <load_address>0x145b2</load_address>
         <run_address>0x145b2</run_address>
         <size>0x1a</size>
         <input_file_ref idref="fl-9"/>
      </object_component>
      <object_component id="oc-5b9">
         <name>.text:USB_connect</name>
         <load_address>0x145cc</load_address>
         <run_address>0x145cc</run_address>
         <size>0x1a</size>
         <input_file_ref idref="fl-7"/>
      </object_component>
      <object_component id="oc-4a9">
         <name>.text:USB_handleVbusOnEvent</name>
         <load_address>0x145e6</load_address>
         <run_address>0x145e6</run_address>
         <size>0x1a</size>
         <input_file_ref idref="fl-f"/>
      </object_component>
      <object_component id="oc-83e">
         <name>.text:usbSetInterface</name>
         <load_address>0x14600</load_address>
         <run_address>0x14600</run_address>
         <size>0x1a</size>
         <input_file_ref idref="fl-7"/>
      </object_component>
      <object_component id="oc-473">
         <name>.text:USB_resume</name>
         <load_address>0x1461a</load_address>
         <run_address>0x1461a</run_address>
         <size>0x18</size>
         <input_file_ref idref="fl-7"/>
      </object_component>
      <object_component id="oc-563">
         <name>.text</name>
         <load_address>0x14632</load_address>
         <run_address>0x14632</run_address>
         <size>0x18</size>
         <input_file_ref idref="fl-90"/>
      </object_component>
      <object_component id="oc-7c0">
         <name>.text:usbSetIdle</name>
         <load_address>0x1464a</load_address>
         <run_address>0x1464a</run_address>
         <size>0x18</size>
         <input_file_ref idref="fl-a"/>
      </object_component>
      <object_component id="oc-51e">
         <name>.text:memset</name>
         <load_address>0x14662</load_address>
         <run_address>0x14662</run_address>
         <size>0x16</size>
         <input_file_ref idref="fl-8b"/>
      </object_component>
      <object_component id="oc-70d">
         <name>.text</name>
         <load_address>0x14678</load_address>
         <run_address>0x14678</run_address>
         <size>0x16</size>
         <input_file_ref idref="fl-62"/>
      </object_component>
      <object_component id="oc-802">
         <name>.text:usbGetConfigurationDescriptor</name>
         <load_address>0x1468e</load_address>
         <run_address>0x1468e</run_address>
         <size>0x16</size>
         <input_file_ref idref="fl-7"/>
      </object_component>
      <object_component id="oc-7fc">
         <name>.text:usbGetDeviceDescriptor</name>
         <load_address>0x146a4</load_address>
         <run_address>0x146a4</run_address>
         <size>0x16</size>
         <input_file_ref idref="fl-7"/>
      </object_component>
      <object_component id="oc-542">
         <name>.text:getByteZero</name>
         <load_address>0x146ba</load_address>
         <run_address>0x146ba</run_address>
         <size>0x14</size>
         <input_file_ref idref="fl-2"/>
      </object_component>
      <object_component id="oc-3ee">
         <name>.text:memcpy</name>
         <load_address>0x146ce</load_address>
         <run_address>0x146ce</run_address>
         <size>0x14</size>
         <input_file_ref idref="fl-8a"/>
      </object_component>
      <object_component id="oc-7f6">
         <name>.text:usbGetConfiguration</name>
         <load_address>0x146e2</load_address>
         <run_address>0x146e2</run_address>
         <size>0x14</size>
         <input_file_ref idref="fl-7"/>
      </object_component>
      <object_component id="oc-8c7">
         <name>.text:usbReceiveDataPacketOnEP0</name>
         <load_address>0x146f6</load_address>
         <run_address>0x146f6</run_address>
         <size>0x14</size>
         <input_file_ref idref="fl-7"/>
      </object_component>
      <object_component id="oc-53c">
         <name>.text:__mspabi_fixdu</name>
         <load_address>0x1470a</load_address>
         <run_address>0x1470a</run_address>
         <size>0x12</size>
         <input_file_ref idref="fl-6a"/>
      </object_component>
      <object_component id="oc-73">
         <name>.text:decompress:none:__TI_decompress_none</name>
         <load_address>0x1471c</load_address>
         <run_address>0x1471c</run_address>
         <size>0x12</size>
         <input_file_ref idref="fl-5f"/>
      </object_component>
      <object_component id="oc-844">
         <name>.text:usbInvalidRequest</name>
         <load_address>0x1472e</load_address>
         <run_address>0x1472e</run_address>
         <size>0x12</size>
         <input_file_ref idref="fl-7"/>
      </object_component>
      <object_component id="oc-932">
         <name>.text:DMA_disableTransfers</name>
         <load_address>0x14740</load_address>
         <run_address>0x14740</run_address>
         <size>0x10</size>
         <input_file_ref idref="fl-1a"/>
      </object_component>
      <object_component id="oc-920">
         <name>.text:DMA_enableTransfers</name>
         <load_address>0x14750</load_address>
         <run_address>0x14750</run_address>
         <size>0x10</size>
         <input_file_ref idref="fl-1a"/>
      </object_component>
      <object_component id="oc-675">
         <name>.text:l_asr</name>
         <load_address>0x14760</load_address>
         <run_address>0x14760</run_address>
         <size>0x10</size>
         <input_file_ref idref="fl-9b"/>
      </object_component>
      <object_component id="oc-67a">
         <name>.text:l_lsl</name>
         <load_address>0x14770</load_address>
         <run_address>0x14770</run_address>
         <size>0x10</size>
         <input_file_ref idref="fl-86"/>
      </object_component>
      <object_component id="oc-67f">
         <name>.text:l_lsr</name>
         <load_address>0x14780</load_address>
         <run_address>0x14780</run_address>
         <size>0x10</size>
         <input_file_ref idref="fl-88"/>
      </object_component>
      <object_component id="oc-7c6">
         <name>.text:usbGetProtocol</name>
         <load_address>0x14790</load_address>
         <run_address>0x14790</run_address>
         <size>0x10</size>
         <input_file_ref idref="fl-a"/>
      </object_component>
      <object_component id="oc-92c">
         <name>.text:DMA_getInterruptStatus</name>
         <load_address>0x147a0</load_address>
         <run_address>0x147a0</run_address>
         <size>0xe</size>
         <input_file_ref idref="fl-1a"/>
      </object_component>
      <object_component id="oc-926">
         <name>.text:DMA_startTransfer</name>
         <load_address>0x147ae</load_address>
         <run_address>0x147ae</run_address>
         <size>0xe</size>
         <input_file_ref idref="fl-1a"/>
      </object_component>
      <object_component id="oc-8a8">
         <name>.text:usbSendZeroLengthPacketOnIEP0</name>
         <load_address>0x147bc</load_address>
         <run_address>0x147bc</run_address>
         <size>0xe</size>
         <input_file_ref idref="fl-7"/>
      </object_component>
      <object_component id="oc-91a">
         <name>.text:DMA_setTransferSize</name>
         <load_address>0x147ca</load_address>
         <run_address>0x147ca</run_address>
         <size>0xc</size>
         <input_file_ref idref="fl-1a"/>
      </object_component>
      <object_component id="oc-52a">
         <name>.text:__mspabi_fltid</name>
         <load_address>0x147d6</load_address>
         <run_address>0x147d6</run_address>
         <size>0xc</size>
         <input_file_ref idref="fl-6c"/>
      </object_component>
      <object_component id="oc-479">
         <name>.text:USB_handleResumeEvent</name>
         <load_address>0x147e2</load_address>
         <run_address>0x147e2</run_address>
         <size>0xa</size>
         <input_file_ref idref="fl-f"/>
      </object_component>
      <object_component id="oc-485">
         <name>.text:USB_handleSuspendEvent</name>
         <load_address>0x147ec</load_address>
         <run_address>0x147ec</run_address>
         <size>0xa</size>
         <input_file_ref idref="fl-f"/>
      </object_component>
      <object_component id="oc-40d">
         <name>.text:_system_pre_init</name>
         <load_address>0x147f6</load_address>
         <run_address>0x147f6</run_address>
         <size>0xa</size>
         <input_file_ref idref="fl-5"/>
      </object_component>
      <object_component id="oc-708">
         <name>.text</name>
         <load_address>0x14800</load_address>
         <run_address>0x14800</run_address>
         <size>0xa</size>
         <input_file_ref idref="fl-85"/>
      </object_component>
      <object_component id="oc-712">
         <name>.text</name>
         <load_address>0x1480a</load_address>
         <run_address>0x1480a</run_address>
         <size>0xa</size>
         <input_file_ref idref="fl-87"/>
      </object_component>
      <object_component id="oc-59a">
         <name>.text:UCS_turnOffXT2</name>
         <load_address>0x14814</load_address>
         <run_address>0x14814</run_address>
         <size>0x8</size>
         <input_file_ref idref="fl-34"/>
      </object_component>
      <object_component id="oc-5c4">
         <name>.text:USBHID_handleSendCompleted</name>
         <load_address>0x1481c</load_address>
         <run_address>0x1481c</run_address>
         <size>0x8</size>
         <input_file_ref idref="fl-f"/>
      </object_component>
      <object_component id="oc-49d">
         <name>.text:USB_handleVbusOffEvent</name>
         <load_address>0x14824</load_address>
         <run_address>0x14824</run_address>
         <size>0x8</size>
         <input_file_ref idref="fl-f"/>
      </object_component>
      <object_component id="oc-902">
         <name>.text:DMA_disableTransferDuringReadModifyWrite</name>
         <load_address>0x1482c</load_address>
         <run_address>0x1482c</run_address>
         <size>0x6</size>
         <input_file_ref idref="fl-1a"/>
      </object_component>
      <object_component id="oc-914">
         <name>.text:DMA_enableTransferDuringReadModifyWrite</name>
         <load_address>0x14832</load_address>
         <run_address>0x14832</run_address>
         <size>0x6</size>
         <input_file_ref idref="fl-1a"/>
      </object_component>
      <object_component id="oc-75d">
         <name>.text:USB_getVersion</name>
         <load_address>0x14838</load_address>
         <run_address>0x14838</run_address>
         <size>0x6</size>
         <input_file_ref idref="fl-7"/>
      </object_component>
      <object_component id="oc-435">
         <name>.text:abort</name>
         <load_address>0x1483e</load_address>
         <run_address>0x1483e</run_address>
         <size>0x6</size>
         <input_file_ref idref="fl-68"/>
      </object_component>
      <object_component id="oc-8d5">
         <name>.text:usbClearOEP0ByteCount</name>
         <load_address>0x14844</load_address>
         <run_address>0x14844</run_address>
         <size>0x6</size>
         <input_file_ref idref="fl-7"/>
      </object_component>
      <object_component id="oc-8b1">
         <name>.text:USBHID_handleBootProtocol</name>
         <load_address>0x1484a</load_address>
         <run_address>0x1484a</run_address>
         <size>0x4</size>
         <input_file_ref idref="fl-f"/>
      </object_component>
      <object_component id="oc-467">
         <name>.text:USBHID_handleDataReceived</name>
         <load_address>0x1484e</load_address>
         <run_address>0x1484e</run_address>
         <size>0x4</size>
         <input_file_ref idref="fl-f"/>
      </object_component>
      <object_component id="oc-8b8">
         <name>.text:USBHID_handleEP0GetReport</name>
         <load_address>0x14852</load_address>
         <run_address>0x14852</run_address>
         <size>0x4</size>
         <input_file_ref idref="fl-f"/>
      </object_component>
      <object_component id="oc-8c0">
         <name>.text:USBHID_handleEP0SetReport</name>
         <load_address>0x14856</load_address>
         <run_address>0x14856</run_address>
         <size>0x4</size>
         <input_file_ref idref="fl-f"/>
      </object_component>
      <object_component id="oc-5d4">
         <name>.text:USBHID_handleEP0SetReportDataAvailable</name>
         <load_address>0x1485a</load_address>
         <run_address>0x1485a</run_address>
         <size>0x4</size>
         <input_file_ref idref="fl-f"/>
      </object_component>
      <object_component id="oc-588">
         <name>.text:USBHID_handleReceiveCompleted</name>
         <load_address>0x1485e</load_address>
         <run_address>0x1485e</run_address>
         <size>0x4</size>
         <input_file_ref idref="fl-f"/>
      </object_component>
      <object_component id="oc-4af">
         <name>.text:USB_handleClockEvent</name>
         <load_address>0x14862</load_address>
         <run_address>0x14862</run_address>
         <size>0x4</size>
         <input_file_ref idref="fl-f"/>
      </object_component>
      <object_component id="oc-8f0">
         <name>.text:USB_handleEnumerationCompleteEvent</name>
         <load_address>0x14866</load_address>
         <run_address>0x14866</run_address>
         <size>0x4</size>
         <input_file_ref idref="fl-f"/>
      </object_component>
      <object_component id="oc-491">
         <name>.text:USB_handleResetEvent</name>
         <load_address>0x1486a</load_address>
         <run_address>0x1486a</run_address>
         <size>0x4</size>
         <input_file_ref idref="fl-f"/>
      </object_component>
      <object_component id="oc-4d6">
         <name>.text:_system_post_cinit</name>
         <load_address>0x1486e</load_address>
         <run_address>0x1486e</run_address>
         <size>0x2</size>
         <input_file_ref idref="fl-a3"/>
      </object_component>
      <object_component id="oc-400">
         <name>.text:_isr:iUsbInterruptHandler</name>
         <load_address>0x4400</load_address>
         <run_address>0x4400</run_address>
         <size>0x11e</size>
         <input_file_ref idref="fl-10"/>
      </object_component>
      <object_component id="oc-ad">
         <name>.text:_isr:_c_int00_noargs_noexit</name>
         <load_address>0x451e</load_address>
         <run_address>0x451e</run_address>
         <size>0x1a</size>
         <input_file_ref idref="fl-5d"/>
      </object_component>
      <object_component id="oc-3fb">
         <name>.text:_isr:__TI_ISR_TRAP</name>
         <load_address>0x4538</load_address>
         <run_address>0x4538</run_address>
         <size>0x8</size>
         <input_file_ref idref="fl-84"/>
      </object_component>
      <object_component id="oc-9d3">
         <name>.cinit..data.load</name>
         <load_address>0x489a</load_address>
         <run_address>0x489a</run_address>
         <size>0x11</size>
      </object_component>
      <object_component id="oc-9d0">
         <name>__TI_handler_table</name>
         <load_address>0x48ac</load_address>
         <run_address>0x48ac</run_address>
         <size>0xc</size>
      </object_component>
      <object_component id="oc-9d2">
         <name>.cinit..bss.load</name>
         <load_address>0x48b8</load_address>
         <run_address>0x48b8</run_address>
         <size>0x6</size>
      </object_component>
      <object_component id="oc-9d1">
         <name>__TI_cinit_table</name>
         <load_address>0x48be</load_address>
         <run_address>0x48be</run_address>
         <size>0x10</size>
      </object_component>
      <object_component id="oc-6dd">
         <name>.const:tUsbRequestList</name>
         <load_address>0x4540</load_address>
         <run_address>0x4540</run_address>
         <size>0x150</size>
         <input_file_ref idref="fl-11"/>
      </object_component>
      <object_component id="oc-8e7">
         <name>.const:.string:abromStringDescriptor</name>
         <load_address>0x4690</load_address>
         <run_address>0x4690</run_address>
         <size>0x84</size>
         <input_file_ref idref="fl-11"/>
      </object_component>
      <object_component id="oc-6d7">
         <name>.const:.string:$P$T0$1</name>
         <load_address>0x4714</load_address>
         <run_address>0x4714</run_address>
         <size>0x80</size>
         <input_file_ref idref="fl-2"/>
      </object_component>
      <object_component id="oc-94d">
         <name>.const:.string:report_desc_HID0</name>
         <load_address>0x4794</load_address>
         <run_address>0x4794</run_address>
         <size>0x3f</size>
         <input_file_ref idref="fl-11"/>
      </object_component>
      <object_component id="oc-8db">
         <name>.const:abromConfigurationDescriptorGroup</name>
         <load_address>0x47d3</load_address>
         <run_address>0x47d3</run_address>
         <size>0x29</size>
         <input_file_ref idref="fl-11"/>
      </object_component>
      <object_component id="oc-6fe">
         <name>.const:.string</name>
         <load_address>0x47fc</load_address>
         <run_address>0x47fc</run_address>
         <size>0x22</size>
         <input_file_ref idref="fl-7"/>
      </object_component>
      <object_component id="oc-73a">
         <name>.const:GPIO_PORT_TO_BASE</name>
         <load_address>0x481e</load_address>
         <run_address>0x481e</run_address>
         <size>0x1c</size>
         <input_file_ref idref="fl-20"/>
      </object_component>
      <object_component id="oc-8e2">
         <name>.const:.string:abromDeviceDescriptor</name>
         <load_address>0x483a</load_address>
         <run_address>0x483a</run_address>
         <size>0x12</size>
         <input_file_ref idref="fl-11"/>
      </object_component>
      <object_component id="oc-69f">
         <name>.const:bp</name>
         <load_address>0x484c</load_address>
         <run_address>0x484c</run_address>
         <size>0x10</size>
         <input_file_ref idref="fl-65"/>
      </object_component>
      <object_component id="oc-6a8">
         <name>.const:dp_h</name>
         <load_address>0x485c</load_address>
         <run_address>0x485c</run_address>
         <size>0x10</size>
         <input_file_ref idref="fl-65"/>
      </object_component>
      <object_component id="oc-6ab">
         <name>.const:dp_l</name>
         <load_address>0x486c</load_address>
         <run_address>0x486c</run_address>
         <size>0x10</size>
         <input_file_ref idref="fl-65"/>
      </object_component>
      <object_component id="oc-57f">
         <name>.const:stUsbHandle</name>
         <load_address>0x487c</load_address>
         <run_address>0x487c</run_address>
         <size>0x10</size>
         <input_file_ref idref="fl-11"/>
      </object_component>
      <object_component id="oc-86b">
         <name>.const:$P$T0$1</name>
         <load_address>0x488c</load_address>
         <run_address>0x488c</run_address>
         <size>0xa</size>
         <input_file_ref idref="fl-8"/>
      </object_component>
      <object_component id="oc-8ce">
         <name>.const:report_desc_size</name>
         <load_address>0x4896</load_address>
         <run_address>0x4896</run_address>
         <size>0x2</size>
         <input_file_ref idref="fl-11"/>
      </object_component>
      <object_component id="oc-667">
         <name>.const:.string:report_len_input</name>
         <load_address>0x4898</load_address>
         <run_address>0x4898</run_address>
         <size>0x1</size>
         <input_file_ref idref="fl-11"/>
      </object_component>
      <object_component id="oc-96a">
         <name>.binit</name>
         <load_address>0x4400</load_address>
         <run_address>0x4400</run_address>
         <size>0x0</size>
      </object_component>
      <object_component id="oc-79">
         <name>.int41</name>
         <load_address>0xffd2</load_address>
         <run_address>0xffd2</run_address>
         <size>0x2</size>
         <input_file_ref idref="fl-6f"/>
      </object_component>
      <object_component id="oc-7a">
         <name>.int42</name>
         <load_address>0xffd4</load_address>
         <run_address>0xffd4</run_address>
         <size>0x2</size>
         <input_file_ref idref="fl-70"/>
      </object_component>
      <object_component id="oc-7b">
         <name>.int43</name>
         <load_address>0xffd6</load_address>
         <run_address>0xffd6</run_address>
         <size>0x2</size>
         <input_file_ref idref="fl-71"/>
      </object_component>
      <object_component id="oc-7c">
         <name>.int44</name>
         <load_address>0xffd8</load_address>
         <run_address>0xffd8</run_address>
         <size>0x2</size>
         <input_file_ref idref="fl-72"/>
      </object_component>
      <object_component id="oc-7d">
         <name>.int45</name>
         <load_address>0xffda</load_address>
         <run_address>0xffda</run_address>
         <size>0x2</size>
         <input_file_ref idref="fl-73"/>
      </object_component>
      <object_component id="oc-7e">
         <name>.int46</name>
         <load_address>0xffdc</load_address>
         <run_address>0xffdc</run_address>
         <size>0x2</size>
         <input_file_ref idref="fl-74"/>
      </object_component>
      <object_component id="oc-7f">
         <name>.int47</name>
         <load_address>0xffde</load_address>
         <run_address>0xffde</run_address>
         <size>0x2</size>
         <input_file_ref idref="fl-75"/>
      </object_component>
      <object_component id="oc-80">
         <name>.int48</name>
[...]
         <name>PMM_setVCoreUp</name>
         <value>0x12ed0</value>
         <object_component_ref idref="oc-612"/>
      </symbol>
      <symbol id="sm-8ba">
         <name>TLV_getInfo</name>
         <value>0x13c86</value>
         <object_component_ref idref="oc-864"/>
      </symbol>
      <symbol id="sm-900">
         <name>UCS_initClockSignal</name>
         <value>0x1356e</value>
         <object_component_ref idref="oc-626"/>
      </symbol>
      <symbol id="sm-901">
         <name>UCS_initFLLSettle</name>
         <value>0x140e8</value>
         <object_component_ref idref="oc-636"/>
      </symbol>
      <symbol id="sm-902">
         <name>UCS_initFLL</name>
         <value>0x12d16</value>
         <object_component_ref idref="oc-743"/>
      </symbol>
      <symbol id="sm-903">
         <name>UCS_turnOffXT2</name>
         <value>0x14814</value>
         <object_component_ref idref="oc-59a"/>
      </symbol>
      <symbol id="sm-904">
         <name>UCS_turnOnXT2WithTimeout</name>
         <value>0x13ed0</value>
         <object_component_ref idref="oc-6f7"/>
      </symbol>
      <symbol id="sm-930">
         <name>__mspabi_addd</name>
         <value>0x118d0</value>
         <object_component_ref idref="oc-536"/>
      </symbol>
      <symbol id="sm-938">
         <name>_stack</name>
         <value>0x4360</value>
         <object_component_ref idref="oc-3df"/>
      </symbol>
      <symbol id="sm-939">
         <name>_reset_vector</name>
         <value>0xfffe</value>
         <object_component_ref idref="oc-3e2"/>
      </symbol>
      <symbol id="sm-943">
         <name>_c_int00_noargs_noexit</name>
         <value>0x451e</value>
         <object_component_ref idref="oc-ad"/>
      </symbol>
      <symbol id="sm-961">
         <name>__TI_decompress_lzss</name>
         <value>0x1377a</value>
         <object_component_ref idref="oc-6d"/>
      </symbol>
      <symbol id="sm-977">
         <name>__TI_decompress_none</name>
         <value>0x1471c</value>
         <object_component_ref idref="oc-73"/>
      </symbol>
      <symbol id="sm-98a">
         <name>__TI_zero_init</name>
         <value>0x1437a</value>
         <object_component_ref idref="oc-8f"/>
      </symbol>
      <symbol id="sm-995">
         <name>__mspabi_remu</name>
         <value>0x14678</value>
         <object_component_ref idref="oc-70d"/>
      </symbol>
      <symbol id="sm-996">
         <name>__mspabi_divu</name>
         <value>0x14678</value>
         <object_component_ref idref="oc-70d"/>
      </symbol>
      <symbol id="sm-9a5">
         <name>__mspabi_remul</name>
         <value>0x13b8c</value>
         <object_component_ref idref="oc-62c"/>
      </symbol>
      <symbol id="sm-9a6">
         <name>__mspabi_divul</name>
         <value>0x13b8c</value>
         <object_component_ref idref="oc-62c"/>
      </symbol>
      <symbol id="sm-a37">
         <name>pow</name>
         <value>0x10000</value>
         <object_component_ref idref="oc-530"/>
      </symbol>
      <symbol id="sm-a38">
         <name>powl</name>
         <value>0x10000</value>
         <object_component_ref idref="oc-530"/>
      </symbol>
      <symbol id="sm-a63">
         <name>sqrtl</name>
         <value>0x115e8</value>
         <object_component_ref idref="oc-68a"/>
      </symbol>
      <symbol id="sm-a64">
         <name>sqrt</name>
         <value>0x115e8</value>
         <object_component_ref idref="oc-68a"/>
      </symbol>
      <symbol id="sm-a6b">
         <name>errno</name>
         <value>0x248a</value>
         <object_component_ref idref="oc-696"/>
      </symbol>
      <symbol id="sm-a75">
         <name>C$$EXIT</name>
         <value>0x1483e</value>
         <object_component_ref idref="oc-435"/>
      </symbol>
      <symbol id="sm-a76">
         <name>abort</name>
         <value>0x1483e</value>
         <object_component_ref idref="oc-435"/>
      </symbol>
      <symbol id="sm-a82">
         <name>__mspabi_fixdu</name>
         <value>0x1470a</value>
         <object_component_ref idref="oc-53c"/>
      </symbol>
      <symbol id="sm-a92">
         <name>__mspabi_fixdul</name>
         <value>0x1393c</value>
         <object_component_ref idref="oc-6ce"/>
      </symbol>
      <symbol id="sm-a9b">
         <name>__mspabi_fltid</name>
         <value>0x147d6</value>
         <object_component_ref idref="oc-52a"/>
      </symbol>
      <symbol id="sm-ab3">
         <name>__mspabi_fltlid</name>
         <value>0x13274</value>
         <object_component_ref idref="oc-66e"/>
      </symbol>
      <symbol id="sm-ad4">
         <name>__TI_frcaddd</name>
         <value>0x120b0</value>
         <object_component_ref idref="oc-6c1"/>
      </symbol>
      <symbol id="sm-ad7">
         <name>__TI_int41</name>
         <value>0xffd2</value>
         <object_component_ref idref="oc-79"/>
      </symbol>
      <symbol id="sm-ada">
         <name>__TI_int42</name>
         <value>0xffd4</value>
         <object_component_ref idref="oc-7a"/>
      </symbol>
      <symbol id="sm-add">
         <name>__TI_int43</name>
         <value>0xffd6</value>
         <object_component_ref idref="oc-7b"/>
      </symbol>
      <symbol id="sm-ae0">
         <name>__TI_int44</name>
         <value>0xffd8</value>
         <object_component_ref idref="oc-7c"/>
      </symbol>
      <symbol id="sm-ae3">
         <name>__TI_int45</name>
         <value>0xffda</value>
         <object_component_ref idref="oc-7d"/>
      </symbol>
      <symbol id="sm-ae6">
         <name>__TI_int46</name>
         <value>0xffdc</value>
         <object_component_ref idref="oc-7e"/>
      </symbol>
      <symbol id="sm-ae9">
         <name>__TI_int47</name>
         <value>0xffde</value>
         <object_component_ref idref="oc-7f"/>
      </symbol>
      <symbol id="sm-aec">
         <name>__TI_int48</name>
         <value>0xffe0</value>
         <object_component_ref idref="oc-80"/>
      </symbol>
      <symbol id="sm-aef">
         <name>__TI_int49</name>
         <value>0xffe2</value>
         <object_component_ref idref="oc-81"/>
      </symbol>
      <symbol id="sm-af2">
         <name>__TI_int50</name>
         <value>0xffe4</value>
         <object_component_ref idref="oc-82"/>
      </symbol>
      <symbol id="sm-af5">
         <name>__TI_int52</name>
         <value>0xffe8</value>
         <object_component_ref idref="oc-84"/>
      </symbol>
      <symbol id="sm-af8">
         <name>__TI_int53</name>
         <value>0xffea</value>
         <object_component_ref idref="oc-85"/>
      </symbol>
      <symbol id="sm-afb">
         <name>__TI_int54</name>
         <value>0xffec</value>
         <object_component_ref idref="oc-86"/>
      </symbol>
      <symbol id="sm-afe">
         <name>__TI_int55</name>
         <value>0xffee</value>
         <object_component_ref idref="oc-87"/>
      </symbol>
      <symbol id="sm-b01">
         <name>__TI_int56</name>
         <value>0xfff0</value>
         <object_component_ref idref="oc-88"/>
      </symbol>
      <symbol id="sm-b04">
         <name>__TI_int57</name>
         <value>0xfff2</value>
         <object_component_ref idref="oc-89"/>
      </symbol>
      <symbol id="sm-b07">
         <name>__TI_int58</name>
         <value>0xfff4</value>
         <object_component_ref idref="oc-8a"/>
      </symbol>
      <symbol id="sm-b0a">
         <name>__TI_int59</name>
         <value>0xfff6</value>
         <object_component_ref idref="oc-8b"/>
      </symbol>
      <symbol id="sm-b0d">
         <name>__TI_int60</name>
         <value>0xfff8</value>
         <object_component_ref idref="oc-8c"/>
      </symbol>
      <symbol id="sm-b10">
         <name>__TI_int61</name>
         <value>0xfffa</value>
         <object_component_ref idref="oc-8d"/>
      </symbol>
      <symbol id="sm-b13">
         <name>__TI_int62</name>
         <value>0xfffc</value>
         <object_component_ref idref="oc-8e"/>
      </symbol>
      <symbol id="sm-b1b">
         <name>__TI_ISR_TRAP</name>
         <value>0x4538</value>
         <object_component_ref idref="oc-3fb"/>
      </symbol>
      <symbol id="sm-b24">
         <name>__mspabi_slli</name>
         <value>0x14800</value>
         <object_component_ref idref="oc-708"/>
      </symbol>
      <symbol id="sm-b34">
         <name>__mspabi_slll_9</name>
         <value>0x13fa4</value>
         <object_component_ref idref="oc-775"/>
      </symbol>
      <symbol id="sm-b35">
         <name>__mspabi_slll_8</name>
         <value>0x13fa8</value>
         <object_component_ref idref="oc-775"/>
      </symbol>
      <symbol id="sm-b36">
         <name>__mspabi_slll_7</name>
         <value>0x13fac</value>
         <object_component_ref idref="oc-775"/>
      </symbol>
      <symbol id="sm-b37">
         <name>__mspabi_slll_6</name>
         <value>0x13fb0</value>
         <object_component_ref idref="oc-775"/>
      </symbol>
      <symbol id="sm-b38">
         <name>__mspabi_slll_5</name>
         <value>0x13fb4</value>
         <object_component_ref idref="oc-775"/>
      </symbol>
      <symbol id="sm-b39">
         <name>__mspabi_slll_4</name>
         <value>0x13fb8</value>
         <object_component_ref idref="oc-775"/>
      </symbol>
      <symbol id="sm-b3a">
         <name>__mspabi_slll_3</name>
         <value>0x13fbc</value>
         <object_component_ref idref="oc-775"/>
      </symbol>
      <symbol id="sm-b3b">
         <name>__mspabi_slll_2</name>
         <value>0x13fc0</value>
         <object_component_ref idref="oc-775"/>
      </symbol>
      <symbol id="sm-b3c">
         <name>__mspabi_slll_1</name>
         <value>0x13fc4</value>
         <object_component_ref idref="oc-775"/>
      </symbol>
      <symbol id="sm-b3d">
         <name>__mspabi_slll</name>
         <value>0x14770</value>
         <object_component_ref idref="oc-67a"/>
      </symbol>
      <symbol id="sm-b3e">
         <name>__mspabi_slll_15</name>
         <value>0x13f8c</value>
         <object_component_ref idref="oc-775"/>
      </symbol>
      <symbol id="sm-b3f">
         <name>__mspabi_slll_14</name>
         <value>0x13f90</value>
         <object_component_ref idref="oc-775"/>
      </symbol>
      <symbol id="sm-b40">
         <name>__mspabi_slll_13</name>
         <value>0x13f94</value>
         <object_component_ref idref="oc-775"/>
      </symbol>
      <symbol id="sm-b41">
         <name>__mspabi_slll_12</name>
         <value>0x13f98</value>
         <object_component_ref idref="oc-775"/>
      </symbol>
      <symbol id="sm-b42">
         <name>__mspabi_slll_11</name>
         <value>0x13f9c</value>
         <object_component_ref idref="oc-775"/>
      </symbol>
      <symbol id="sm-b43">
         <name>__mspabi_slll_10</name>
         <value>0x13fa0</value>
         <object_component_ref idref="oc-775"/>
      </symbol>
      <symbol id="sm-b4c">
         <name>__mspabi_srli</name>
         <value>0x1480a</value>
         <object_component_ref idref="oc-712"/>
      </symbol>
      <symbol id="sm-b5c">
         <name>__mspabi_srll_8</name>
         <value>0x13fe6</value>
         <object_component_ref idref="oc-631"/>
      </symbol>
      <symbol id="sm-b5d">
         <name>__mspabi_srll_9</name>
         <value>0x13fe2</value>
         <object_component_ref idref="oc-631"/>
      </symbol>
      <symbol id="sm-b5e">
         <name>__mspabi_srll_6</name>
         <value>0x13fee</value>
         <object_component_ref idref="oc-631"/>
      </symbol>
      <symbol id="sm-b5f">
         <name>__mspabi_srll_7</name>
         <value>0x13fea</value>
         <object_component_ref idref="oc-631"/>
      </symbol>
      <symbol id="sm-b60">
         <name>__mspabi_srll_4</name>
         <value>0x13ff6</value>
         <object_component_ref idref="oc-631"/>
      </symbol>
      <symbol id="sm-b61">
         <name>__mspabi_srll_5</name>
         <value>0x13ff2</value>
         <object_component_ref idref="oc-631"/>
      </symbol>
      <symbol id="sm-b62">
         <name>__mspabi_srll_2</name>
         <value>0x13ffe</value>
         <object_component_ref idref="oc-631"/>
      </symbol>
      <symbol id="sm-b63">
         <name>__mspabi_srll_3</name>
         <value>0x13ffa</value>
         <object_component_ref idref="oc-631"/>
      </symbol>
      <symbol id="sm-b64">
         <name>__mspabi_srll_1</name>
         <value>0x14002</value>
         <object_component_ref idref="oc-631"/>
      </symbol>
      <symbol id="sm-b65">
         <name>__mspabi_srll_15</name>
         <value>0x13fca</value>
         <object_component_ref idref="oc-631"/>
      </symbol>
      <symbol id="sm-b66">
         <name>__mspabi_srll_14</name>
         <value>0x13fce</value>
         <object_component_ref idref="oc-631"/>
      </symbol>
      <symbol id="sm-b67">
         <name>__mspabi_srll_13</name>
         <value>0x13fd2</value>
         <object_component_ref idref="oc-631"/>
      </symbol>
      <symbol id="sm-b68">
         <name>__mspabi_srll_12</name>
         <value>0x13fd6</value>
         <object_component_ref idref="oc-631"/>
      </symbol>
      <symbol id="sm-b69">
         <name>__mspabi_srll_11</name>
         <value>0x13fda</value>
         <object_component_ref idref="oc-631"/>
      </symbol>
      <symbol id="sm-b6a">
         <name>__mspabi_srll_10</name>
         <value>0x13fde</value>
         <object_component_ref idref="oc-631"/>
      </symbol>
      <symbol id="sm-b6b">
         <name>__mspabi_srll</name>
         <value>0x14780</value>
         <object_component_ref idref="oc-67f"/>
      </symbol>
      <symbol id="sm-b7a">
         <name>memcpy</name>
         <value>0x146ce</value>
         <object_component_ref idref="oc-3ee"/>
      </symbol>
      <symbol id="sm-b88">
         <name>memset</name>
         <value>0x14662</value>
         <object_component_ref idref="oc-51e"/>
      </symbol>
      <symbol id="sm-ba9">
         <name>__mspabi_mpyd</name>
         <value>0x11e2e</value>
         <object_component_ref idref="oc-699"/>
      </symbol>
      <symbol id="sm-bb3">
         <name>__mspabi_mpyi_f5hw</name>
         <value>0x14632</value>
         <object_component_ref idref="oc-563"/>
      </symbol>
      <symbol id="sm-bbd">
         <name>__mspabi_mpyl_f5hw</name>
         <value>0x1439e</value>
         <object_component_ref idref="oc-884"/>
      </symbol>
      <symbol id="sm-bc7">
         <name>__mspabi_negd</name>
         <value>0x141de</value>
         <object_component_ref idref="oc-690"/>
      </symbol>
      <symbol id="sm-bdb">
         <name>__TI_renormd</name>
         <value>0x1311e</value>
         <object_component_ref idref="oc-7ab"/>
      </symbol>
      <symbol id="sm-bfa">
         <name>scalbn</name>
         <value>0x12736</value>
         <object_component_ref idref="oc-6b4"/>
      </symbol>
      <symbol id="sm-bfb">
         <name>scalbnl</name>
         <value>0x12736</value>
         <object_component_ref idref="oc-6b4"/>
      </symbol>
      <symbol id="sm-bfc">
         <name>ldexpl</name>
         <value>0x12736</value>
         <object_component_ref idref="oc-6b4"/>
      </symbol>
      <symbol id="sm-bfd">
         <name>ldexp</name>
         <value>0x12736</value>
         <object_component_ref idref="oc-6b4"/>
      </symbol>
      <symbol id="sm-c06">
         <name>__mspabi_subd</name>
         <value>0x1414c</value>
         <object_component_ref idref="oc-6a2"/>
      </symbol>
      <symbol id="sm-c18">
         <name>__mspabi_sral</name>
         <value>0x14760</value>
         <object_component_ref idref="oc-675"/>
      </symbol>
      <symbol id="sm-c19">
         <name>__mspabi_sral_15</name>
         <value>0x13f4e</value>
         <object_component_ref idref="oc-889"/>
      </symbol>
      <symbol id="sm-c1a">
         <name>__mspabi_sral_14</name>
         <value>0x13f52</value>
         <object_component_ref idref="oc-889"/>
      </symbol>
      <symbol id="sm-c1b">
         <name>__mspabi_sral_13</name>
         <value>0x13f56</value>
         <object_component_ref idref="oc-889"/>
      </symbol>
      <symbol id="sm-c1c">
         <name>__mspabi_sral_12</name>
         <value>0x13f5a</value>
         <object_component_ref idref="oc-889"/>
      </symbol>
      <symbol id="sm-c1d">
         <name>__mspabi_sral_11</name>
         <value>0x13f5e</value>
         <object_component_ref idref="oc-889"/>
      </symbol>
      <symbol id="sm-c1e">
         <name>__mspabi_sral_10</name>
         <value>0x13f62</value>
         <object_component_ref idref="oc-889"/>
      </symbol>
      <symbol id="sm-c1f">
         <name>__mspabi_sral_8</name>
         <value>0x13f6a</value>
         <object_component_ref idref="oc-889"/>
      </symbol>
      <symbol id="sm-c20">
         <name>__mspabi_sral_9</name>
         <value>0x13f66</value>
         <object_component_ref idref="oc-889"/>
      </symbol>
      <symbol id="sm-c21">
         <name>__mspabi_sral_6</name>
         <value>0x13f72</value>
         <object_component_ref idref="oc-889"/>
      </symbol>
      <symbol id="sm-c22">
         <name>__mspabi_sral_7</name>
         <value>0x13f6e</value>
         <object_component_ref idref="oc-889"/>
      </symbol>
      <symbol id="sm-c23">
         <name>__mspabi_sral_4</name>
         <value>0x13f7a</value>
         <object_component_ref idref="oc-889"/>
      </symbol>
      <symbol id="sm-c24">
         <name>__mspabi_sral_5</name>
         <value>0x13f76</value>
         <object_component_ref idref="oc-889"/>
      </symbol>
      <symbol id="sm-c25">
         <name>__mspabi_sral_2</name>
         <value>0x13f82</value>
         <object_component_ref idref="oc-889"/>
      </symbol>
      <symbol id="sm-c26">
         <name>__mspabi_sral_3</name>
         <value>0x13f7e</value>
         <object_component_ref idref="oc-889"/>
      </symbol>
      <symbol id="sm-c27">
         <name>__mspabi_sral_1</name>
         <value>0x13f86</value>
         <object_component_ref idref="oc-889"/>
      </symbol>
      <symbol id="sm-c49">
         <name>_auto_init_hold_wdt</name>
         <value>0x13682</value>
         <object_component_ref idref="oc-413"/>
      </symbol>
      <symbol id="sm-c63">
         <name>__mspabi_cmpd</name>
         <value>0x12df8</value>
         <object_component_ref idref="oc-6ae"/>
      </symbol>
      <symbol id="sm-c79">
         <name>copy_in</name>
         <value>0x139a4</value>
         <object_component_ref idref="oc-4d0"/>
      </symbol>
      <symbol id="sm-c9a">
         <name>__mspabi_divd</name>
         <value>0x12302</value>
         <object_component_ref idref="oc-684"/>
      </symbol>
      <symbol id="sm-cb5">
         <name>__TI_frcdivd</name>
         <value>0x11170</value>
         <object_component_ref idref="oc-77f"/>
      </symbol>
      <symbol id="sm-cc6">
         <name>__TI_frcmpyd</name>
         <value>0x11ba8</value>
         <object_component_ref idref="oc-78c"/>
      </symbol>
      <symbol id="sm-ccf">
         <name>copysign</name>
         <value>0x1420c</value>
         <object_component_ref idref="oc-79c"/>
      </symbol>
      <symbol id="sm-cd0">
         <name>copysignl</name>
         <value>0x1420c</value>
         <object_component_ref idref="oc-79c"/>
      </symbol>
      <symbol id="sm-cd9">
         <name>_system_post_cinit</name>
         <value>0x1486e</value>
         <object_component_ref idref="oc-4d6"/>
      </symbol>
      <symbol id="sm-cdb">
         <name>__TI_BINIT_Base</name>
         <value>0x0</value>
      </symbol>
      <symbol id="sm-cdc">
         <name>__TI_BINIT_Limit</name>
         <value>0x0</value>
      </symbol>
      <symbol id="sm-cdd">
         <name>__TI_INITARRAY_Base</name>
         <value>0x0</value>
      </symbol>
      <symbol id="sm-cde">
         <name>__TI_INITARRAY_Limit</name>
         <value>0x0</value>
      </symbol>
   </symbol_table>
   <title>Link successful</title>
</link_info>
