<?xml version="1.0"?>
<link_info>
   <banner>MSP430 Linker PC v16.9.6.LTS</banner>
   <copyright>Copyright (c) 2003-2017 Texas Instruments Incorporated</copyright>
   <link_time>0x5c36c6f5</link_time>
   <link_errors>0x0</link_errors>
   <output_file>H8_Keyboard.out</output_file>
   <entry_point>
      <name>_c_int00_noargs_noexit</name>
      <address>0x45a2</address>
   </entry_point>
   <input_file_list>
      <input_file id="fl-2">
         <path>.\</path>
         <kind>object</kind>
         <file>hal.obj</file>
         <name>hal.obj</name>
      </input_file>
      <input_file id="fl-3">
         <path>.\</path>
         <kind>object</kind>
         <file>main.obj</file>
         <name>main.obj</name>
      </input_file>
      <input_file id="fl-4">
         <path>.\</path>
         <kind>object</kind>
         <file>system_pre_init.obj</file>
         <name>system_pre_init.obj</name>
      </input_file>
      <input_file id="fl-5">
         <path>.\USB_API\USB_CDC_API\</path>
         <kind>object</kind>
         <file>UsbCdc.obj</file>
         <name>UsbCdc.obj</name>
      </input_file>
      <input_file id="fl-6">
         <path>.\USB_API\USB_Common\</path>
         <kind>object</kind>
         <file>usb.obj</file>
         <name>usb.obj</name>
      </input_file>
      <input_file id="fl-7">
         <path>.\USB_API\USB_Common\</path>
         <kind>object</kind>
         <file>usbdma.obj</file>
         <name>usbdma.obj</name>
      </input_file>
      <input_file id="fl-8">
         <path>.\USB_API\USB_HID_API\</path>
         <kind>object</kind>
         <file>UsbHid.obj</file>
         <name>UsbHid.obj</name>
      </input_file>
      <input_file id="fl-9">
         <path>.\USB_API\USB_HID_API\</path>
         <kind>object</kind>
         <file>UsbHidReq.obj</file>
         <name>UsbHidReq.obj</name>
      </input_file>
      <input_file id="fl-a">
         <path>.\USB_API\USB_MSC_API\</path>
         <kind>object</kind>
         <file>UsbMscReq.obj</file>
         <name>UsbMscReq.obj</name>
      </input_file>
      <input_file id="fl-b">
         <path>.\USB_API\USB_MSC_API\</path>
         <kind>object</kind>
         <file>UsbMscScsi.obj</file>
         <name>UsbMscScsi.obj</name>
      </input_file>
      <input_file id="fl-c">
         <path>.\USB_API\USB_MSC_API\</path>
         <kind>object</kind>
         <file>UsbMscStateMachine.obj</file>
         <name>UsbMscStateMachine.obj</name>
      </input_file>
      <input_file id="fl-d">
         <path>.\USB_API\USB_PHDC_API\</path>
         <kind>object</kind>
         <file>UsbPHDC.obj</file>
         <name>UsbPHDC.obj</name>
      </input_file>
      <input_file id="fl-e">
         <path>.\USB_app\</path>
         <kind>object</kind>
         <file>keyboard.obj</file>
         <name>keyboard.obj</name>
      </input_file>
      <input_file id="fl-f">
         <path>.\USB_app\</path>
         <kind>object</kind>
         <file>usbEventHandling.obj</file>
         <name>usbEventHandling.obj</name>
      </input_file>
      <input_file id="fl-10">
         <path>.\USB_config\</path>
         <kind>object</kind>
         <file>UsbIsr.obj</file>
         <name>UsbIsr.obj</name>
      </input_file>
      <input_file id="fl-11">
         <path>.\USB_config\</path>
         <kind>object</kind>
         <file>descriptors.obj</file>
         <name>descriptors.obj</name>
      </input_file>
      <input_file id="fl-12">
         <path>.\driverlib\MSP430F5xx_6xx\</path>
         <kind>object</kind>
         <file>adc10_a.obj</file>
         <name>adc10_a.obj</name>
      </input_file>
      <input_file id="fl-13">
         <path>.\driverlib\MSP430F5xx_6xx\</path>
         <kind>object</kind>
         <file>adc12_a.obj</file>
         <name>adc12_a.obj</name>
      </input_file>
      <input_file id="fl-14">
         <path>.\driverlib\MSP430F5xx_6xx\</path>
         <kind>object</kind>
         <file>aes.obj</file>
         <name>aes.obj</name>
      </input_file>
      <input_file id="fl-15">
         <path>.\driverlib\MSP430F5xx_6xx\</path>
         <kind>object</kind>
         <file>battbak.obj</file>
         <name>battbak.obj</name>
      </input_file>
      <input_file id="fl-16">
         <path>.\driverlib\MSP430F5xx_6xx\</path>
         <kind>object</kind>
         <file>comp_b.obj</file>
         <name>comp_b.obj</name>
      </input_file>
      <input_file id="fl-17">
         <path>.\driverlib\MSP430F5xx_6xx\</path>
         <kind>object</kind>
         <file>crc.obj</file>
         <name>crc.obj</name>
      </input_file>
      <input_file id="fl-18">
         <path>.\driverlib\MSP430F5xx_6xx\</path>
         <kind>object</kind>
         <file>ctsd16.obj</file>
         <name>ctsd16.obj</name>
      </input_file>
      <input_file id="fl-19">
         <path>.\driverlib\MSP430F5xx_6xx\</path>
         <kind>object</kind>
         <file>dac12_a.obj</file>
         <name>dac12_a.obj</name>
      </input_file>
      <input_file id="fl-1a">
         <path>.\driverlib\MSP430F5xx_6xx\</path>
         <kind>object</kind>
         <file>dma.obj</file>
         <name>dma.obj</name>
      </input_file>
      <input_file id="fl-1b">
         <path>.\driverlib\MSP430F5xx_6xx\</path>
         <kind>object</kind>
         <file>eusci_a_spi.obj</file>
         <name>eusci_a_spi.obj</name>
      </input_file>
      <input_file id="fl-1c">
         <path>.\driverlib\MSP430F5xx_6xx\</path>
         <kind>object</kind>
         <file>eusci_a_uart.obj</file>
         <name>eusci_a_uart.obj</name>
      </input_file>
      <input_file id="fl-1d">
         <path>.\driverlib\MSP430F5xx_6xx\</path>
         <kind>object</kind>
         <file>eusci_b_i2c.obj</file>
         <name>eusci_b_i2c.obj</name>
      </input_file>
      <input_file id="fl-1e">
         <path>.\driverlib\MSP430F5xx_6xx\</path>
         <kind>object</kind>
         <file>eusci_b_spi.obj</file>
         <name>eusci_b_spi.obj</name>
      </input_file>
      <input_file id="fl-1f">
         <path>.\driverlib\MSP430F5xx_6xx\</path>
         <kind>object</kind>
         <file>flashctl.obj</file>
         <name>flashctl.obj</name>
      </input_file>
      <input_file id="fl-20">
         <path>.\driverlib\MSP430F5xx_6xx\</path>
         <kind>object</kind>
         <file>gpio.obj</file>
         <name>gpio.obj</name>
      </input_file>
      <input_file id="fl-21">
         <path>.\driverlib\MSP430F5xx_6xx\</path>
         <kind>object</kind>
         <file>lcd_b.obj</file>
         <name>lcd_b.obj</name>
      </input_file>
      <input_file id="fl-22">
         <path>.\driverlib\MSP430F5xx_6xx\</path>
         <kind>object</kind>
         <file>ldopwr.obj</file>
         <name>ldopwr.obj</name>
      </input_file>
      <input_file id="fl-23">
         <path>.\driverlib\MSP430F5xx_6xx\</path>
         <kind>object</kind>
         <file>mpy32.obj</file>
         <name>mpy32.obj</name>
      </input_file>
      <input_file id="fl-24">
         <path>.\driverlib\MSP430F5xx_6xx\</path>
         <kind>object</kind>
         <file>oa.obj</file>
         <name>oa.obj</name>
      </input_file>
      <input_file id="fl-25">
         <path>.\driverlib\MSP430F5xx_6xx\</path>
         <kind>object</kind>
         <file>pmap.obj</file>
         <name>pmap.obj</name>
      </input_file>
      <input_file id="fl-26">
         <path>.\driverlib\MSP430F5xx_6xx\</path>
         <kind>object</kind>
         <file>pmm.obj</file>
         <name>pmm.obj</name>
      </input_file>
      <input_file id="fl-27">
         <path>.\driverlib\MSP430F5xx_6xx\</path>
         <kind>object</kind>
         <file>ram.obj</file>
         <name>ram.obj</name>
      </input_file>
      <input_file id="fl-28">
         <path>.\driverlib\MSP430F5xx_6xx\</path>
         <kind>object</kind>
         <file>ref.obj</file>
         <name>ref.obj</name>
      </input_file>
      <input_file id="fl-29">
         <path>.\driverlib\MSP430F5xx_6xx\</path>
         <kind>object</kind>
         <file>rtc_a.obj</file>
         <name>rtc_a.obj</name>
      </input_file>
      <input_file id="fl-2a">
         <path>.\driverlib\MSP430F5xx_6xx\</path>
         <kind>object</kind>
         <file>rtc_b.obj</file>
         <name>rtc_b.obj</name>
      </input_file>
      <input_file id="fl-2b">
         <path>.\driverlib\MSP430F5xx_6xx\</path>
         <kind>object</kind>
         <file>rtc_c.obj</file>
         <name>rtc_c.obj</name>
      </input_file>
      <input_file id="fl-2c">
         <path>.\driverlib\MSP430F5xx_6xx\</path>
         <kind>object</kind>
         <file>sd24_b.obj</file>
         <name>sd24_b.obj</name>
      </input_file>
      <input_file id="fl-2d">
         <path>.\driverlib\MSP430F5xx_6xx\</path>
         <kind>object</kind>
         <file>sfr.obj</file>
         <name>sfr.obj</name>
      </input_file>
      <input_file id="fl-2e">
         <path>.\driverlib\MSP430F5xx_6xx\</path>
         <kind>object</kind>
         <file>sysctl.obj</file>
         <name>sysctl.obj</name>
      </input_file>
      <input_file id="fl-2f">
         <path>.\driverlib\MSP430F5xx_6xx\</path>
         <kind>object</kind>
         <file>tec.obj</file>
         <name>tec.obj</name>
      </input_file>
      <input_file id="fl-30">
         <path>.\driverlib\MSP430F5xx_6xx\</path>
         <kind>object</kind>
         <file>timer_a.obj</file>
         <name>timer_a.obj</name>
      </input_file>
      <input_file id="fl-31">
         <path>.\driverlib\MSP430F5xx_6xx\</path>
         <kind>object</kind>
         <file>timer_b.obj</file>
         <name>timer_b.obj</name>
      </input_file>
      <input_file id="fl-32">
         <path>.\driverlib\MSP430F5xx_6xx\</path>
         <kind>object</kind>
         <file>timer_d.obj</file>
         <name>timer_d.obj</name>
      </input_file>
      <input_file id="fl-33">
         <path>.\driverlib\MSP430F5xx_6xx\</path>
         <kind>object</kind>
         <file>tlv.obj</file>
         <name>tlv.obj</name>
      </input_file>
      <input_file id="fl-34">
         <path>.\driverlib\MSP430F5xx_6xx\</path>
         <kind>object</kind>
         <file>ucs.obj</file>
         <name>ucs.obj</name>
      </input_file>
      <input_file id="fl-35">
         <path>.\driverlib\MSP430F5xx_6xx\</path>
         <kind>object</kind>
         <file>usci_a_spi.obj</file>
         <name>usci_a_spi.obj</name>
      </input_file>
      <input_file id="fl-36">
         <path>.\driverlib\MSP430F5xx_6xx\</path>
         <kind>object</kind>
         <file>usci_a_uart.obj</file>
         <name>usci_a_uart.obj</name>
      </input_file>
      <input_file id="fl-37">
         <path>.\driverlib\MSP430F5xx_6xx\</path>
         <kind>object</kind>
         <file>usci_b_i2c.obj</file>
         <name>usci_b_i2c.obj</name>
      </input_file>
      <input_file id="fl-38">
         <path>.\driverlib\MSP430F5xx_6xx\</path>
         <kind>object</kind>
         <file>usci_b_spi.obj</file>
         <name>usci_b_spi.obj</name>
      </input_file>
      <input_file id="fl-39">
         <path>.\driverlib\MSP430F5xx_6xx\</path>
         <kind>object</kind>
         <file>wdt_a.obj</file>
         <name>wdt_a.obj</name>
      </input_file>
      <input_file id="fl-40">
         <kind>object</kind>
         <file>&lt;internal&gt;</file>
         <name>&lt;internal&gt;</name>
      </input_file>
      <input_file id="fl-5b">
         <path>C:\ti\ccsv7\tools\compiler\ti-cgt-msp430_16.9.6.LTS\lib\</path>
         <kind>archive</kind>
         <file>rts430x_lc_rd_eabi.lib</file>
         <name>boot.obj</name>
      </input_file>
      <input_file id="fl-5c">
         <path>C:\ti\ccsv7\tools\compiler\ti-cgt-msp430_16.9.6.LTS\lib\</path>
         <kind>archive</kind>
         <file>rts430x_lc_rd_eabi.lib</file>
         <name>boot_special.obj</name>
      </input_file>
      <input_file id="fl-5d">
         <path>C:\ti\ccsv7\tools\compiler\ti-cgt-msp430_16.9.6.LTS\lib\</path>
         <kind>archive</kind>
         <file>rts430x_lc_rd_eabi.lib</file>
         <name>copy_decompress_lzss.obj</name>
      </input_file>
      <input_file id="fl-5e">
         <path>C:\ti\ccsv7\tools\compiler\ti-cgt-msp430_16.9.6.LTS\lib\</path>
         <kind>archive</kind>
         <file>rts430x_lc_rd_eabi.lib</file>
         <name>copy_decompress_none.obj</name>
      </input_file>
      <input_file id="fl-5f">
         <path>C:\ti\ccsv7\tools\compiler\ti-cgt-msp430_16.9.6.LTS\lib\</path>
         <kind>archive</kind>
         <file>rts430x_lc_rd_eabi.lib</file>
         <name>copy_zero_init.obj</name>
      </input_file>
      <input_file id="fl-60">
         <path>C:\ti\ccsv7\tools\compiler\ti-cgt-msp430_16.9.6.LTS\lib\</path>
         <kind>archive</kind>
         <file>rts430x_lc_rd_eabi.lib</file>
         <name>div16s.obj</name>
      </input_file>
      <input_file id="fl-61">
         <path>C:\ti\ccsv7\tools\compiler\ti-cgt-msp430_16.9.6.LTS\lib\</path>
         <kind>archive</kind>
         <file>rts430x_lc_rd_eabi.lib</file>
         <name>div16u.obj</name>
      </input_file>
      <input_file id="fl-62">
         <path>C:\ti\ccsv7\tools\compiler\ti-cgt-msp430_16.9.6.LTS\lib\</path>
         <kind>archive</kind>
         <file>rts430x_lc_rd_eabi.lib</file>
         <name>div32s.obj</name>
      </input_file>
      <input_file id="fl-63">
         <path>C:\ti\ccsv7\tools\compiler\ti-cgt-msp430_16.9.6.LTS\lib\</path>
         <kind>archive</kind>
         <file>rts430x_lc_rd_eabi.lib</file>
         <name>div32u.obj</name>
      </input_file>
      <input_file id="fl-64">
         <path>C:\ti\ccsv7\tools\compiler\ti-cgt-msp430_16.9.6.LTS\lib\</path>
         <kind>archive</kind>
         <file>rts430x_lc_rd_eabi.lib</file>
         <name>exit.obj</name>
      </input_file>
      <input_file id="fl-65">
         <path>C:\ti\ccsv7\tools\compiler\ti-cgt-msp430_16.9.6.LTS\lib\</path>
         <kind>archive</kind>
         <file>rts430x_lc_rd_eabi.lib</file>
         <name>exit_gvars.obj</name>
      </input_file>
      <input_file id="fl-66">
         <path>C:\ti\ccsv7\tools\compiler\ti-cgt-msp430_16.9.6.LTS\lib\</path>
         <kind>archive</kind>
         <file>rts430x_lc_rd_eabi.lib</file>
         <name>int41.obj</name>
      </input_file>
      <input_file id="fl-67">
         <path>C:\ti\ccsv7\tools\compiler\ti-cgt-msp430_16.9.6.LTS\lib\</path>
         <kind>archive</kind>
         <file>rts430x_lc_rd_eabi.lib</file>
         <name>int42.obj</name>
      </input_file>
      <input_file id="fl-68">
         <path>C:\ti\ccsv7\tools\compiler\ti-cgt-msp430_16.9.6.LTS\lib\</path>
         <kind>archive</kind>
         <file>rts430x_lc_rd_eabi.lib</file>
         <name>int43.obj</name>
      </input_file>
      <input_file id="fl-69">
         <path>C:\ti\ccsv7\tools\compiler\ti-cgt-msp430_16.9.6.LTS\lib\</path>
         <kind>archive</kind>
         <file>rts430x_lc_rd_eabi.lib</file>
         <name>int44.obj</name>
      </input_file>
      <input_file id="fl-6a">
         <path>C:\ti\ccsv7\tools\compiler\ti-cgt-msp430_16.9.6.LTS\lib\</path>
         <kind>archive</kind>
         <file>rts430x_lc_rd_eabi.lib</file>
         <name>int45.obj</name>
      </input_file>
      <input_file id="fl-6b">
         <path>C:\ti\ccsv7\tools\compiler\ti-cgt-msp430_16.9.6.LTS\lib\</path>
         <kind>archive</kind>
         <file>rts430x_lc_rd_eabi.lib</file>
         <name>int46.obj</name>
      </input_file>
      <input_file id="fl-6c">
         <path>C:\ti\ccsv7\tools\compiler\ti-cgt-msp430_16.9.6.LTS\lib\</path>
         <kind>archive</kind>
         <file>rts430x_lc_rd_eabi.lib</file>
         <name>int48.obj</name>
      </input_file>
      <input_file id="fl-6d">
         <path>C:\ti\ccsv7\tools\compiler\ti-cgt-msp430_16.9.6.LTS\lib\</path>
         <kind>archive</kind>
         <file>rts430x_lc_rd_eabi.lib</file>
         <name>int49.obj</name>
      </input_file>
      <input_file id="fl-6e">
         <path>C:\ti\ccsv7\tools\compiler\ti-cgt-msp430_16.9.6.LTS\lib\</path>
         <kind>archive</kind>
         <file>rts430x_lc_rd_eabi.lib</file>
         <name>int50.obj</name>
      </input_file>
      <input_file id="fl-6f">
         <path>C:\ti\ccsv7\tools\compiler\ti-cgt-msp430_16.9.6.LTS\lib\</path>
         <kind>archive</kind>
         <file>rts430x_lc_rd_eabi.lib</file>
         <name>int52.obj</name>
      </input_file>
      <input_file id="fl-70">
         <path>C:\ti\ccsv7\tools\compiler\ti-cgt-msp430_16.9.6.LTS\lib\</path>
         <kind>archive</kind>
         <file>rts430x_lc_rd_eabi.lib</file>
         <name>int53.obj</name>
      </input_file>
      <input_file id="fl-71">
         <path>C:\ti\ccsv7\tools\compiler\ti-cgt-msp430_16.9.6.LTS\lib\</path>
         <kind>archive</kind>
         <file>rts430x_lc_rd_eabi.lib</file>
         <name>int54.obj</name>
      </input_file>
      <input_file id="fl-72">
         <path>C:\ti\ccsv7\tools\compiler\ti-cgt-msp430_16.9.6.LTS\lib\</path>
         <kind>archive</kind>
         <file>rts430x_lc_rd_eabi.lib</file>
         <name>int55.obj</name>
      </input_file>
      <input_file id="fl-73">
         <path>C:\ti\ccsv7\tools\compiler\ti-cgt-msp430_16.9.6.LTS\lib\</path>
         <kind>archive</kind>
         <file>rts430x_lc_rd_eabi.lib</file>
         <name>int56.obj</name>
      </input_file>
      <input_file id="fl-74">
         <path>C:\ti\ccsv7\tools\compiler\ti-cgt-msp430_16.9.6.LTS\lib\</path>
         <kind>archive</kind>
         <file>rts430x_lc_rd_eabi.lib</file>
         <name>int57.obj</name>
      </input_file>
      <input_file id="fl-75">
         <path>C:\ti\ccsv7\tools\compiler\ti-cgt-msp430_16.9.6.LTS\lib\</path>
         <kind>archive</kind>
         <file>rts430x_lc_rd_eabi.lib</file>
         <name>int58.obj</name>
      </input_file>
      <input_file id="fl-76">
         <path>C:\ti\ccsv7\tools\compiler\ti-cgt-msp430_16.9.6.LTS\lib\</path>
         <kind>archive</kind>
         <file>rts430x_lc_rd_eabi.lib</file>
         <name>int59.obj</name>
      </input_file>
      <input_file id="fl-77">
         <path>C:\ti\ccsv7\tools\compiler\ti-cgt-msp430_16.9.6.LTS\lib\</path>
         <kind>archive</kind>
         <file>rts430x_lc_rd_eabi.lib</file>
         <name>int60.obj</name>
      </input_file>
      <input_file id="fl-78">
         <path>C:\ti\ccsv7\tools\compiler\ti-cgt-msp430_16.9.6.LTS\lib\</path>
         <kind>archive</kind>
         <file>rts430x_lc_rd_eabi.lib</file>
         <name>int62.obj</name>
      </input_file>
      <input_file id="fl-79">
         <path>C:\ti\ccsv7\tools\compiler\ti-cgt-msp430_16.9.6.LTS\lib\</path>
         <kind>archive</kind>
         <file>rts430x_lc_rd_eabi.lib</file>
         <name>isr_trap.obj</name>
      </input_file>
      <input_file id="fl-7a">
         <path>C:\ti\ccsv7\tools\compiler\ti-cgt-msp430_16.9.6.LTS\lib\</path>
         <kind>archive</kind>
         <file>rts430x_lc_rd_eabi.lib</file>
         <name>lsl16.obj</name>
      </input_file>
      <input_file id="fl-7b">
         <path>C:\ti\ccsv7\tools\compiler\ti-cgt-msp430_16.9.6.LTS\lib\</path>
         <kind>archive</kind>
         <file>rts430x_lc_rd_eabi.lib</file>
         <name>lsr16.obj</name>
      </input_file>
      <input_file id="fl-7c">
         <path>C:\ti\ccsv7\tools\compiler\ti-cgt-msp430_16.9.6.LTS\lib\</path>
         <kind>archive</kind>
         <file>rts430x_lc_rd_eabi.lib</file>
         <name>lsr32.obj</name>
      </input_file>
      <input_file id="fl-7d">
         <path>C:\ti\ccsv7\tools\compiler\ti-cgt-msp430_16.9.6.LTS\lib\</path>
         <kind>archive</kind>
         <file>rts430x_lc_rd_eabi.lib</file>
         <name>memcpy.obj</name>
      </input_file>
      <input_file id="fl-7e">
         <path>C:\ti\ccsv7\tools\compiler\ti-cgt-msp430_16.9.6.LTS\lib\</path>
         <kind>archive</kind>
         <file>rts430x_lc_rd_eabi.lib</file>
         <name>memset.obj</name>
      </input_file>
      <input_file id="fl-7f">
         <path>C:\ti\ccsv7\tools\compiler\ti-cgt-msp430_16.9.6.LTS\lib\</path>
         <kind>archive</kind>
         <file>rts430x_lc_rd_eabi.lib</file>
         <name>mpu_init.obj</name>
      </input_file>
      <input_file id="fl-80">
         <path>C:\ti\ccsv7\tools\compiler\ti-cgt-msp430_16.9.6.LTS\lib\</path>
         <kind>archive</kind>
         <file>rts430x_lc_rd_eabi.lib</file>
         <name>mult16.obj</name>
      </input_file>
      <input_file id="fl-81">
         <path>C:\ti\ccsv7\tools\compiler\ti-cgt-msp430_16.9.6.LTS\lib\</path>
         <kind>archive</kind>
         <file>rts430x_lc_rd_eabi.lib</file>
         <name>mult1632_f5hw.obj</name>
      </input_file>
      <input_file id="fl-82">
         <path>C:\ti\ccsv7\tools\compiler\ti-cgt-msp430_16.9.6.LTS\lib\</path>
         <kind>archive</kind>
         <file>rts430x_lc_rd_eabi.lib</file>
         <name>mult16_f5hw.obj</name>
      </input_file>
      <input_file id="fl-83">
         <path>C:\ti\ccsv7\tools\compiler\ti-cgt-msp430_16.9.6.LTS\lib\</path>
         <kind>archive</kind>
         <file>rts430x_lc_rd_eabi.lib</file>
         <name>mult32.obj</name>
      </input_file>
      <input_file id="fl-84">
         <path>C:\ti\ccsv7\tools\compiler\ti-cgt-msp430_16.9.6.LTS\lib\</path>
         <kind>archive</kind>
         <file>rts430x_lc_rd_eabi.lib</file>
         <name>mult3264_f5hw.obj</name>
      </input_file>
      <input_file id="fl-85">
         <path>C:\ti\ccsv7\tools\compiler\ti-cgt-msp430_16.9.6.LTS\lib\</path>
         <kind>archive</kind>
         <file>rts430x_lc_rd_eabi.lib</file>
         <name>mult32_f5hw.obj</name>
      </input_file>
      <input_file id="fl-86">
         <path>C:\ti\ccsv7\tools\compiler\ti-cgt-msp430_16.9.6.LTS\lib\</path>
         <kind>archive</kind>
         <file>rts430x_lc_rd_eabi.lib</file>
         <name>mult64_f5hw.obj</name>
      </input_file>
      <input_file id="fl-87">
         <path>C:\ti\ccsv7\tools\compiler\ti-cgt-msp430_16.9.6.LTS\lib\</path>
         <kind>archive</kind>
         <file>rts430x_lc_rd_eabi.lib</file>
         <name>strlen.obj</name>
      </input_file>
      <input_file id="fl-88">
         <path>C:\ti\ccsv7\tools\compiler\ti-cgt-msp430_16.9.6.LTS\lib\</path>
         <kind>archive</kind>
         <file>rts430x_lc_rd_eabi.lib</file>
         <name>_lock.obj</name>
      </input_file>
      <input_file id="fl-89">
         <path>C:\ti\ccsv7\tools\compiler\ti-cgt-msp430_16.9.6.LTS\lib\</path>
         <kind>archive</kind>
         <file>rts430x_lc_rd_eabi.lib</file>
         <name>args_main.obj</name>
      </input_file>
      <input_file id="fl-8a">
         <path>C:\ti\ccsv7\tools\compiler\ti-cgt-msp430_16.9.6.LTS\lib\</path>
         <kind>archive</kind>
         <file>rts430x_lc_rd_eabi.lib</file>
         <name>autoinit_wdt.obj</name>
      </input_file>
      <input_file id="fl-8b">
         <path>C:\ti\ccsv7\tools\compiler\ti-cgt-msp430_16.9.6.LTS\lib\</path>
         <kind>archive</kind>
         <file>rts430x_lc_rd_eabi.lib</file>
         <name>cpy_tbl.obj</name>
      </input_file>
      <input_file id="fl-8c">
         <path>C:\ti\ccsv7\tools\compiler\ti-cgt-msp430_16.9.6.LTS\lib\</path>
         <kind>archive</kind>
         <file>rts430x_lc_rd_eabi.lib</file>
         <name>startup.obj</name>
      </input_file>
   </input_file_list>
   <object_component_list>
      <object_component id="oc-5d6">
         <name>.bss</name>
         <uninitialized>true</uninitialized>
         <run_address>0x24d0</run_address>
         <size>0x10</size>
         <input_file_ref idref="fl-6"/>
      </object_component>
      <object_component id="oc-5f5">
         <name>.bss:HidWriteCtrl</name>
         <uninitialized>true</uninitialized>
         <run_address>0x24e0</run_address>
         <size>0xa</size>
         <input_file_ref idref="fl-8"/>
      </object_component>
      <object_component id="oc-59c">
         <name>.bss:HidReadCtrl</name>
         <uninitialized>true</uninitialized>
         <run_address>0x24b6</run_address>
         <size>0x1a</size>
         <input_file_ref idref="fl-8"/>
      </object_component>
      <object_component id="oc-68b">
         <name>.bss:keyUnion</name>
         <uninitialized>true</uninitialized>
         <run_address>0x24ea</run_address>
         <size>0x8</size>
         <input_file_ref idref="fl-e"/>
      </object_component>
      <object_component id="oc-56b">
         <name>.common:button1StringLength</name>
         <uninitialized>true</uninitialized>
         <run_address>0x2511</run_address>
         <size>0x1</size>
      </object_component>
      <object_component id="oc-5d9">
         <name>.common:wBytesRemainingOnIEP0</name>
         <uninitialized>true</uninitialized>
         <run_address>0x250a</run_address>
         <size>0x2</size>
      </object_component>
      <object_component id="oc-5da">
         <name>.common:wBytesRemainingOnOEP0</name>
         <uninitialized>true</uninitialized>
         <run_address>0x250c</run_address>
         <size>0x2</size>
      </object_component>
      <object_component id="oc-58f">
         <name>.common:abUsbRequestReturnData</name>
         <uninitialized>true</uninitialized>
         <run_address>0x24fa</run_address>
         <size>0x8</size>
      </object_component>
      <object_component id="oc-842">
         <name>.common:abUsbRequestIncomingData</name>
         <uninitialized>true</uninitialized>
         <run_address>0x24f2</run_address>
         <size>0x8</size>
      </object_component>
      <object_component id="oc-7fb">
         <name>.common:abramSerialStringDescriptor</name>
         <uninitialized>true</uninitialized>
         <run_address>0x2494</run_address>
         <size>0x22</size>
      </object_component>
      <object_component id="oc-58e">
         <name>.common:bStatusAction</name>
         <uninitialized>true</uninitialized>
         <run_address>0x2510</run_address>
         <size>0x1</size>
      </object_component>
      <object_component id="oc-486">
         <name>.common:wUsbEventMask</name>
         <uninitialized>true</uninitialized>
         <run_address>0x250e</run_address>
         <size>0x2</size>
      </object_component>
      <object_component id="oc-5fe">
         <name>.common:USB_TX_memcpy</name>
         <uninitialized>true</uninitialized>
         <run_address>0x2506</run_address>
         <size>0x4</size>
      </object_component>
      <object_component id="oc-6cb">
         <name>.common:USB_RX_memcpy</name>
         <uninitialized>true</uninitialized>
         <run_address>0x2502</run_address>
         <size>0x4</size>
      </object_component>
      <object_component id="oc-470">
         <name>.data</name>
         <load_address>0x248c</load_address>
         <run_address>0x248c</run_address>
         <size>0x3</size>
         <input_file_ref idref="fl-3"/>
      </object_component>
      <object_component id="oc-562">
         <name>.data:button1Buf</name>
         <load_address>0x2400</load_address>
         <run_address>0x2400</run_address>
         <size>0x80</size>
         <input_file_ref idref="fl-3"/>
      </object_component>
      <object_component id="oc-5c9">
         <name>.data</name>
         <load_address>0x2480</load_address>
         <run_address>0x2480</run_address>
         <size>0x8</size>
         <input_file_ref idref="fl-6"/>
      </object_component>
      <object_component id="oc-6e7">
         <name>.data:hidProtocol</name>
         <load_address>0x2492</load_address>
         <run_address>0x2492</run_address>
         <size>0x1</size>
         <input_file_ref idref="fl-8"/>
      </object_component>
      <object_component id="oc-81b">
         <name>.data:hidIdleRate</name>
         <load_address>0x2490</load_address>
         <run_address>0x2490</run_address>
         <size>0x1</size>
         <input_file_ref idref="fl-8"/>
      </object_component>
      <object_component id="oc-84d">
         <name>.data:report_desc</name>
         <load_address>0x2488</load_address>
         <run_address>0x2488</run_address>
         <size>0x4</size>
         <input_file_ref idref="fl-11"/>
      </object_component>
      <object_component id="oc-3df">
         <name>.stack</name>
         <uninitialized>true</uninitialized>
         <run_address>0x4360</run_address>
         <size>0x4</size>
         <input_file_ref idref="fl-5b"/>
      </object_component>
      <object_component id="oc-94d">
         <name>.stack</name>
         <uninitialized>true</uninitialized>
         <run_address>0x4360</run_address>
         <size>0x0</size>
      </object_component>
      <object_component id="oc-48f">
         <name>.text:HidToBufferFromHost</name>
         <load_address>0x10000</load_address>
         <run_address>0x10000</run_address>
         <size>0x144</size>
         <input_file_ref idref="fl-8"/>
      </object_component>
      <object_component id="oc-4d7">
         <name>.text:HidToHostFromBuffer</name>
         <load_address>0x10144</load_address>
         <run_address>0x10144</run_address>
         <size>0x10c</size>
         <input_file_ref idref="fl-8"/>
      </object_component>
      <object_component id="oc-5c3">
         <name>.text:USB_enable</name>
         <load_address>0x10250</load_address>
         <run_address>0x10250</run_address>
         <size>0xfa</size>
         <input_file_ref idref="fl-6"/>
      </object_component>
      <object_component id="oc-4ad">
         <name>.text:USB_reset</name>
         <load_address>0x1034a</load_address>
         <run_address>0x1034a</run_address>
         <size>0xf6</size>
         <input_file_ref idref="fl-6"/>
      </object_component>
      <object_component id="oc-439">
         <name>.text:main</name>
         <load_address>0x10440</load_address>
         <run_address>0x10440</run_address>
         <size>0xf4</size>
         <input_file_ref idref="fl-3"/>
      </object_component>
      <object_component id="oc-71e">
         <name>.text:UCS_initFLL</name>
         <load_address>0x10534</load_address>
         <run_address>0x10534</run_address>
         <size>0xe2</size>
         <input_file_ref idref="fl-34"/>
      </object_component>
      <object_component id="oc-64c">
         <name>.text:PMM_setVCoreUp</name>
         <load_address>0x10616</load_address>
         <run_address>0x10616</run_address>
         <size>0xcc</size>
         <input_file_ref idref="fl-26"/>
      </object_component>
      <object_component id="oc-743">
         <name>.text:USB_InitSerialStringDescriptor</name>
         <load_address>0x106e2</load_address>
         <run_address>0x106e2</run_address>
         <size>0xc6</size>
         <input_file_ref idref="fl-6"/>
      </object_component>
      <object_component id="oc-5e3">
         <name>.text:USB_determineFreq</name>
         <load_address>0x107a8</load_address>
         <run_address>0x107a8</run_address>
         <size>0xbc</size>
         <input_file_ref idref="fl-6"/>
      </object_component>
      <object_component id="oc-731">
         <name>.text:USB_determineXT2Freq</name>
         <load_address>0x10864</load_address>
         <run_address>0x10864</run_address>
         <size>0xa4</size>
         <input_file_ref idref="fl-6"/>
      </object_component>
      <object_component id="oc-56e">
         <name>.text:Keyboard_press</name>
         <load_address>0x10908</load_address>
         <run_address>0x10908</run_address>
         <size>0x98</size>
         <input_file_ref idref="fl-e"/>
      </object_component>
      <object_component id="oc-538">
         <name>.text:USBHAL_initPorts</name>
         <load_address>0x109a0</load_address>
         <run_address>0x109a0</run_address>
         <size>0x98</size>
         <input_file_ref idref="fl-2"/>
      </object_component>
      <object_component id="oc-574">
         <name>.text:USBHID_sendReport</name>
         <load_address>0x10a38</load_address>
         <run_address>0x10a38</run_address>
         <size>0x98</size>
         <input_file_ref idref="fl-8"/>
      </object_component>
      <object_component id="oc-68f">
         <name>.text:USB_init</name>
         <load_address>0x10ad0</load_address>
         <run_address>0x10ad0</run_address>
         <size>0x98</size>
         <input_file_ref idref="fl-6"/>
      </object_component>
      <object_component id="oc-55c">
         <name>.text:USB_getConnectionState</name>
         <load_address>0x10b68</load_address>
         <run_address>0x10b68</run_address>
         <size>0x96</size>
         <input_file_ref idref="fl-6"/>
      </object_component>
      <object_component id="oc-646">
         <name>.text:PMM_setVCoreDown</name>
         <load_address>0x10bfe</load_address>
         <run_address>0x10bfe</run_address>
         <size>0x94</size>
         <input_file_ref idref="fl-26"/>
      </object_component>
      <object_component id="oc-660">
         <name>.text:UCS_initClockSignal</name>
         <load_address>0x10c92</load_address>
         <run_address>0x10c92</run_address>
         <size>0x8c</size>
         <input_file_ref idref="fl-34"/>
      </object_component>
      <object_component id="oc-590">
         <name>.text:usbDecodeAndProcessUsbRequest</name>
         <load_address>0x10d1e</load_address>
         <run_address>0x10d1e</run_address>
         <size>0x88</size>
         <input_file_ref idref="fl-6"/>
      </object_component>
      <object_component id="oc-41f">
         <name>.text:_auto_init_hold_wdt</name>
         <load_address>0x10da6</load_address>
         <run_address>0x10da6</run_address>
         <size>0x82</size>
         <input_file_ref idref="fl-8a"/>
      </object_component>
      <object_component id="oc-5b6">
         <name>.text:HidCopyUsbToBuff</name>
         <load_address>0x10e28</load_address>
         <run_address>0x10e28</run_address>
         <size>0x76</size>
         <input_file_ref idref="fl-8"/>
      </object_component>
      <object_component id="oc-6d">
         <name>.text:decompress:lzss:__TI_decompress_lzss</name>
         <load_address>0x10e9e</load_address>
         <run_address>0x10e9e</run_address>
         <size>0x76</size>
         <input_file_ref idref="fl-5d"/>
      </object_component>
      <object_component id="oc-60f">
         <name>.text:usbSendNextPacketOnIEP0</name>
         <load_address>0x10f14</load_address>
         <run_address>0x10f14</run_address>
         <size>0x74</size>
         <input_file_ref idref="fl-6"/>
      </object_component>
      <object_component id="oc-556">
         <name>.text:Keyboard_release</name>
         <load_address>0x10f88</load_address>
         <run_address>0x10f88</run_address>
         <size>0x70</size>
         <input_file_ref idref="fl-e"/>
      </object_component>
      <object_component id="oc-4b9">
         <name>.text:PWRVBUSoffHandler</name>
         <load_address>0x10ff8</load_address>
         <run_address>0x10ff8</run_address>
         <size>0x6e</size>
         <input_file_ref idref="fl-10"/>
      </object_component>
      <object_component id="oc-7bf">
         <name>.text:usbGetEndpointStatus</name>
         <load_address>0x11066</load_address>
         <run_address>0x11066</run_address>
         <size>0x6a</size>
         <input_file_ref idref="fl-6"/>
      </object_component>
      <object_component id="oc-505">
         <name>.text:copy_in</name>
         <load_address>0x110d0</load_address>
         <run_address>0x110d0</run_address>
         <size>0x64</size>
         <input_file_ref idref="fl-8b"/>
      </object_component>
      <object_component id="oc-812">
         <name>.text:memcpyDMA</name>
         <load_address>0x11134</load_address>
         <run_address>0x11134</run_address>
         <size>0x64</size>
         <input_file_ref idref="fl-7"/>
      </object_component>
      <object_component id="oc-80c">
         <name>.text:DMA_init</name>
         <load_address>0x11198</load_address>
         <run_address>0x11198</run_address>
         <size>0x62</size>
         <input_file_ref idref="fl-1a"/>
      </object_component>
      <object_component id="oc-4c5">
         <name>.text:PWRVBUSonHandler</name>
         <load_address>0x111fa</load_address>
         <run_address>0x111fa</run_address>
         <size>0x62</size>
         <input_file_ref idref="fl-10"/>
      </object_component>
      <object_component id="oc-749">
         <name>.text:USB_initMemcpy</name>
         <load_address>0x1125c</load_address>
         <run_address>0x1125c</run_address>
         <size>0x5c</size>
         <input_file_ref idref="fl-7"/>
      </object_component>
      <object_component id="oc-666">
         <name>.text</name>
         <load_address>0x112b8</load_address>
         <run_address>0x112b8</run_address>
         <size>0x58</size>
         <input_file_ref idref="fl-63"/>
      </object_component>
      <object_component id="oc-7d7">
         <name>.text:usbSetEndpointFeature</name>
         <load_address>0x11310</load_address>
         <run_address>0x11310</run_address>
         <size>0x52</size>
         <input_file_ref idref="fl-6"/>
      </object_component>
      <object_component id="oc-7a7">
         <name>.text:usbGetStringDescriptor</name>
         <load_address>0x11362</load_address>
         <run_address>0x11362</run_address>
         <size>0x50</size>
         <input_file_ref idref="fl-6"/>
      </object_component>
      <object_component id="oc-7fc">
         <name>.text:TLV_getInfo</name>
         <load_address>0x113b2</load_address>
         <run_address>0x113b2</run_address>
         <size>0x4c</size>
         <input_file_ref idref="fl-33"/>
      </object_component>
      <object_component id="oc-602">
         <name>.text:usbReceiveNextPacketOnOEP0</name>
         <load_address>0x113fe</load_address>
         <run_address>0x113fe</run_address>
         <size>0x4c</size>
         <input_file_ref idref="fl-6"/>
      </object_component>
      <object_component id="oc-532">
         <name>.text:PMM_setVCore</name>
         <load_address>0x1144a</load_address>
         <run_address>0x1144a</run_address>
         <size>0x4a</size>
         <input_file_ref idref="fl-26"/>
      </object_component>
      <object_component id="oc-47a">
         <name>.text:SetupPacketInterruptHandler</name>
         <load_address>0x11494</load_address>
         <run_address>0x11494</run_address>
         <size>0x4a</size>
         <input_file_ref idref="fl-10"/>
      </object_component>
      <object_component id="oc-550">
         <name>.text:USB_setup</name>
         <load_address>0x114de</load_address>
         <run_address>0x114de</run_address>
         <size>0x4a</size>
         <input_file_ref idref="fl-6"/>
      </object_component>
      <object_component id="oc-78f">
         <name>.text:usbClearEndpointFeature</name>
         <load_address>0x11528</load_address>
         <run_address>0x11528</run_address>
         <size>0x46</size>
         <input_file_ref idref="fl-6"/>
      </object_component>
      <object_component id="oc-67e">
         <name>.text:GPIO_setAsInputPinWithPullUpResistor</name>
         <load_address>0x1156e</load_address>
         <run_address>0x1156e</run_address>
         <size>0x42</size>
         <input_file_ref idref="fl-20"/>
      </object_component>
      <object_component id="oc-6d4">
         <name>.text:UCS_turnOnXT2WithTimeout</name>
         <load_address>0x115b0</load_address>
         <run_address>0x115b0</run_address>
         <size>0x40</size>
         <input_file_ref idref="fl-34"/>
      </object_component>
      <object_component id="oc-53e">
         <name>.text:USBHAL_initClocks</name>
         <load_address>0x115f0</load_address>
         <run_address>0x115f0</run_address>
         <size>0x3e</size>
         <input_file_ref idref="fl-2"/>
      </object_component>
      <object_component id="oc-66b">
         <name>.text:l_lsr_const</name>
         <load_address>0x1162e</load_address>
         <run_address>0x1162e</run_address>
         <size>0x3e</size>
         <input_file_ref idref="fl-7c"/>
      </object_component>
      <object_component id="oc-4dd">
         <name>.text:OEP0InterruptHandler</name>
         <load_address>0x1166c</load_address>
         <run_address>0x1166c</run_address>
         <size>0x3c</size>
         <input_file_ref idref="fl-10"/>
      </object_component>
      <object_component id="oc-544">
         <name>.text:USBHAL_initButtons</name>
         <load_address>0x116a8</load_address>
         <run_address>0x116a8</run_address>
         <size>0x38</size>
         <input_file_ref idref="fl-2"/>
      </object_component>
      <object_component id="oc-737">
         <name>.text:USB_lookUpPll</name>
         <load_address>0x116e0</load_address>
         <run_address>0x116e0</run_address>
         <size>0x38</size>
         <input_file_ref idref="fl-6"/>
      </object_component>
      <object_component id="oc-7c5">
         <name>.text:usbSetAddress</name>
         <load_address>0x11718</load_address>
         <run_address>0x11718</run_address>
         <size>0x34</size>
         <input_file_ref idref="fl-6"/>
      </object_component>
      <object_component id="oc-670">
         <name>.text:UCS_initFLLSettle</name>
         <load_address>0x1174c</load_address>
         <run_address>0x1174c</run_address>
         <size>0x32</size>
         <input_file_ref idref="fl-34"/>
      </object_component>
      <object_component id="oc-695">
         <name>.text:USB_getConnectionInformation</name>
         <load_address>0x1177e</load_address>
         <run_address>0x1177e</run_address>
         <size>0x32</size>
         <input_file_ref idref="fl-6"/>
      </object_component>
      <object_component id="oc-4a1">
         <name>.text:USB_suspend</name>
         <load_address>0x117b0</load_address>
         <run_address>0x117b0</run_address>
         <size>0x30</size>
         <input_file_ref idref="fl-6"/>
      </object_component>
      <object_component id="oc-7cb">
         <name>.text:usbSetConfiguration</name>
         <load_address>0x117e0</load_address>
         <run_address>0x117e0</run_address>
         <size>0x30</size>
         <input_file_ref idref="fl-6"/>
      </object_component>
      <object_component id="oc-7b3">
         <name>.text:usbGetDeviceStatus</name>
         <load_address>0x11810</load_address>
         <run_address>0x11810</run_address>
         <size>0x2c</size>
         <input_file_ref idref="fl-6"/>
      </object_component>
      <object_component id="oc-777">
         <name>.text:usbSetReport</name>
         <load_address>0x1183c</load_address>
         <run_address>0x1183c</run_address>
         <size>0x2a</size>
         <input_file_ref idref="fl-9"/>
      </object_component>
      <object_component id="oc-88c">
         <name>.text:DMA_setDstAddress</name>
         <load_address>0x11866</load_address>
         <run_address>0x11866</run_address>
         <size>0x28</size>
         <input_file_ref idref="fl-1a"/>
      </object_component>
      <object_component id="oc-653">
         <name>.text:GPIO_setAsOutputPin</name>
         <load_address>0x1188e</load_address>
         <run_address>0x1188e</run_address>
         <size>0x28</size>
         <input_file_ref idref="fl-20"/>
      </object_component>
      <object_component id="oc-6ce">
         <name>.text:GPIO_setAsPeripheralModuleFunctionOutputPin</name>
         <load_address>0x118b6</load_address>
         <run_address>0x118b6</run_address>
         <size>0x28</size>
         <input_file_ref idref="fl-20"/>
      </object_component>
      <object_component id="oc-886">
         <name>.text:DMA_setSrcAddress</name>
         <load_address>0x118de</load_address>
         <run_address>0x118de</run_address>
         <size>0x26</size>
         <input_file_ref idref="fl-1a"/>
      </object_component>
      <object_component id="oc-771">
         <name>.text:usbGetReport</name>
         <load_address>0x11904</load_address>
         <run_address>0x11904</run_address>
         <size>0x26</size>
         <input_file_ref idref="fl-9"/>
      </object_component>
      <object_component id="oc-464">
         <name>.text:GPIO_getInterruptStatus</name>
         <load_address>0x1192a</load_address>
         <run_address>0x1192a</run_address>
         <size>0x24</size>
         <input_file_ref idref="fl-20"/>
      </object_component>
      <object_component id="oc-8f">
         <name>.text:decompress:ZI:__TI_zero_init</name>
         <load_address>0x1194e</load_address>
         <run_address>0x1194e</run_address>
         <size>0x24</size>
         <input_file_ref idref="fl-5f"/>
      </object_component>
      <object_component id="oc-789">
         <name>.text:usbClearDeviceFeature</name>
         <load_address>0x11972</load_address>
         <run_address>0x11972</run_address>
         <size>0x24</size>
         <input_file_ref idref="fl-6"/>
      </object_component>
      <object_component id="oc-7d1">
         <name>.text:usbSetDeviceFeature</name>
         <load_address>0x11996</load_address>
         <run_address>0x11996</run_address>
         <size>0x24</size>
         <input_file_ref idref="fl-6"/>
      </object_component>
      <object_component id="oc-5db">
         <name>.text:HidResetData</name>
         <load_address>0x119ba</load_address>
         <run_address>0x119ba</run_address>
         <size>0x22</size>
         <input_file_ref idref="fl-8"/>
      </object_component>
      <object_component id="oc-4ea">
         <name>.text:USB_disable</name>
         <load_address>0x119dc</load_address>
         <run_address>0x119dc</run_address>
         <size>0x22</size>
         <input_file_ref idref="fl-6"/>
      </object_component>
      <object_component id="oc-783">
         <name>.text:usbGetHidDescriptor</name>
         <load_address>0x119fe</load_address>
         <run_address>0x119fe</run_address>
         <size>0x20</size>
         <input_file_ref idref="fl-9"/>
      </object_component>
      <object_component id="oc-77d">
         <name>.text:usbGetReportDescriptor</name>
         <load_address>0x11a1e</load_address>
         <run_address>0x11a1e</run_address>
         <size>0x20</size>
         <input_file_ref idref="fl-9"/>
      </object_component>
      <object_component id="oc-81e">
         <name>.text:usbSendDataPacketOnEP0</name>
         <load_address>0x11a3e</load_address>
         <run_address>0x11a3e</run_address>
         <size>0x20</size>
         <input_file_ref idref="fl-6"/>
      </object_component>
      <object_component id="oc-76b">
         <name>.text:usbSetProtocol</name>
         <load_address>0x11a5e</load_address>
         <run_address>0x11a5e</run_address>
         <size>0x20</size>
         <input_file_ref idref="fl-9"/>
      </object_component>
      <object_component id="oc-473">
         <name>.text:GPIO_clearInterrupt</name>
         <load_address>0x11a7e</load_address>
         <run_address>0x11a7e</run_address>
         <size>0x1e</size>
         <input_file_ref idref="fl-20"/>
      </object_component>
      <object_component id="oc-684">
         <name>.text:GPIO_enableInterrupt</name>
         <load_address>0x11a9c</load_address>
         <run_address>0x11a9c</run_address>
         <size>0x1e</size>
         <input_file_ref idref="fl-20"/>
      </object_component>
      <object_component id="oc-759">
         <name>.text:usbGetIdle</name>
         <load_address>0x11aba</load_address>
         <run_address>0x11aba</run_address>
         <size>0x1e</size>
         <input_file_ref idref="fl-9"/>
      </object_component>
      <object_component id="oc-7ad">
         <name>.text:usbGetInterface</name>
         <load_address>0x11ad8</load_address>
         <run_address>0x11ad8</run_address>
         <size>0x1e</size>
         <input_file_ref idref="fl-6"/>
      </object_component>
      <object_component id="oc-7b9">
         <name>.text:usbGetInterfaceStatus</name>
         <load_address>0x11af6</load_address>
         <run_address>0x11af6</run_address>
         <size>0x1e</size>
         <input_file_ref idref="fl-6"/>
      </object_component>
      <object_component id="oc-46a">
         <name>.text:GPIO_getInputPinValue</name>
         <load_address>0x11b14</load_address>
         <run_address>0x11b14</run_address>
         <size>0x1c</size>
         <input_file_ref idref="fl-20"/>
      </object_component>
      <object_component id="oc-678">
         <name>.text:GPIO_setOutputHighOnPin</name>
         <load_address>0x11b30</load_address>
         <run_address>0x11b30</run_address>
         <size>0x1c</size>
         <input_file_ref idref="fl-20"/>
      </object_component>
      <object_component id="oc-659">
         <name>.text:GPIO_setOutputLowOnPin</name>
         <load_address>0x11b4c</load_address>
         <run_address>0x11b4c</run_address>
         <size>0x1c</size>
         <input_file_ref idref="fl-20"/>
      </object_component>
      <object_component id="oc-4e3">
         <name>.text:IEP0InterruptHandler</name>
         <load_address>0x11b68</load_address>
         <run_address>0x11b68</run_address>
         <size>0x1c</size>
         <input_file_ref idref="fl-10"/>
      </object_component>
      <object_component id="oc-806">
         <name>.text:memcpyV</name>
         <load_address>0x11b84</load_address>
         <run_address>0x11b84</run_address>
         <size>0x1c</size>
         <input_file_ref idref="fl-7"/>
      </object_component>
      <object_component id="oc-480">
         <name>.text:HidIsReceiveInProgress</name>
         <load_address>0x11ba0</load_address>
         <run_address>0x11ba0</run_address>
         <size>0x1a</size>
         <input_file_ref idref="fl-8"/>
      </object_component>
      <object_component id="oc-5ed">
         <name>.text:USB_connect</name>
         <load_address>0x11bba</load_address>
         <run_address>0x11bba</run_address>
         <size>0x1a</size>
         <input_file_ref idref="fl-6"/>
      </object_component>
      <object_component id="oc-4cb">
         <name>.text:USB_handleVbusOnEvent</name>
         <load_address>0x11bd4</load_address>
         <run_address>0x11bd4</run_address>
         <size>0x1a</size>
         <input_file_ref idref="fl-f"/>
      </object_component>
      <object_component id="oc-52c">
         <name>.text:WDT_A_hold</name>
         <load_address>0x11bee</load_address>
         <run_address>0x11bee</run_address>
         <size>0x1a</size>
         <input_file_ref idref="fl-39"/>
      </object_component>
      <object_component id="oc-7dd">
         <name>.text:usbSetInterface</name>
         <load_address>0x11c08</load_address>
         <run_address>0x11c08</run_address>
         <size>0x1a</size>
         <input_file_ref idref="fl-6"/>
      </object_component>
      <object_component id="oc-495">
         <name>.text:USB_resume</name>
         <load_address>0x11c22</load_address>
         <run_address>0x11c22</run_address>
         <size>0x18</size>
         <input_file_ref idref="fl-6"/>
      </object_component>
      <object_component id="oc-597">
         <name>.text</name>
         <load_address>0x11c3a</load_address>
         <run_address>0x11c3a</run_address>
         <size>0x18</size>
         <input_file_ref idref="fl-82"/>
      </object_component>
      <object_component id="oc-75f">
         <name>.text:usbSetIdle</name>
         <load_address>0x11c52</load_address>
         <run_address>0x11c52</run_address>
         <size>0x18</size>
         <input_file_ref idref="fl-9"/>
      </object_component>
      <object_component id="oc-6e1">
         <name>.text:memset</name>
         <load_address>0x11c6a</load_address>
         <run_address>0x11c6a</run_address>
         <size>0x16</size>
         <input_file_ref idref="fl-7e"/>
      </object_component>
      <object_component id="oc-6eb">
         <name>.text</name>
         <load_address>0x11c80</load_address>
         <run_address>0x11c80</run_address>
         <size>0x16</size>
         <input_file_ref idref="fl-61"/>
      </object_component>
      <object_component id="oc-7a1">
         <name>.text:usbGetConfigurationDescriptor</name>
         <load_address>0x11c96</load_address>
         <run_address>0x11c96</run_address>
         <size>0x16</size>
         <input_file_ref idref="fl-6"/>
      </object_component>
      <object_component id="oc-79b">
         <name>.text:usbGetDeviceDescriptor</name>
         <load_address>0x11cac</load_address>
         <run_address>0x11cac</run_address>
         <size>0x16</size>
         <input_file_ref idref="fl-6"/>
      </object_component>
      <object_component id="oc-54a">
         <name>.text:Keyboard_init</name>
         <load_address>0x11cc2</load_address>
         <run_address>0x11cc2</run_address>
         <size>0x14</size>
         <input_file_ref idref="fl-e"/>
      </object_component>
      <object_component id="oc-3ee">
         <name>.text:memcpy</name>
         <load_address>0x11cd6</load_address>
         <run_address>0x11cd6</run_address>
         <size>0x14</size>
         <input_file_ref idref="fl-7d"/>
      </object_component>
      <object_component id="oc-795">
         <name>.text:usbGetConfiguration</name>
         <load_address>0x11cea</load_address>
         <run_address>0x11cea</run_address>
         <size>0x14</size>
         <input_file_ref idref="fl-6"/>
      </object_component>
      <object_component id="oc-843">
         <name>.text:usbReceiveDataPacketOnEP0</name>
         <load_address>0x11cfe</load_address>
         <run_address>0x11cfe</run_address>
         <size>0x14</size>
         <input_file_ref idref="fl-6"/>
      </object_component>
      <object_component id="oc-73">
         <name>.text:decompress:none:__TI_decompress_none</name>
         <load_address>0x11d12</load_address>
         <run_address>0x11d12</run_address>
         <size>0x12</size>
         <input_file_ref idref="fl-5e"/>
      </object_component>
      <object_component id="oc-7e3">
         <name>.text:usbInvalidRequest</name>
         <load_address>0x11d24</load_address>
         <run_address>0x11d24</run_address>
         <size>0x12</size>
         <input_file_ref idref="fl-6"/>
      </object_component>
      <object_component id="oc-8b0">
         <name>.text:DMA_disableTransfers</name>
         <load_address>0x11d36</load_address>
         <run_address>0x11d36</run_address>
         <size>0x10</size>
         <input_file_ref idref="fl-1a"/>
      </object_component>
      <object_component id="oc-89e">
         <name>.text:DMA_enableTransfers</name>
         <load_address>0x11d46</load_address>
         <run_address>0x11d46</run_address>
         <size>0x10</size>
         <input_file_ref idref="fl-1a"/>
      </object_component>
      <object_component id="oc-765">
         <name>.text:usbGetProtocol</name>
         <load_address>0x11d56</load_address>
         <run_address>0x11d56</run_address>
         <size>0x10</size>
         <input_file_ref idref="fl-9"/>
      </object_component>
      <object_component id="oc-8aa">
         <name>.text:DMA_getInterruptStatus</name>
         <load_address>0x11d66</load_address>
         <run_address>0x11d66</run_address>
         <size>0xe</size>
         <input_file_ref idref="fl-1a"/>
      </object_component>
      <object_component id="oc-8a4">
         <name>.text:DMA_startTransfer</name>
         <load_address>0x11d74</load_address>
         <run_address>0x11d74</run_address>
         <size>0xe</size>
         <input_file_ref idref="fl-1a"/>
      </object_component>
      <object_component id="oc-565">
         <name>.text:strlen</name>
         <load_address>0x11d82</load_address>
         <run_address>0x11d82</run_address>
         <size>0xe</size>
         <input_file_ref idref="fl-87"/>
      </object_component>
      <object_component id="oc-824">
         <name>.text:usbSendZeroLengthPacketOnIEP0</name>
         <load_address>0x11d90</load_address>
         <run_address>0x11d90</run_address>
         <size>0xe</size>
         <input_file_ref idref="fl-6"/>
      </object_component>
      <object_component id="oc-898">
         <name>.text:DMA_setTransferSize</name>
         <load_address>0x11d9e</load_address>
         <run_address>0x11d9e</run_address>
         <size>0xc</size>
         <input_file_ref idref="fl-1a"/>
      </object_component>
      <object_component id="oc-49b">
         <name>.text:USB_handleResumeEvent</name>
         <load_address>0x11daa</load_address>
         <run_address>0x11daa</run_address>
         <size>0xa</size>
         <input_file_ref idref="fl-f"/>
      </object_component>
      <object_component id="oc-4a7">
         <name>.text:USB_handleSuspendEvent</name>
         <load_address>0x11db4</load_address>
         <run_address>0x11db4</run_address>
         <size>0xa</size>
         <input_file_ref idref="fl-f"/>
      </object_component>
      <object_component id="oc-419">
         <name>.text:_system_pre_init</name>
         <load_address>0x11dbe</load_address>
         <run_address>0x11dbe</run_address>
         <size>0xa</size>
         <input_file_ref idref="fl-4"/>
      </object_component>
      <object_component id="oc-69f">
         <name>.text</name>
         <load_address>0x11dc8</load_address>
         <run_address>0x11dc8</run_address>
         <size>0xa</size>
         <input_file_ref idref="fl-7a"/>
      </object_component>
      <object_component id="oc-6f0">
         <name>.text</name>
         <load_address>0x11dd2</load_address>
         <run_address>0x11dd2</run_address>
         <size>0xa</size>
         <input_file_ref idref="fl-7b"/>
      </object_component>
      <object_component id="oc-5ce">
         <name>.text:UCS_turnOffXT2</name>
         <load_address>0x11ddc</load_address>
         <run_address>0x11ddc</run_address>
         <size>0x8</size>
         <input_file_ref idref="fl-34"/>
      </object_component>
      <object_component id="oc-5f8">
         <name>.text:USBHID_handleSendCompleted</name>
         <load_address>0x11de4</load_address>
         <run_address>0x11de4</run_address>
         <size>0x8</size>
         <input_file_ref idref="fl-f"/>
      </object_component>
      <object_component id="oc-4bf">
         <name>.text:USB_handleVbusOffEvent</name>
         <load_address>0x11dec</load_address>
         <run_address>0x11dec</run_address>
         <size>0x8</size>
         <input_file_ref idref="fl-f"/>
      </object_component>
      <object_component id="oc-880">
         <name>.text:DMA_disableTransferDuringReadModifyWrite</name>
         <load_address>0x11df4</load_address>
         <run_address>0x11df4</run_address>
         <size>0x6</size>
         <input_file_ref idref="fl-1a"/>
      </object_component>
      <object_component id="oc-892">
         <name>.text:DMA_enableTransferDuringReadModifyWrite</name>
         <load_address>0x11dfa</load_address>
         <run_address>0x11dfa</run_address>
         <size>0x6</size>
         <input_file_ref idref="fl-1a"/>
      </object_component>
      <object_component id="oc-4f6">
         <name>.text:SFR_clearInterrupt</name>
         <load_address>0x11e00</load_address>
         <run_address>0x11e00</run_address>
         <size>0x6</size>
         <input_file_ref idref="fl-2d"/>
      </object_component>
      <object_component id="oc-4f0">
         <name>.text:UCS_clearFaultFlag</name>
         <load_address>0x11e06</load_address>
         <run_address>0x11e06</run_address>
         <size>0x6</size>
         <input_file_ref idref="fl-34"/>
      </object_component>
      <object_component id="oc-73d">
         <name>.text:USB_getVersion</name>
         <load_address>0x11e0c</load_address>
         <run_address>0x11e0c</run_address>
         <size>0x6</size>
         <input_file_ref idref="fl-6"/>
      </object_component>
      <object_component id="oc-441">
         <name>.text:abort</name>
         <load_address>0x11e12</load_address>
         <run_address>0x11e12</run_address>
         <size>0x6</size>
         <input_file_ref idref="fl-64"/>
      </object_component>
      <object_component id="oc-851">
         <name>.text:usbClearOEP0ByteCount</name>
         <load_address>0x11e18</load_address>
         <run_address>0x11e18</run_address>
         <size>0x6</size>
         <input_file_ref idref="fl-6"/>
      </object_component>
      <object_component id="oc-82d">
         <name>.text:USBHID_handleBootProtocol</name>
         <load_address>0x11e1e</load_address>
         <run_address>0x11e1e</run_address>
         <size>0x4</size>
         <input_file_ref idref="fl-f"/>
      </object_component>
      <object_component id="oc-489">
         <name>.text:USBHID_handleDataReceived</name>
         <load_address>0x11e22</load_address>
         <run_address>0x11e22</run_address>
         <size>0x4</size>
         <input_file_ref idref="fl-f"/>
      </object_component>
      <object_component id="oc-834">
         <name>.text:USBHID_handleEP0GetReport</name>
         <load_address>0x11e26</load_address>
         <run_address>0x11e26</run_address>
         <size>0x4</size>
         <input_file_ref idref="fl-f"/>
      </object_component>
      <object_component id="oc-83c">
         <name>.text:USBHID_handleEP0SetReport</name>
         <load_address>0x11e2a</load_address>
         <run_address>0x11e2a</run_address>
         <size>0x4</size>
         <input_file_ref idref="fl-f"/>
      </object_component>
      <object_component id="oc-608">
         <name>.text:USBHID_handleEP0SetReportDataAvailable</name>
         <load_address>0x11e2e</load_address>
         <run_address>0x11e2e</run_address>
         <size>0x4</size>
         <input_file_ref idref="fl-f"/>
      </object_component>
      <object_component id="oc-5bc">
         <name>.text:USBHID_handleReceiveCompleted</name>
         <load_address>0x11e32</load_address>
         <run_address>0x11e32</run_address>
         <size>0x4</size>
         <input_file_ref idref="fl-f"/>
      </object_component>
      <object_component id="oc-4d1">
         <name>.text:USB_handleClockEvent</name>
         <load_address>0x11e36</load_address>
         <run_address>0x11e36</run_address>
         <size>0x4</size>
         <input_file_ref idref="fl-f"/>
      </object_component>
      <object_component id="oc-86c">
         <name>.text:USB_handleEnumerationCompleteEvent</name>
         <load_address>0x11e3a</load_address>
         <run_address>0x11e3a</run_address>
         <size>0x4</size>
         <input_file_ref idref="fl-f"/>
      </object_component>
      <object_component id="oc-4b3">
         <name>.text:USB_handleResetEvent</name>
         <load_address>0x11e3e</load_address>
         <run_address>0x11e3e</run_address>
         <size>0x4</size>
         <input_file_ref idref="fl-f"/>
      </object_component>
      <object_component id="oc-50b">
         <name>.text:_system_post_cinit</name>
         <load_address>0x11e42</load_address>
         <run_address>0x11e42</run_address>
         <size>0x2</size>
         <input_file_ref idref="fl-8c"/>
      </object_component>
      <object_component id="oc-406">
         <name>.text:_isr:iUsbInterruptHandler</name>
         <load_address>0x4400</load_address>
         <run_address>0x4400</run_address>
         <size>0x11e</size>
         <input_file_ref idref="fl-10"/>
      </object_component>
      <object_component id="oc-400">
         <name>.text:_isr:Button1_ISR</name>
         <load_address>0x451e</load_address>
         <run_address>0x451e</run_address>
         <size>0x46</size>
         <input_file_ref idref="fl-2"/>
      </object_component>
      <object_component id="oc-40c">
         <name>.text:_isr:UNMI_ISR</name>
         <load_address>0x4564</load_address>
         <run_address>0x4564</run_address>
         <size>0x3e</size>
         <input_file_ref idref="fl-3"/>
      </object_component>
      <object_component id="oc-ad">
         <name>.text:_isr:_c_int00_noargs_noexit</name>
         <load_address>0x45a2</load_address>
         <run_address>0x45a2</run_address>
         <size>0x1a</size>
         <input_file_ref idref="fl-5c"/>
      </object_component>
      <object_component id="oc-3fb">
         <name>.text:_isr:__TI_ISR_TRAP</name>
         <load_address>0x45bc</load_address>
         <run_address>0x45bc</run_address>
         <size>0x8</size>
         <input_file_ref idref="fl-79"/>
      </object_component>
      <object_component id="oc-94c">
         <name>.cinit..data.load</name>
         <load_address>0x48ee</load_address>
         <run_address>0x48ee</run_address>
         <size>0x1c</size>
      </object_component>
      <object_component id="oc-949">
         <name>__TI_handler_table</name>
         <load_address>0x490a</load_address>
         <run_address>0x490a</run_address>
         <size>0xc</size>
      </object_component>
      <object_component id="oc-94b">
         <name>.cinit..bss.load</name>
         <load_address>0x4916</load_address>
         <run_address>0x4916</run_address>
         <size>0x6</size>
      </object_component>
      <object_component id="oc-94a">
         <name>__TI_cinit_table</name>
         <load_address>0x491c</load_address>
         <run_address>0x491c</run_address>
         <size>0x10</size>
      </object_component>
      <object_component id="oc-6ba">
         <name>.const:tUsbRequestList</name>
         <load_address>0x45c4</load_address>
         <run_address>0x45c4</run_address>
         <size>0x150</size>
         <input_file_ref idref="fl-11"/>
      </object_component>
      <object_component id="oc-863">
         <name>.const:.string:abromStringDescriptor</name>
         <load_address>0x4714</load_address>
         <run_address>0x4714</run_address>
         <size>0x84</size>
         <input_file_ref idref="fl-11"/>
      </object_component>
      <object_component id="oc-69c">
         <name>.const:.string:_asciimap</name>
         <load_address>0x4798</load_address>
         <run_address>0x4798</run_address>
         <size>0x80</size>
         <input_file_ref idref="fl-e"/>
      </object_component>
      <object_component id="oc-8c4">
         <name>.const:.string:report_desc_HID0</name>
         <load_address>0x4818</load_address>
         <run_address>0x4818</run_address>
         <size>0x3f</size>
         <input_file_ref idref="fl-11"/>
      </object_component>
      <object_component id="oc-857">
         <name>.const:abromConfigurationDescriptorGroup</name>
         <load_address>0x4857</load_address>
         <run_address>0x4857</run_address>
         <size>0x29</size>
         <input_file_ref idref="fl-11"/>
      </object_component>
      <object_component id="oc-6db">
         <name>.const:.string</name>
         <load_address>0x4880</load_address>
         <run_address>0x4880</run_address>
         <size>0x22</size>
         <input_file_ref idref="fl-6"/>
      </object_component>
      <object_component id="oc-585">
         <name>.const:GPIO_PORT_TO_BASE</name>
         <load_address>0x48a2</load_address>
         <run_address>0x48a2</run_address>
         <size>0x1c</size>
         <input_file_ref idref="fl-20"/>
      </object_component>
      <object_component id="oc-85e">
         <name>.const:.string:abromDeviceDescriptor</name>
         <load_address>0x48be</load_address>
         <run_address>0x48be</run_address>
         <size>0x12</size>
         <input_file_ref idref="fl-11"/>
      </object_component>
      <object_component id="oc-5b3">
         <name>.const:stUsbHandle</name>
         <load_address>0x48d0</load_address>
         <run_address>0x48d0</run_address>
         <size>0x10</size>
         <input_file_ref idref="fl-11"/>
      </object_component>
      <object_component id="oc-803">
         <name>.const:$P$T0$1</name>
         <load_address>0x48e0</load_address>
         <run_address>0x48e0</run_address>
         <size>0xa</size>
         <input_file_ref idref="fl-7"/>
      </object_component>
      <object_component id="oc-84a">
         <name>.const:report_desc_size</name>
         <load_address>0x48ea</load_address>
         <run_address>0x48ea</run_address>
         <size>0x2</size>
         <input_file_ref idref="fl-11"/>
      </object_component>
      <object_component id="oc-6b2">
         <name>.const:.string:report_len_input</name>
         <load_address>0x48ec</load_address>
         <run_address>0x48ec</run_address>
         <size>0x1</size>
         <input_file_ref idref="fl-11"/>
      </object_component>
      <object_component id="oc-8e3">
         <name>.binit</name>
         <load_address>0x4400</load_address>
         <run_address>0x4400</run_address>
         <size>0x0</size>
      </object_component>
      <object_component id="oc-79">
         <name>.int41</name>
         <load_address>0xffd2</load_address>
         <run_address>0xffd2</run_address>
         <size>0x2</size>
         <input_file_ref idref="fl-66"/>
      </object_component>
      <object_component id="oc-7a">
         <name>.int42</name>
         <load_address>0xffd4</load_address>
         <run_address>0xffd4</run_address>
         <size>0x2</size>
         <input_file_ref idref="fl-67"/>
      </object_component>
      <object_component id="oc-7b">
         <name>.int43</name>
         <load_address>0xffd6</load_address>
         <run_address>0xffd6</run_address>
         <size>0x2</size>
         <input_file_ref idref="fl-68"/>
      </object_component>
      <object_component id="oc-7c">
         <name>.int44</name>
         <load_address>0xffd8</load_address>
         <run_address>0xffd8</run_address>
         <size>0x2</size>
         <input_file_ref idref="fl-69"/>
      </object_component>
      <object_component id="oc-7d">
         <name>.int45</name>
         <load_address>0xffda</load_address>
         <run_address>0xffda</run_address>
         <size>0x2</size>
         <input_file_ref idref="fl-6a"/>
      </object_component>
      <object_component id="oc-7e">
         <name>.int46</name>
         <load_address>0xffdc</load_address>
         <run_address>0xffdc</run_address>
         <size>0x2</size>
         <input_file_ref idref="fl-6b"/>
      </object_component>
      <object_component id="oc-7f">
         <name>.int47</name>
         <load_address>0xffde</load_address>
         <run_address>0xffde</run_address>
         <size>0x2</size>
         <input_file_ref idref="fl-2"/>
      </object_component>
      <object_component id="oc-80">
         <name>.int48</name>
         <load_address>0xffe0</load_address>
         <run_address>0xffe0</run_address>
         <size>0x2</size>
         <input_file_ref idref="fl-6c"/>
      </object_component>
      <object_component id="oc-81">
         <name>.int49</name>
         <load_address>0xffe2</load_address>
         <run_address>0xffe2</run_address>
         <size>0x2</size>
         <input_file_ref idref="fl-6d"/>
      </object_component>
      <object_component id="oc-82">
         <name>.int50</name>
         <load_address>0xffe4</load_address>
         <run_address>0xffe4</run_address>
         <size>0x2</size>
         <input_file_ref idref="fl-6e"/>
      </object_component>
      <object_component id="oc-83">
         <name>.int51</name>
         <load_address>0xffe6</load_address>
         <run_address>0xffe6</run_address>
         <size>0x2</size>
         <input_file_ref idref="fl-10"/>
      </object_component>
      <object_component id="oc-84">
         <name>.int52</name>
         <load_address>0xffe8</load_address>
         <run_address>0xffe8</run_address>
         <size>0x2</size>
         <input_file_ref idref="fl-6f"/>
      </object_component>
      <object_component id="oc-85">
         <name>.int53</name>
         <load_address>0xffea</load_address>
         <run_address>0xffea</run_address>
         <size>0x2</size>
         <input_file_ref idref="fl-70"/>
      </object_component>
      <object_component id="oc-86">
         <name>.int54</name>
         <load_address>0xffec</load_address>
         <run_address>0xffec</run_address>
         <size>0x2</size>
         <input_file_ref idref="fl-71"/>
      </object_component>
      <object_component id="oc-87">
         <name>.int55</name>
         <load_address>0xffee</load_address>
         <run_address>0xffee</run_address>
         <size>0x2</size>
         <input_file_ref idref="fl-72"/>
      </object_component>
      <object_component id="oc-88">
         <name>.int56</name>
         <load_address>0xfff0</load_address>
         <run_address>0xfff0</run_address>
         <size>0x2</size>
         <input_file_ref idref="fl-73"/>
      </object_component>
      <object_component id="oc-89">
         <name>.int57</name>
         <load_address>0xfff2</load_address>
         <run_address>0xfff2</run_address>
         <size>0x2</size>
         <input_file_ref idref="fl-74"/>
      </object_component>
      <object_component id="oc-8a">
         <name>.int58</name>
         <load_address>0xfff4</load_address>
         <run_address>0xfff4</run_address>
         <size>0x2</size>
         <input_file_ref idref="fl-75"/>
      </object_component>
      <object_component id="oc-8b">
         <name>.int59</name>
         <load_address>0xfff6</load_address>
         <run_address>0xfff6</run_address>
         <size>0x2</size>
         <input_file_ref idref="fl-76"/>
      </object_component>
      <object_component id="oc-8c">
         <name>.int60</name>
         <load_address>0xfff8</load_address>
         <run_address>0xfff8</run_address>
         <size>0x2</size>
         <input_file_ref idref="fl-77"/>
      </object_component>
      <object_component id="oc-8d">
         <name>.int61</name>
         <load_address>0xfffa</load_address>
         <run_address>0xfffa</run_address>
         <size>0x2</size>
         <input_file_ref idref="fl-3"/>
      </object_component>
      <object_component id="oc-8e">
         <name>.int62</name>
         <load_address>0xfffc</load_address>
         <run_address>0xfffc</run_address>
         <size>0x2</size>
         <input_file_ref idref="fl-78"/>
      </object_component>
      <object_component id="oc-3e2">
         <name>.reset</name>
         <load_address>0xfffe</load_address>
         <run_address>0xfffe</run_address>
         <size>0x2</size>
         <input_file_ref idref="fl-5b"/>
      </object_component>
      <object_component id="oc-677">
         <name>.debug_info</name>
         <load_address>0x0</load_address>
         <run_address>0x0</run_address>
         <size>0x4e2</size>
         <input_file_ref idref="fl-2"/>
      </object_component>
      <object_component id="oc-539">
         <name>.debug_info</name>
         <load_address>0x4e2</load_address>
         <run_address>0x4e2</run_address>
         <size>0x24e</size>
         <input_file_ref idref="fl-2"/>
      </object_component>
      <object_component id="oc-53f">
         <name>.debug_info</name>
         <load_address>0x730</load_address>
         <run_address>0x730</run_address>
         <size>0x1ca</size>
         <input_file_ref idref="fl-2"/>
      </object_component>
      <object_component id="oc-545">
         <name>.debug_info</name>
         <load_address>0x8fa</load_address>
         <run_address>0x8fa</run_address>
         <size>0x1f4</size>
         <input_file_ref idref="fl-2"/>
      </object_component>
      <object_component id="oc-401">
         <name>.debug_info</name>
         <load_address>0xaee</load_address>
         <run_address>0xaee</run_address>
         <size>0x17b</size>
         <input_file_ref idref="fl-2"/>
      </object_component>
      <object_component id="oc-5a3">
         <name>.debug_info</name>
         <load_address>0xc69</load_address>
         <run_address>0xc69</run_address>
         <size>0x1da</size>
         <input_file_ref idref="fl-2"/>
      </object_component>
      <object_component id="oc-6fe">
         <name>.debug_info</name>
         <load_address>0xe43</load_address>
         <run_address>0xe43</run_address>
         <size>0xb2</size>
         <input_file_ref idref="fl-2"/>
      </object_component>
      <object_component id="oc-580">
         <name>.debug_info</name>
         <load_address>0xef5</load_address>
         <run_address>0xef5</run_address>
         <size>0x8b</size>
         <input_file_ref idref="fl-2"/>
      </object_component>
      <object_component id="oc-500">
         <name>.debug_info</name>
         <load_address>0xf80</load_address>
         <run_address>0xf80</run_address>
         <size>0x18b</size>
         <input_file_ref idref="fl-2"/>
      </object_component>
      <object_component id="oc-5ad">
         <name>.debug_info</name>
         <load_address>0x110b</load_address>
         <run_address>0x110b</run_address>
         <size>0xb2d</size>
         <input_file_ref idref="fl-2"/>
      </object_component>
      <object_component id="oc-56c">
         <name>.debug_info</name>
         <load_address>0x1c38</load_address>
         <run_address>0x1c38</run_address>
         <size>0x5f6</size>
         <input_file_ref idref="fl-3"/>
      </object_component>
      <object_component id="oc-471">
         <name>.debug_info</name>
         <load_address>0x222e</load_address>
         <run_address>0x222e</run_address>
         <size>0x145</size>
         <input_file_ref idref="fl-3"/>
      </object_component>
      <object_component id="oc-563">
         <name>.debug_info</name>
         <load_address>0x2373</load_address>
         <run_address>0x2373</run_address>
         <size>0xe1</size>
         <input_file_ref idref="fl-3"/>
      </object_component>
      <object_component id="oc-43a">
         <name>.debug_info</name>
         <load_address>0x2454</load_address>
         <run_address>0x2454</run_address>
         <size>0x23a</size>
         <input_file_ref idref="fl-3"/>
      </object_component>
      <object_component id="oc-40d">
         <name>.debug_info</name>
         <load_address>0x268e</load_address>
         <run_address>0x268e</run_address>
         <size>0x165</size>
         <input_file_ref idref="fl-3"/>
      </object_component>
      <object_component id="oc-72c">
         <name>.debug_info</name>
         <load_address>0x27f3</load_address>
         <run_address>0x27f3</run_address>
         <size>0xb1</size>
         <input_file_ref idref="fl-3"/>
      </object_component>
      <object_component id="oc-457">
         <name>.debug_info</name>
         <load_address>0x28a4</load_address>
         <run_address>0x28a4</run_address>
         <size>0x2c</size>
         <input_file_ref idref="fl-3"/>
      </object_component>
      <object_component id="oc-41b">
         <name>.debug_info</name>
         <load_address>0x28d0</load_address>
         <run_address>0x28d0</run_address>
         <size>0x13c</size>
         <input_file_ref idref="fl-4"/>
      </object_component>
      <object_component id="oc-3e9">
         <name>.debug_info</name>
         <load_address>0x2a0c</load_address>
         <run_address>0x2a0c</run_address>
         <size>0x84</size>
         <input_file_ref idref="fl-4"/>
      </object_component>
      <object_component id="oc-487">
         <name>.debug_info</name>
         <load_address>0x2a90</load_address>
         <run_address>0x2a90</run_address>
         <size>0xbb0</size>
         <input_file_ref idref="fl-6"/>
      </object_component>
      <object_component id="oc-5d7">
         <name>.debug_info</name>
         <load_address>0x3640</load_address>
         <run_address>0x3640</run_address>
         <size>0x1fa</size>
         <input_file_ref idref="fl-6"/>
      </object_component>
      <object_component id="oc-5ca">
         <name>.debug_info</name>
         <load_address>0x383a</load_address>
         <run_address>0x383a</run_address>
         <size>0x1a2</size>
         <input_file_ref idref="fl-6"/>
      </object_component>
      <object_component id="oc-825">
         <name>.debug_info</name>
         <load_address>0x39dc</load_address>
[...]
      <symbol id="sm-6f5">
         <name>_asciimap</name>
         <value>0x4798</value>
         <object_component_ref idref="oc-69c"/>
      </symbol>
      <symbol id="sm-6f6">
         <name>Keyboard_press</name>
         <value>0x10908</value>
         <object_component_ref idref="oc-56e"/>
      </symbol>
      <symbol id="sm-6f7">
         <name>Keyboard_release</name>
         <value>0x10f88</value>
         <object_component_ref idref="oc-556"/>
      </symbol>
      <symbol id="sm-75f">
         <name>USBHID_handleDataReceived</name>
         <value>0x11e22</value>
         <object_component_ref idref="oc-489"/>
      </symbol>
      <symbol id="sm-760">
         <name>USB_handleSuspendEvent</name>
         <value>0x11db4</value>
         <object_component_ref idref="oc-4a7"/>
      </symbol>
      <symbol id="sm-761">
         <name>USBHID_handleEP0GetReport</name>
         <value>0x11e26</value>
         <object_component_ref idref="oc-834"/>
      </symbol>
      <symbol id="sm-762">
         <name>USB_handleVbusOnEvent</name>
         <value>0x11bd4</value>
         <object_component_ref idref="oc-4cb"/>
      </symbol>
      <symbol id="sm-763">
         <name>USBHID_handleEP0SetReportDataAvailable</name>
         <value>0x11e2e</value>
         <object_component_ref idref="oc-608"/>
      </symbol>
      <symbol id="sm-764">
         <name>USBHID_handleBootProtocol</name>
         <value>0x11e1e</value>
         <object_component_ref idref="oc-82d"/>
      </symbol>
      <symbol id="sm-765">
         <name>USB_handleEnumerationCompleteEvent</name>
         <value>0x11e3a</value>
         <object_component_ref idref="oc-86c"/>
      </symbol>
      <symbol id="sm-766">
         <name>USB_handleResetEvent</name>
         <value>0x11e3e</value>
         <object_component_ref idref="oc-4b3"/>
      </symbol>
      <symbol id="sm-767">
         <name>USBHID_handleSendCompleted</name>
         <value>0x11de4</value>
         <object_component_ref idref="oc-5f8"/>
      </symbol>
      <symbol id="sm-768">
         <name>USBHID_handleEP0SetReport</name>
         <value>0x11e2a</value>
         <object_component_ref idref="oc-83c"/>
      </symbol>
      <symbol id="sm-769">
         <name>USB_handleVbusOffEvent</name>
         <value>0x11dec</value>
         <object_component_ref idref="oc-4bf"/>
      </symbol>
      <symbol id="sm-76a">
         <name>USB_handleResumeEvent</name>
         <value>0x11daa</value>
         <object_component_ref idref="oc-49b"/>
      </symbol>
      <symbol id="sm-76b">
         <name>USB_handleClockEvent</name>
         <value>0x11e36</value>
         <object_component_ref idref="oc-4d1"/>
      </symbol>
      <symbol id="sm-76c">
         <name>USBHID_handleReceiveCompleted</name>
         <value>0x11e32</value>
         <object_component_ref idref="oc-5bc"/>
      </symbol>
      <symbol id="sm-7c1">
         <name>IEP0InterruptHandler</name>
         <value>0x11b68</value>
         <object_component_ref idref="oc-4e3"/>
      </symbol>
      <symbol id="sm-7c2">
         <name>OEP0InterruptHandler</name>
         <value>0x1166c</value>
         <object_component_ref idref="oc-4dd"/>
      </symbol>
      <symbol id="sm-7c3">
         <name>__TI_int51</name>
         <value>0xffe6</value>
         <object_component_ref idref="oc-83"/>
      </symbol>
      <symbol id="sm-7c4">
         <name>PWRVBUSonHandler</name>
         <value>0x111fa</value>
         <object_component_ref idref="oc-4c5"/>
      </symbol>
      <symbol id="sm-7c5">
         <name>SetupPacketInterruptHandler</name>
         <value>0x11494</value>
         <object_component_ref idref="oc-47a"/>
      </symbol>
      <symbol id="sm-7c6">
         <name>PWRVBUSoffHandler</name>
         <value>0x10ff8</value>
         <object_component_ref idref="oc-4b9"/>
      </symbol>
      <symbol id="sm-7c7">
         <name>iUsbInterruptHandler</name>
         <value>0x4400</value>
         <object_component_ref idref="oc-406"/>
      </symbol>
      <symbol id="sm-7f9">
         <name>abromConfigurationDescriptorGroup</name>
         <value>0x4857</value>
         <object_component_ref idref="oc-857"/>
      </symbol>
      <symbol id="sm-7fa">
         <name>tUsbRequestList</name>
         <value>0x45c4</value>
         <object_component_ref idref="oc-6ba"/>
      </symbol>
      <symbol id="sm-7fb">
         <name>abromDeviceDescriptor</name>
         <value>0x48be</value>
         <object_component_ref idref="oc-85e"/>
      </symbol>
      <symbol id="sm-7fc">
         <name>report_desc</name>
         <value>0x2488</value>
         <object_component_ref idref="oc-84d"/>
      </symbol>
      <symbol id="sm-7fd">
         <name>abromStringDescriptor</name>
         <value>0x4714</value>
         <object_component_ref idref="oc-863"/>
      </symbol>
      <symbol id="sm-7fe">
         <name>report_desc_HID0</name>
         <value>0x4818</value>
         <object_component_ref idref="oc-8c4"/>
      </symbol>
      <symbol id="sm-7ff">
         <name>report_desc_size</name>
         <value>0x48ea</value>
         <object_component_ref idref="oc-84a"/>
      </symbol>
      <symbol id="sm-800">
         <name>report_len_input</name>
         <value>0x48ec</value>
         <object_component_ref idref="oc-6b2"/>
      </symbol>
      <symbol id="sm-801">
         <name>stUsbHandle</name>
         <value>0x48d0</value>
         <object_component_ref idref="oc-5b3"/>
      </symbol>
      <symbol id="sm-856">
         <name>DMA_setSrcAddress</name>
         <value>0x118de</value>
         <object_component_ref idref="oc-886"/>
      </symbol>
      <symbol id="sm-857">
         <name>DMA_disableTransferDuringReadModifyWrite</name>
         <value>0x11df4</value>
         <object_component_ref idref="oc-880"/>
      </symbol>
      <symbol id="sm-858">
         <name>DMA_setDstAddress</name>
         <value>0x11866</value>
         <object_component_ref idref="oc-88c"/>
      </symbol>
      <symbol id="sm-859">
         <name>DMA_enableTransfers</name>
         <value>0x11d46</value>
         <object_component_ref idref="oc-89e"/>
      </symbol>
      <symbol id="sm-85a">
         <name>DMA_disableTransfers</name>
         <value>0x11d36</value>
         <object_component_ref idref="oc-8b0"/>
      </symbol>
      <symbol id="sm-85b">
         <name>DMA_startTransfer</name>
         <value>0x11d74</value>
         <object_component_ref idref="oc-8a4"/>
      </symbol>
      <symbol id="sm-85c">
         <name>DMA_setTransferSize</name>
         <value>0x11d9e</value>
         <object_component_ref idref="oc-898"/>
      </symbol>
      <symbol id="sm-85d">
         <name>DMA_getInterruptStatus</name>
         <value>0x11d66</value>
         <object_component_ref idref="oc-8aa"/>
      </symbol>
      <symbol id="sm-85e">
         <name>DMA_enableTransferDuringReadModifyWrite</name>
         <value>0x11dfa</value>
         <object_component_ref idref="oc-892"/>
      </symbol>
      <symbol id="sm-85f">
         <name>DMA_init</name>
         <value>0x11198</value>
         <object_component_ref idref="oc-80c"/>
      </symbol>
      <symbol id="sm-8b9">
         <name>GPIO_clearInterrupt</name>
         <value>0x11a7e</value>
         <object_component_ref idref="oc-473"/>
      </symbol>
      <symbol id="sm-8ba">
         <name>GPIO_setOutputHighOnPin</name>
         <value>0x11b30</value>
         <object_component_ref idref="oc-678"/>
      </symbol>
      <symbol id="sm-8bb">
         <name>GPIO_setAsInputPinWithPullUpResistor</name>
         <value>0x1156e</value>
         <object_component_ref idref="oc-67e"/>
      </symbol>
      <symbol id="sm-8bc">
         <name>GPIO_getInterruptStatus</name>
         <value>0x1192a</value>
         <object_component_ref idref="oc-464"/>
      </symbol>
      <symbol id="sm-8bd">
         <name>GPIO_enableInterrupt</name>
         <value>0x11a9c</value>
         <object_component_ref idref="oc-684"/>
      </symbol>
      <symbol id="sm-8be">
         <name>GPIO_setAsOutputPin</name>
         <value>0x1188e</value>
         <object_component_ref idref="oc-653"/>
      </symbol>
      <symbol id="sm-8bf">
         <name>GPIO_setOutputLowOnPin</name>
         <value>0x11b4c</value>
         <object_component_ref idref="oc-659"/>
      </symbol>
      <symbol id="sm-8c0">
         <name>GPIO_setAsPeripheralModuleFunctionOutputPin</name>
         <value>0x118b6</value>
         <object_component_ref idref="oc-6ce"/>
      </symbol>
      <symbol id="sm-8c1">
         <name>GPIO_getInputPinValue</name>
         <value>0x11b14</value>
         <object_component_ref idref="oc-46a"/>
      </symbol>
      <symbol id="sm-8ef">
         <name>PMM_setVCore</name>
         <value>0x1144a</value>
         <object_component_ref idref="oc-532"/>
      </symbol>
      <symbol id="sm-8f0">
         <name>PMM_setVCoreDown</name>
         <value>0x10bfe</value>
         <object_component_ref idref="oc-646"/>
      </symbol>
      <symbol id="sm-8f1">
         <name>PMM_setVCoreUp</name>
         <value>0x10616</value>
         <object_component_ref idref="oc-64c"/>
      </symbol>
      <symbol id="sm-903">
         <name>SFR_clearInterrupt</name>
         <value>0x11e00</value>
         <object_component_ref idref="oc-4f6"/>
      </symbol>
      <symbol id="sm-91b">
         <name>TLV_getInfo</name>
         <value>0x113b2</value>
         <object_component_ref idref="oc-7fc"/>
      </symbol>
      <symbol id="sm-968">
         <name>UCS_initClockSignal</name>
         <value>0x10c92</value>
         <object_component_ref idref="oc-660"/>
      </symbol>
      <symbol id="sm-969">
         <name>UCS_initFLLSettle</name>
         <value>0x1174c</value>
         <object_component_ref idref="oc-670"/>
      </symbol>
      <symbol id="sm-96a">
         <name>UCS_clearFaultFlag</name>
         <value>0x11e06</value>
         <object_component_ref idref="oc-4f0"/>
      </symbol>
      <symbol id="sm-96b">
         <name>UCS_initFLL</name>
         <value>0x10534</value>
         <object_component_ref idref="oc-71e"/>
      </symbol>
      <symbol id="sm-96c">
         <name>UCS_turnOffXT2</name>
         <value>0x11ddc</value>
         <object_component_ref idref="oc-5ce"/>
      </symbol>
      <symbol id="sm-96d">
         <name>UCS_turnOnXT2WithTimeout</name>
         <value>0x115b0</value>
         <object_component_ref idref="oc-6d4"/>
      </symbol>
      <symbol id="sm-97a">
         <name>WDT_A_hold</name>
         <value>0x11bee</value>
         <object_component_ref idref="oc-52c"/>
      </symbol>
      <symbol id="sm-982">
         <name>_stack</name>
         <value>0x4360</value>
         <object_component_ref idref="oc-3df"/>
      </symbol>
      <symbol id="sm-983">
         <name>_reset_vector</name>
         <value>0xfffe</value>
         <object_component_ref idref="oc-3e2"/>
      </symbol>
      <symbol id="sm-98d">
         <name>_c_int00_noargs_noexit</name>
         <value>0x45a2</value>
         <object_component_ref idref="oc-ad"/>
      </symbol>
      <symbol id="sm-9ab">
         <name>__TI_decompress_lzss</name>
         <value>0x10e9e</value>
         <object_component_ref idref="oc-6d"/>
      </symbol>
      <symbol id="sm-9c1">
         <name>__TI_decompress_none</name>
         <value>0x11d12</value>
         <object_component_ref idref="oc-73"/>
      </symbol>
      <symbol id="sm-9d4">
         <name>__TI_zero_init</name>
         <value>0x1194e</value>
         <object_component_ref idref="oc-8f"/>
      </symbol>
      <symbol id="sm-9df">
         <name>__mspabi_remu</name>
         <value>0x11c80</value>
         <object_component_ref idref="oc-6eb"/>
      </symbol>
      <symbol id="sm-9e0">
         <name>__mspabi_divu</name>
         <value>0x11c80</value>
         <object_component_ref idref="oc-6eb"/>
      </symbol>
      <symbol id="sm-9ef">
         <name>__mspabi_remul</name>
         <value>0x112b8</value>
         <object_component_ref idref="oc-666"/>
      </symbol>
      <symbol id="sm-9f0">
         <name>__mspabi_divul</name>
         <value>0x112b8</value>
         <object_component_ref idref="oc-666"/>
      </symbol>
      <symbol id="sm-9fa">
         <name>C$$EXIT</name>
         <value>0x11e12</value>
         <object_component_ref idref="oc-441"/>
      </symbol>
      <symbol id="sm-9fb">
         <name>abort</name>
         <value>0x11e12</value>
         <object_component_ref idref="oc-441"/>
      </symbol>
      <symbol id="sm-9ff">
         <name>__TI_int41</name>
         <value>0xffd2</value>
         <object_component_ref idref="oc-79"/>
      </symbol>
      <symbol id="sm-a02">
         <name>__TI_int42</name>
         <value>0xffd4</value>
         <object_component_ref idref="oc-7a"/>
      </symbol>
      <symbol id="sm-a05">
         <name>__TI_int43</name>
         <value>0xffd6</value>
         <object_component_ref idref="oc-7b"/>
      </symbol>
      <symbol id="sm-a08">
         <name>__TI_int44</name>
         <value>0xffd8</value>
         <object_component_ref idref="oc-7c"/>
      </symbol>
      <symbol id="sm-a0b">
         <name>__TI_int45</name>
         <value>0xffda</value>
         <object_component_ref idref="oc-7d"/>
      </symbol>
      <symbol id="sm-a0e">
         <name>__TI_int46</name>
         <value>0xffdc</value>
         <object_component_ref idref="oc-7e"/>
      </symbol>
      <symbol id="sm-a11">
         <name>__TI_int48</name>
         <value>0xffe0</value>
         <object_component_ref idref="oc-80"/>
      </symbol>
      <symbol id="sm-a14">
         <name>__TI_int49</name>
         <value>0xffe2</value>
         <object_component_ref idref="oc-81"/>
      </symbol>
      <symbol id="sm-a17">
         <name>__TI_int50</name>
         <value>0xffe4</value>
         <object_component_ref idref="oc-82"/>
      </symbol>
      <symbol id="sm-a1a">
         <name>__TI_int52</name>
         <value>0xffe8</value>
         <object_component_ref idref="oc-84"/>
      </symbol>
      <symbol id="sm-a1d">
         <name>__TI_int53</name>
         <value>0xffea</value>
         <object_component_ref idref="oc-85"/>
      </symbol>
      <symbol id="sm-a20">
         <name>__TI_int54</name>
         <value>0xffec</value>
         <object_component_ref idref="oc-86"/>
      </symbol>
      <symbol id="sm-a23">
         <name>__TI_int55</name>
         <value>0xffee</value>
         <object_component_ref idref="oc-87"/>
      </symbol>
      <symbol id="sm-a26">
         <name>__TI_int56</name>
         <value>0xfff0</value>
         <object_component_ref idref="oc-88"/>
      </symbol>
      <symbol id="sm-a29">
         <name>__TI_int57</name>
         <value>0xfff2</value>
         <object_component_ref idref="oc-89"/>
      </symbol>
      <symbol id="sm-a2c">
         <name>__TI_int58</name>
         <value>0xfff4</value>
         <object_component_ref idref="oc-8a"/>
      </symbol>
      <symbol id="sm-a2f">
         <name>__TI_int59</name>
         <value>0xfff6</value>
         <object_component_ref idref="oc-8b"/>
      </symbol>
      <symbol id="sm-a32">
         <name>__TI_int60</name>
         <value>0xfff8</value>
         <object_component_ref idref="oc-8c"/>
      </symbol>
      <symbol id="sm-a35">
         <name>__TI_int62</name>
         <value>0xfffc</value>
         <object_component_ref idref="oc-8e"/>
      </symbol>
      <symbol id="sm-a3d">
         <name>__TI_ISR_TRAP</name>
         <value>0x45bc</value>
         <object_component_ref idref="oc-3fb"/>
      </symbol>
      <symbol id="sm-a46">
         <name>__mspabi_slli</name>
         <value>0x11dc8</value>
         <object_component_ref idref="oc-69f"/>
      </symbol>
      <symbol id="sm-a4f">
         <name>__mspabi_srli</name>
         <value>0x11dd2</value>
         <object_component_ref idref="oc-6f0"/>
      </symbol>
      <symbol id="sm-a57">
         <name>__mspabi_srll_8</name>
         <value>0x1164a</value>
         <object_component_ref idref="oc-66b"/>
      </symbol>
      <symbol id="sm-a58">
         <name>__mspabi_srll_9</name>
         <value>0x11646</value>
         <object_component_ref idref="oc-66b"/>
      </symbol>
      <symbol id="sm-a59">
         <name>__mspabi_srll_6</name>
         <value>0x11652</value>
         <object_component_ref idref="oc-66b"/>
      </symbol>
      <symbol id="sm-a5a">
         <name>__mspabi_srll_7</name>
         <value>0x1164e</value>
         <object_component_ref idref="oc-66b"/>
      </symbol>
      <symbol id="sm-a5b">
         <name>__mspabi_srll_4</name>
         <value>0x1165a</value>
         <object_component_ref idref="oc-66b"/>
      </symbol>
      <symbol id="sm-a5c">
         <name>__mspabi_srll_5</name>
         <value>0x11656</value>
         <object_component_ref idref="oc-66b"/>
      </symbol>
      <symbol id="sm-a5d">
         <name>__mspabi_srll_2</name>
         <value>0x11662</value>
         <object_component_ref idref="oc-66b"/>
      </symbol>
      <symbol id="sm-a5e">
         <name>__mspabi_srll_3</name>
         <value>0x1165e</value>
         <object_component_ref idref="oc-66b"/>
      </symbol>
      <symbol id="sm-a5f">
         <name>__mspabi_srll_1</name>
         <value>0x11666</value>
         <object_component_ref idref="oc-66b"/>
      </symbol>
      <symbol id="sm-a60">
         <name>__mspabi_srll_15</name>
         <value>0x1162e</value>
         <object_component_ref idref="oc-66b"/>
      </symbol>
      <symbol id="sm-a61">
         <name>__mspabi_srll_14</name>
         <value>0x11632</value>
         <object_component_ref idref="oc-66b"/>
      </symbol>
      <symbol id="sm-a62">
         <name>__mspabi_srll_13</name>
         <value>0x11636</value>
         <object_component_ref idref="oc-66b"/>
      </symbol>
      <symbol id="sm-a63">
         <name>__mspabi_srll_12</name>
         <value>0x1163a</value>
         <object_component_ref idref="oc-66b"/>
      </symbol>
      <symbol id="sm-a64">
         <name>__mspabi_srll_11</name>
         <value>0x1163e</value>
         <object_component_ref idref="oc-66b"/>
      </symbol>
      <symbol id="sm-a65">
         <name>__mspabi_srll_10</name>
         <value>0x11642</value>
         <object_component_ref idref="oc-66b"/>
      </symbol>
      <symbol id="sm-a73">
         <name>memcpy</name>
         <value>0x11cd6</value>
         <object_component_ref idref="oc-3ee"/>
      </symbol>
      <symbol id="sm-a81">
         <name>memset</name>
         <value>0x11c6a</value>
         <object_component_ref idref="oc-6e1"/>
      </symbol>
      <symbol id="sm-a8c">
         <name>__mspabi_mpyi_f5hw</name>
         <value>0x11c3a</value>
         <object_component_ref idref="oc-597"/>
      </symbol>
      <symbol id="sm-a9d">
         <name>strlen</name>
         <value>0x11d82</value>
         <object_component_ref idref="oc-565"/>
      </symbol>
      <symbol id="sm-ac1">
         <name>_auto_init_hold_wdt</name>
         <value>0x10da6</value>
         <object_component_ref idref="oc-41f"/>
      </symbol>
      <symbol id="sm-ad7">
         <name>copy_in</name>
         <value>0x110d0</value>
         <object_component_ref idref="oc-505"/>
      </symbol>
      <symbol id="sm-ae0">
         <name>_system_post_cinit</name>
         <value>0x11e42</value>
         <object_component_ref idref="oc-50b"/>
      </symbol>
      <symbol id="sm-ae2">
         <name>__TI_BINIT_Base</name>
         <value>0x0</value>
      </symbol>
      <symbol id="sm-ae3">
         <name>__TI_BINIT_Limit</name>
         <value>0x0</value>
      </symbol>
      <symbol id="sm-ae4">
         <name>__TI_INITARRAY_Base</name>
         <value>0x0</value>
      </symbol>
      <symbol id="sm-ae5">
         <name>__TI_INITARRAY_Limit</name>
         <value>0x0</value>
      </symbol>
   </symbol_table>
   <title>Link successful</title>
</link_info>
